Archive member included to satisfy reference by file (symbol)

F:\ITI\Graduation\Digital-Hearing-Aid-STM32\I2S_Configuration_3\Middlewares\ST\STM32_Audio\Addons\PDM\Lib/libPDMFilter_CM4_GCC_wc32.a(pdm_filter.o)
                              Src/main.o (PDM_Filter_Init)
F:\ITI\Graduation\Digital-Hearing-Aid-STM32\I2S_Configuration_3\Middlewares\ST\STM32_Audio\Addons\PDM\Lib/libPDMFilter_CM4_GCC_wc32.a(stm32_crc_lock.o)
                              F:\ITI\Graduation\Digital-Hearing-Aid-STM32\I2S_Configuration_3\Middlewares\ST\STM32_Audio\Addons\PDM\Lib/libPDMFilter_CM4_GCC_wc32.a(pdm_filter.o) (CRC_Lock)
f:/programs/eclipse/eclipse-oxygen/plugins/fr.ac6.mcu.externaltools.arm-none.win32_1.17.0.201812190825/tools/compiler/bin/../lib/gcc/arm-none-eabi/7.3.1/../../../../arm-none-eabi/lib/thumb/v7e-m/fpv4-sp/hard\libm.a(lib_a-sf_round.o)
                              F:\ITI\Graduation\Digital-Hearing-Aid-STM32\I2S_Configuration_3\Middlewares\ST\STM32_Audio\Addons\PDM\Lib/libPDMFilter_CM4_GCC_wc32.a(pdm_filter.o) (roundf)
f:/programs/eclipse/eclipse-oxygen/plugins/fr.ac6.mcu.externaltools.arm-none.win32_1.17.0.201812190825/tools/compiler/bin/../lib/gcc/arm-none-eabi/7.3.1/../../../../arm-none-eabi/lib/thumb/v7e-m/fpv4-sp/hard\libm.a(lib_a-wf_pow.o)
                              F:\ITI\Graduation\Digital-Hearing-Aid-STM32\I2S_Configuration_3\Middlewares\ST\STM32_Audio\Addons\PDM\Lib/libPDMFilter_CM4_GCC_wc32.a(pdm_filter.o) (powf)
f:/programs/eclipse/eclipse-oxygen/plugins/fr.ac6.mcu.externaltools.arm-none.win32_1.17.0.201812190825/tools/compiler/bin/../lib/gcc/arm-none-eabi/7.3.1/../../../../arm-none-eabi/lib/thumb/v7e-m/fpv4-sp/hard\libm.a(lib_a-ef_pow.o)
                              f:/programs/eclipse/eclipse-oxygen/plugins/fr.ac6.mcu.externaltools.arm-none.win32_1.17.0.201812190825/tools/compiler/bin/../lib/gcc/arm-none-eabi/7.3.1/../../../../arm-none-eabi/lib/thumb/v7e-m/fpv4-sp/hard\libm.a(lib_a-wf_pow.o) (__ieee754_powf)
f:/programs/eclipse/eclipse-oxygen/plugins/fr.ac6.mcu.externaltools.arm-none.win32_1.17.0.201812190825/tools/compiler/bin/../lib/gcc/arm-none-eabi/7.3.1/../../../../arm-none-eabi/lib/thumb/v7e-m/fpv4-sp/hard\libm.a(lib_a-ef_sqrt.o)
                              f:/programs/eclipse/eclipse-oxygen/plugins/fr.ac6.mcu.externaltools.arm-none.win32_1.17.0.201812190825/tools/compiler/bin/../lib/gcc/arm-none-eabi/7.3.1/../../../../arm-none-eabi/lib/thumb/v7e-m/fpv4-sp/hard\libm.a(lib_a-ef_pow.o) (__ieee754_sqrtf)
f:/programs/eclipse/eclipse-oxygen/plugins/fr.ac6.mcu.externaltools.arm-none.win32_1.17.0.201812190825/tools/compiler/bin/../lib/gcc/arm-none-eabi/7.3.1/../../../../arm-none-eabi/lib/thumb/v7e-m/fpv4-sp/hard\libm.a(lib_a-s_lib_ver.o)
                              f:/programs/eclipse/eclipse-oxygen/plugins/fr.ac6.mcu.externaltools.arm-none.win32_1.17.0.201812190825/tools/compiler/bin/../lib/gcc/arm-none-eabi/7.3.1/../../../../arm-none-eabi/lib/thumb/v7e-m/fpv4-sp/hard\libm.a(lib_a-wf_pow.o) (__fdlib_version)
f:/programs/eclipse/eclipse-oxygen/plugins/fr.ac6.mcu.externaltools.arm-none.win32_1.17.0.201812190825/tools/compiler/bin/../lib/gcc/arm-none-eabi/7.3.1/../../../../arm-none-eabi/lib/thumb/v7e-m/fpv4-sp/hard\libm.a(lib_a-s_matherr.o)
                              f:/programs/eclipse/eclipse-oxygen/plugins/fr.ac6.mcu.externaltools.arm-none.win32_1.17.0.201812190825/tools/compiler/bin/../lib/gcc/arm-none-eabi/7.3.1/../../../../arm-none-eabi/lib/thumb/v7e-m/fpv4-sp/hard\libm.a(lib_a-wf_pow.o) (matherr)
f:/programs/eclipse/eclipse-oxygen/plugins/fr.ac6.mcu.externaltools.arm-none.win32_1.17.0.201812190825/tools/compiler/bin/../lib/gcc/arm-none-eabi/7.3.1/../../../../arm-none-eabi/lib/thumb/v7e-m/fpv4-sp/hard\libm.a(lib_a-sf_fabs.o)
                              f:/programs/eclipse/eclipse-oxygen/plugins/fr.ac6.mcu.externaltools.arm-none.win32_1.17.0.201812190825/tools/compiler/bin/../lib/gcc/arm-none-eabi/7.3.1/../../../../arm-none-eabi/lib/thumb/v7e-m/fpv4-sp/hard\libm.a(lib_a-ef_pow.o) (fabsf)
f:/programs/eclipse/eclipse-oxygen/plugins/fr.ac6.mcu.externaltools.arm-none.win32_1.17.0.201812190825/tools/compiler/bin/../lib/gcc/arm-none-eabi/7.3.1/../../../../arm-none-eabi/lib/thumb/v7e-m/fpv4-sp/hard\libm.a(lib_a-sf_finite.o)
                              f:/programs/eclipse/eclipse-oxygen/plugins/fr.ac6.mcu.externaltools.arm-none.win32_1.17.0.201812190825/tools/compiler/bin/../lib/gcc/arm-none-eabi/7.3.1/../../../../arm-none-eabi/lib/thumb/v7e-m/fpv4-sp/hard\libm.a(lib_a-wf_pow.o) (finitef)
f:/programs/eclipse/eclipse-oxygen/plugins/fr.ac6.mcu.externaltools.arm-none.win32_1.17.0.201812190825/tools/compiler/bin/../lib/gcc/arm-none-eabi/7.3.1/../../../../arm-none-eabi/lib/thumb/v7e-m/fpv4-sp/hard\libm.a(lib_a-sf_nan.o)
                              f:/programs/eclipse/eclipse-oxygen/plugins/fr.ac6.mcu.externaltools.arm-none.win32_1.17.0.201812190825/tools/compiler/bin/../lib/gcc/arm-none-eabi/7.3.1/../../../../arm-none-eabi/lib/thumb/v7e-m/fpv4-sp/hard\libm.a(lib_a-ef_pow.o) (nanf)
[...]
Memory Configuration

Name             Origin             Length             Attributes
RAM              0x20000000         0x00020000         xrw
FLASH            0x08000000         0x00040000         xr
*default*        0x00000000         0xffffffff

Linker script and memory map

LOAD f:/programs/eclipse/eclipse-oxygen/plugins/fr.ac6.mcu.externaltools.arm-none.win32_1.17.0.201812190825/tools/compiler/bin/../lib/gcc/arm-none-eabi/7.3.1/thumb/v7e-m/fpv4-sp/hard/crti.o
LOAD f:/programs/eclipse/eclipse-oxygen/plugins/fr.ac6.mcu.externaltools.arm-none.win32_1.17.0.201812190825/tools/compiler/bin/../lib/gcc/arm-none-eabi/7.3.1/thumb/v7e-m/fpv4-sp/hard/crtbegin.o
LOAD f:/programs/eclipse/eclipse-oxygen/plugins/fr.ac6.mcu.externaltools.arm-none.win32_1.17.0.201812190825/tools/compiler/bin/../lib/gcc/arm-none-eabi/7.3.1/../../../../arm-none-eabi/lib/thumb/v7e-m/fpv4-sp/hard/crt0.o
LOAD Drivers/STM32F4xx_HAL_Driver/Src/stm32f4xx_hal.o
LOAD Drivers/STM32F4xx_HAL_Driver/Src/stm32f4xx_hal_cortex.o
LOAD Drivers/STM32F4xx_HAL_Driver/Src/stm32f4xx_hal_crc.o
LOAD Drivers/STM32F4xx_HAL_Driver/Src/stm32f4xx_hal_dac.o
LOAD Drivers/STM32F4xx_HAL_Driver/Src/stm32f4xx_hal_dac_ex.o
LOAD Drivers/STM32F4xx_HAL_Driver/Src/stm32f4xx_hal_dma.o
LOAD Drivers/STM32F4xx_HAL_Driver/Src/stm32f4xx_hal_dma_ex.o
LOAD Drivers/STM32F4xx_HAL_Driver/Src/stm32f4xx_hal_flash.o
LOAD Drivers/STM32F4xx_HAL_Driver/Src/stm32f4xx_hal_flash_ex.o
LOAD Drivers/STM32F4xx_HAL_Driver/Src/stm32f4xx_hal_flash_ramfunc.o
LOAD Drivers/STM32F4xx_HAL_Driver/Src/stm32f4xx_hal_gpio.o
LOAD Drivers/STM32F4xx_HAL_Driver/Src/stm32f4xx_hal_i2s.o
LOAD Drivers/STM32F4xx_HAL_Driver/Src/stm32f4xx_hal_i2s_ex.o
LOAD Drivers/STM32F4xx_HAL_Driver/Src/stm32f4xx_hal_pwr.o
LOAD Drivers/STM32F4xx_HAL_Driver/Src/stm32f4xx_hal_pwr_ex.o
LOAD Drivers/STM32F4xx_HAL_Driver/Src/stm32f4xx_hal_rcc.o
LOAD Drivers/STM32F4xx_HAL_Driver/Src/stm32f4xx_hal_rcc_ex.o
LOAD Drivers/STM32F4xx_HAL_Driver/Src/stm32f4xx_hal_tim.o
LOAD Drivers/STM32F4xx_HAL_Driver/Src/stm32f4xx_hal_tim_ex.o
LOAD Src/crc.o
LOAD Src/dac.o
LOAD Src/dma.o
LOAD Src/gpio.o
LOAD Src/i2s.o
LOAD Src/main.o
LOAD Src/pdm2pcm.o
LOAD Src/stm32f4xx_hal_msp.o
LOAD Src/stm32f4xx_it.o
LOAD Src/system_stm32f4xx.o
LOAD startup/startup_stm32f446xx.o
LOAD F:\ITI\Graduation\Digital-Hearing-Aid-STM32\I2S_Configuration_3\Middlewares\ST\STM32_Audio\Addons\PDM\Lib/libPDMFilter_CM4_GCC_wc32.a
LOAD f:/programs/eclipse/eclipse-oxygen/plugins/fr.ac6.mcu.externaltools.arm-none.win32_1.17.0.201812190825/tools/compiler/bin/../lib/gcc/arm-none-eabi/7.3.1/../../../../arm-none-eabi/lib/thumb/v7e-m/fpv4-sp/hard\libm.a
START GROUP
LOAD f:/programs/eclipse/eclipse-oxygen/plugins/fr.ac6.mcu.externaltools.arm-none.win32_1.17.0.201812190825/tools/compiler/bin/../lib/gcc/arm-none-eabi/7.3.1/thumb/v7e-m/fpv4-sp/hard\libgcc.a
LOAD f:/programs/eclipse/eclipse-oxygen/plugins/fr.ac6.mcu.externaltools.arm-none.win32_1.17.0.201812190825/tools/compiler/bin/../lib/gcc/arm-none-eabi/7.3.1/../../../../arm-none-eabi/lib/thumb/v7e-m/fpv4-sp/hard\libc_nano.a
END GROUP
START GROUP
LOAD f:/programs/eclipse/eclipse-oxygen/plugins/fr.ac6.mcu.externaltools.arm-none.win32_1.17.0.201812190825/tools/compiler/bin/../lib/gcc/arm-none-eabi/7.3.1/thumb/v7e-m/fpv4-sp/hard\libgcc.a
LOAD f:/programs/eclipse/eclipse-oxygen/plugins/fr.ac6.mcu.externaltools.arm-none.win32_1.17.0.201812190825/tools/compiler/bin/../lib/gcc/arm-none-eabi/7.3.1/../../../../arm-none-eabi/lib/thumb/v7e-m/fpv4-sp/hard\libc_nano.a
LOAD f:/programs/eclipse/eclipse-oxygen/plugins/fr.ac6.mcu.externaltools.arm-none.win32_1.17.0.201812190825/tools/compiler/bin/../lib/gcc/arm-none-eabi/7.3.1/../../../../arm-none-eabi/lib/thumb/v7e-m/fpv4-sp/hard\libnosys.a
END GROUP
START GROUP
LOAD f:/programs/eclipse/eclipse-oxygen/plugins/fr.ac6.mcu.externaltools.arm-none.win32_1.17.0.201812190825/tools/compiler/bin/../lib/gcc/arm-none-eabi/7.3.1/thumb/v7e-m/fpv4-sp/hard\libgcc.a
LOAD f:/programs/eclipse/eclipse-oxygen/plugins/fr.ac6.mcu.externaltools.arm-none.win32_1.17.0.201812190825/tools/compiler/bin/../lib/gcc/arm-none-eabi/7.3.1/../../../../arm-none-eabi/lib/thumb/v7e-m/fpv4-sp/hard\libc_nano.a
LOAD f:/programs/eclipse/eclipse-oxygen/plugins/fr.ac6.mcu.externaltools.arm-none.win32_1.17.0.201812190825/tools/compiler/bin/../lib/gcc/arm-none-eabi/7.3.1/../../../../arm-none-eabi/lib/thumb/v7e-m/fpv4-sp/hard\libnosys.a
END GROUP
LOAD f:/programs/eclipse/eclipse-oxygen/plugins/fr.ac6.mcu.externaltools.arm-none.win32_1.17.0.201812190825/tools/compiler/bin/../lib/gcc/arm-none-eabi/7.3.1/thumb/v7e-m/fpv4-sp/hard/crtend.o
LOAD f:/programs/eclipse/eclipse-oxygen/plugins/fr.ac6.mcu.externaltools.arm-none.win32_1.17.0.201812190825/tools/compiler/bin/../lib/gcc/arm-none-eabi/7.3.1/thumb/v7e-m/fpv4-sp/hard/crtn.o
                0x20020000                _estack = 0x20020000
                0x00000200                _Min_Heap_Size = 0x200
                0x00000400                _Min_Stack_Size = 0x400

.isr_vector     0x08000000      0x1c4
                0x08000000                . = ALIGN (0x4)
 *(.isr_vector)
 .isr_vector    0x08000000      0x1c4 startup/startup_stm32f446xx.o
                0x08000000                g_pfnVectors
                0x080001c4                . = ALIGN (0x4)

.text           0x080001c4     0x534c
                0x080001c4                . = ALIGN (0x4)
 *(.text)
 .text          0x080001c4       0x40 f:/programs/eclipse/eclipse-oxygen/plugins/fr.ac6.mcu.externaltools.arm-none.win32_1.17.0.201812190825/tools/compiler/bin/../lib/gcc/arm-none-eabi/7.3.1/thumb/v7e-m/fpv4-sp/hard/crtbegin.o
 .text          0x08000204      0x378 f:/programs/eclipse/eclipse-oxygen/plugins/fr.ac6.mcu.externaltools.arm-none.win32_1.17.0.201812190825/tools/compiler/bin/../lib/gcc/arm-none-eabi/7.3.1/thumb/v7e-m/fpv4-sp/hard\libgcc.a(_arm_addsubdf3.o)
                0x08000204                __aeabi_drsub
                0x0800020c                __aeabi_dsub
                0x0800020c                __subdf3
                0x08000210                __aeabi_dadd
                0x08000210                __adddf3
                0x08000488                __floatunsidf
                0x08000488                __aeabi_ui2d
                0x080004a8                __floatsidf
                0x080004a8                __aeabi_i2d
                0x080004cc                __aeabi_f2d
                0x080004cc                __extendsfdf2
                0x08000510                __floatundidf
                0x08000510                __aeabi_ul2d
                0x08000520                __floatdidf
                0x08000520                __aeabi_l2d
 .text          0x0800057c       0xa0 f:/programs/eclipse/eclipse-oxygen/plugins/fr.ac6.mcu.externaltools.arm-none.win32_1.17.0.201812190825/tools/compiler/bin/../lib/gcc/arm-none-eabi/7.3.1/thumb/v7e-m/fpv4-sp/hard\libgcc.a(_arm_truncdfsf2.o)
                0x0800057c                __truncdfsf2
                0x0800057c                __aeabi_d2f
 .text          0x0800061c       0x30 f:/programs/eclipse/eclipse-oxygen/plugins/fr.ac6.mcu.externaltools.arm-none.win32_1.17.0.201812190825/tools/compiler/bin/../lib/gcc/arm-none-eabi/7.3.1/thumb/v7e-m/fpv4-sp/hard\libgcc.a(_aeabi_uldivmod.o)
                0x0800061c                __aeabi_uldivmod
 .text          0x0800064c      0x2cc f:/programs/eclipse/eclipse-oxygen/plugins/fr.ac6.mcu.externaltools.arm-none.win32_1.17.0.201812190825/tools/compiler/bin/../lib/gcc/arm-none-eabi/7.3.1/thumb/v7e-m/fpv4-sp/hard\libgcc.a(_udivmoddi4.o)
                0x0800064c                __udivmoddi4
 .text          0x08000918        0x4 f:/programs/eclipse/eclipse-oxygen/plugins/fr.ac6.mcu.externaltools.arm-none.win32_1.17.0.201812190825/tools/compiler/bin/../lib/gcc/arm-none-eabi/7.3.1/thumb/v7e-m/fpv4-sp/hard\libgcc.a(_dvmd_tls.o)
                0x08000918                __aeabi_idiv0
                0x08000918                __aeabi_ldiv0
 *(.text*)
 .text.HAL_InitTick
                0x0800091c       0x48 Drivers/STM32F4xx_HAL_Driver/Src/stm32f4xx_hal.o
                0x0800091c                HAL_InitTick
 .text.HAL_Init
                0x08000964       0x34 Drivers/STM32F4xx_HAL_Driver/Src/stm32f4xx_hal.o
                0x08000964                HAL_Init
 .text.HAL_IncTick
                0x08000998       0x18 Drivers/STM32F4xx_HAL_Driver/Src/stm32f4xx_hal.o
                0x08000998                HAL_IncTick
 .text.HAL_GetTick
                0x080009b0        0xc Drivers/STM32F4xx_HAL_Driver/Src/stm32f4xx_hal.o
                0x080009b0                HAL_GetTick
 .text.HAL_NVIC_SetPriorityGrouping
                0x080009bc       0x24 Drivers/STM32F4xx_HAL_Driver/Src/stm32f4xx_hal_cortex.o
                0x080009bc                HAL_NVIC_SetPriorityGrouping
 .text.HAL_NVIC_SetPriority
                0x080009e0       0x68 Drivers/STM32F4xx_HAL_Driver/Src/stm32f4xx_hal_cortex.o
                0x080009e0                HAL_NVIC_SetPriority
 .text.HAL_NVIC_EnableIRQ
                0x08000a48       0x1c Drivers/STM32F4xx_HAL_Driver/Src/stm32f4xx_hal_cortex.o
                0x08000a48                HAL_NVIC_EnableIRQ
 .text.HAL_SYSTICK_Config
                0x08000a64       0x2c Drivers/STM32F4xx_HAL_Driver/Src/stm32f4xx_hal_cortex.o
                0x08000a64                HAL_SYSTICK_Config
 .text.HAL_CRC_Init
                0x08000a90       0x22 Drivers/STM32F4xx_HAL_Driver/Src/stm32f4xx_hal_crc.o
                0x08000a90                HAL_CRC_Init
 .text.HAL_DAC_Init
                0x08000ab2       0x24 Drivers/STM32F4xx_HAL_Driver/Src/stm32f4xx_hal_dac.o
                0x08000ab2                HAL_DAC_Init
 .text.HAL_DAC_Start
                0x08000ad6       0x6e Drivers/STM32F4xx_HAL_Driver/Src/stm32f4xx_hal_dac.o
                0x08000ad6                HAL_DAC_Start
 .text.HAL_DAC_Start_DMA
                0x08000b44       0xf0 Drivers/STM32F4xx_HAL_Driver/Src/stm32f4xx_hal_dac.o
                0x08000b44                HAL_DAC_Start_DMA
 .text.HAL_DAC_ConvCpltCallbackCh1
                0x08000c34        0x2 Drivers/STM32F4xx_HAL_Driver/Src/stm32f4xx_hal_dac.o
                0x08000c34                HAL_DAC_ConvCpltCallbackCh1
 .text.DAC_DMAConvCpltCh1
                0x08000c36       0x10 Drivers/STM32F4xx_HAL_Driver/Src/stm32f4xx_hal_dac.o
 .text.HAL_DAC_ConvHalfCpltCallbackCh1
                0x08000c46        0x2 Drivers/STM32F4xx_HAL_Driver/Src/stm32f4xx_hal_dac.o
                0x08000c46                HAL_DAC_ConvHalfCpltCallbackCh1
 .text.DAC_DMAHalfConvCpltCh1
                0x08000c48        0xa Drivers/STM32F4xx_HAL_Driver/Src/stm32f4xx_hal_dac.o
 .text.HAL_DAC_ErrorCallbackCh1
                0x08000c52        0x2 Drivers/STM32F4xx_HAL_Driver/Src/stm32f4xx_hal_dac.o
                0x08000c52                HAL_DAC_ErrorCallbackCh1
 .text.DAC_DMAErrorCh1
                0x08000c54       0x18 Drivers/STM32F4xx_HAL_Driver/Src/stm32f4xx_hal_dac.o
 .text.HAL_DAC_ConfigChannel
                0x08000c6c       0x4a Drivers/STM32F4xx_HAL_Driver/Src/stm32f4xx_hal_dac.o
                0x08000c6c                HAL_DAC_ConfigChannel
 .text.HAL_DACEx_ConvCpltCallbackCh2
                0x08000cb6        0x2 Drivers/STM32F4xx_HAL_Driver/Src/stm32f4xx_hal_dac_ex.o
                0x08000cb6                HAL_DACEx_ConvCpltCallbackCh2
 .text.HAL_DACEx_ConvHalfCpltCallbackCh2
                0x08000cb8        0x2 Drivers/STM32F4xx_HAL_Driver/Src/stm32f4xx_hal_dac_ex.o
                0x08000cb8                HAL_DACEx_ConvHalfCpltCallbackCh2
 .text.HAL_DACEx_ErrorCallbackCh2
                0x08000cba        0x2 Drivers/STM32F4xx_HAL_Driver/Src/stm32f4xx_hal_dac_ex.o
                0x08000cba                HAL_DACEx_ErrorCallbackCh2
 .text.DAC_DMAConvCpltCh2
                0x08000cbc       0x10 Drivers/STM32F4xx_HAL_Driver/Src/stm32f4xx_hal_dac_ex.o
                0x08000cbc                DAC_DMAConvCpltCh2
 .text.DAC_DMAHalfConvCpltCh2
                0x08000ccc        0xa Drivers/STM32F4xx_HAL_Driver/Src/stm32f4xx_hal_dac_ex.o
                0x08000ccc                DAC_DMAHalfConvCpltCh2
 .text.DAC_DMAErrorCh2
                0x08000cd6       0x18 Drivers/STM32F4xx_HAL_Driver/Src/stm32f4xx_hal_dac_ex.o
                0x08000cd6                DAC_DMAErrorCh2
 .text.DMA_SetConfig
                0x08000cee       0x2c Drivers/STM32F4xx_HAL_Driver/Src/stm32f4xx_hal_dma.o
 *fill*         0x08000d1a        0x2 
 .text.DMA_CalcBaseAndBitshift
                0x08000d1c       0x3c Drivers/STM32F4xx_HAL_Driver/Src/stm32f4xx_hal_dma.o
 .text.DMA_CheckFifoParam
                0x08000d58       0x8e Drivers/STM32F4xx_HAL_Driver/Src/stm32f4xx_hal_dma.o
 *fill*         0x08000de6        0x2 
 .text.HAL_DMA_Init
                0x08000de8       0xcc Drivers/STM32F4xx_HAL_Driver/Src/stm32f4xx_hal_dma.o
                0x08000de8                HAL_DMA_Init
 .text.HAL_DMA_Start_IT
                0x08000eb4       0x74 Drivers/STM32F4xx_HAL_Driver/Src/stm32f4xx_hal_dma.o
                0x08000eb4                HAL_DMA_Start_IT
 .text.HAL_DMA_IRQHandler
                0x08000f28      0x1dc Drivers/STM32F4xx_HAL_Driver/Src/stm32f4xx_hal_dma.o
                0x08000f28                HAL_DMA_IRQHandler
 .text.HAL_GPIO_Init
                0x08001104      0x1bc Drivers/STM32F4xx_HAL_Driver/Src/stm32f4xx_hal_gpio.o
                0x08001104                HAL_GPIO_Init
 .text.HAL_GPIO_WritePin
                0x080012c0        0xc Drivers/STM32F4xx_HAL_Driver/Src/stm32f4xx_hal_gpio.o
                0x080012c0                HAL_GPIO_WritePin
 .text.HAL_I2S_Init
                0x080012cc      0x13c Drivers/STM32F4xx_HAL_Driver/Src/stm32f4xx_hal_i2s.o
                0x080012cc                HAL_I2S_Init
 .text.HAL_I2S_Receive_DMA
                0x08001408       0xfc Drivers/STM32F4xx_HAL_Driver/Src/stm32f4xx_hal_i2s.o
                0x08001408                HAL_I2S_Receive_DMA
 .text.HAL_I2S_TxCpltCallback
                0x08001504        0x2 Drivers/STM32F4xx_HAL_Driver/Src/stm32f4xx_hal_i2s.o
                0x08001504                HAL_I2S_TxCpltCallback
 .text.I2S_Transmit_IT
                0x08001506       0x36 Drivers/STM32F4xx_HAL_Driver/Src/stm32f4xx_hal_i2s.o
 .text.I2S_DMARxHalfCplt
                0x0800153c        0xa Drivers/STM32F4xx_HAL_Driver/Src/stm32f4xx_hal_i2s.o
 .text.I2S_Receive_IT
                0x08001546       0x36 Drivers/STM32F4xx_HAL_Driver/Src/stm32f4xx_hal_i2s.o
 .text.I2S_DMARxCplt
                0x0800157c       0x24 Drivers/STM32F4xx_HAL_Driver/Src/stm32f4xx_hal_i2s.o
 .text.HAL_I2S_ErrorCallback
                0x080015a0        0x2 Drivers/STM32F4xx_HAL_Driver/Src/stm32f4xx_hal_i2s.o
                0x080015a0                HAL_I2S_ErrorCallback
 .text.I2S_IRQHandler
                0x080015a2       0xd0 Drivers/STM32F4xx_HAL_Driver/Src/stm32f4xx_hal_i2s.o
 .text.I2S_DMAError
                0x08001672       0x28 Drivers/STM32F4xx_HAL_Driver/Src/stm32f4xx_hal_i2s.o
 *fill*         0x0800169a        0x2 
 .text.HAL_RCC_ClockConfig
                0x0800169c      0x158 Drivers/STM32F4xx_HAL_Driver/Src/stm32f4xx_hal_rcc.o
                0x0800169c                HAL_RCC_ClockConfig
 .text.HAL_RCCEx_PeriphCLKConfig
                0x080017f4      0x47c Drivers/STM32F4xx_HAL_Driver/Src/stm32f4xx_hal_rcc_ex.o
                0x080017f4                HAL_RCCEx_PeriphCLKConfig
 .text.HAL_RCCEx_GetPeriphCLKFreq
                0x08001c70      0x2d4 Drivers/STM32F4xx_HAL_Driver/Src/stm32f4xx_hal_rcc_ex.o
                0x08001c70                HAL_RCCEx_GetPeriphCLKFreq
 .text.HAL_RCC_GetSysClockFreq
                0x08001f44      0x178 Drivers/STM32F4xx_HAL_Driver/Src/stm32f4xx_hal_rcc_ex.o
                0x08001f44                HAL_RCC_GetSysClockFreq
 .text.HAL_RCC_OscConfig
                0x080020bc      0x3c4 Drivers/STM32F4xx_HAL_Driver/Src/stm32f4xx_hal_rcc_ex.o
                0x080020bc                HAL_RCC_OscConfig
 .text.MX_CRC_Init
                0x08002480       0x20 Src/crc.o
                0x08002480                MX_CRC_Init
 .text.HAL_CRC_MspInit
                0x080024a0       0x30 Src/crc.o
                0x080024a0                HAL_CRC_MspInit
 .text.MX_DAC_Init
                0x080024d0       0x40 Src/dac.o
                0x080024d0                MX_DAC_Init
 .text.HAL_DAC_MspInit
                0x08002510       0xb0 Src/dac.o
                0x08002510                HAL_DAC_MspInit
 .text.MX_DMA_Init
                0x080025c0       0x44 Src/dma.o
                0x080025c0                MX_DMA_Init
 .text.MX_GPIO_Init
                0x08002604       0x90 Src/gpio.o
                0x08002604                MX_GPIO_Init
 .text.MX_I2S2_Init
                0x08002694       0x40 Src/i2s.o
                0x08002694                MX_I2S2_Init
 .text.HAL_I2S_MspInit
                0x080026d4       0xe0 Src/i2s.o
                0x080026d4                HAL_I2S_MspInit
 .text.AudioProcess
                0x080027b4       0x34 Src/main.o
                0x080027b4                AudioProcess
 .text.HAL_I2S_RxHalfCpltCallback
                0x080027e8       0x2c Src/main.o
                0x080027e8                HAL_I2S_RxHalfCpltCallback
 .text.HAL_I2S_RxCpltCallback
                0x08002814       0x30 Src/main.o
                0x08002814                HAL_I2S_RxCpltCallback
 .text.SystemClock_Config
                0x08002844       0xb4 Src/main.o
                0x08002844                SystemClock_Config
 .text.main     0x080028f8       0xb4 Src/main.o
                0x080028f8                main
 .text.Error_Handler
                0x080029ac        0x2 Src/main.o
                0x080029ac                Error_Handler
 *fill*         0x080029ae        0x2 
 .text.MX_PDM2PCM_Init
                0x080029b0       0x3c Src/pdm2pcm.o
                0x080029b0                MX_PDM2PCM_Init
 .text.HAL_MspInit
                0x080029ec       0x38 Src/stm32f4xx_hal_msp.o
                0x080029ec                HAL_MspInit
 .text.NMI_Handler
                0x08002a24        0x2 Src/stm32f4xx_it.o
                0x08002a24                NMI_Handler
 .text.HardFault_Handler
                0x08002a26        0x2 Src/stm32f4xx_it.o
                0x08002a26                HardFault_Handler
 .text.MemManage_Handler
                0x08002a28        0x2 Src/stm32f4xx_it.o
                0x08002a28                MemManage_Handler
 .text.BusFault_Handler
                0x08002a2a        0x2 Src/stm32f4xx_it.o
                0x08002a2a                BusFault_Handler
 .text.UsageFault_Handler
                0x08002a2c        0x2 Src/stm32f4xx_it.o
                0x08002a2c                UsageFault_Handler
 .text.SVC_Handler
                0x08002a2e        0x2 Src/stm32f4xx_it.o
                0x08002a2e                SVC_Handler
 .text.DebugMon_Handler
                0x08002a30        0x2 Src/stm32f4xx_it.o
                0x08002a30                DebugMon_Handler
 .text.PendSV_Handler
                0x08002a32        0x2 Src/stm32f4xx_it.o
                0x08002a32                PendSV_Handler
 .text.SysTick_Handler
                0x08002a34        0x8 Src/stm32f4xx_it.o
                0x08002a34                SysTick_Handler
 .text.DMA1_Stream3_IRQHandler
                0x08002a3c       0x10 Src/stm32f4xx_it.o
                0x08002a3c                DMA1_Stream3_IRQHandler
 .text.DMA1_Stream5_IRQHandler
                0x08002a4c       0x10 Src/stm32f4xx_it.o
                0x08002a4c                DMA1_Stream5_IRQHandler
 .text.SystemInit
                0x08002a5c       0x4c Src/system_stm32f4xx.o
                0x08002a5c                SystemInit
 .text.Reset_Handler
                0x08002aa8       0x50 startup/startup_stm32f446xx.o
                0x08002aa8                Reset_Handler
 .text.Default_Handler
                0x08002af8        0x2 startup/startup_stm32f446xx.o
                0x08002af8                RTC_Alarm_IRQHandler
                0x08002af8                EXTI2_IRQHandler
                0x08002af8                TIM8_CC_IRQHandler
                0x08002af8                FMPI2C1_EV_IRQHandler
                0x08002af8                SPI4_IRQHandler
                0x08002af8                TIM1_CC_IRQHandler
                0x08002af8                DMA2_Stream5_IRQHandler
                0x08002af8                PVD_IRQHandler
                0x08002af8                SDIO_IRQHandler
                0x08002af8                TAMP_STAMP_IRQHandler
                0x08002af8                CAN2_RX1_IRQHandler
                0x08002af8                EXTI3_IRQHandler
                0x08002af8                TIM8_TRG_COM_TIM14_IRQHandler
                0x08002af8                TIM1_UP_TIM10_IRQHandler
                0x08002af8                TIM8_UP_TIM13_IRQHandler
                0x08002af8                I2C3_ER_IRQHandler
                0x08002af8                EXTI0_IRQHandler
                0x08002af8                I2C2_EV_IRQHandler
                0x08002af8                DMA1_Stream2_IRQHandler
                0x08002af8                CAN1_RX0_IRQHandler
                0x08002af8                FPU_IRQHandler
                0x08002af8                OTG_HS_WKUP_IRQHandler
                0x08002af8                CAN2_SCE_IRQHandler
                0x08002af8                DMA2_Stream2_IRQHandler
                0x08002af8                SPI1_IRQHandler
                0x08002af8                TIM6_DAC_IRQHandler
                0x08002af8                TIM1_BRK_TIM9_IRQHandler
                0x08002af8                DCMI_IRQHandler
                0x08002af8                CAN2_RX0_IRQHandler
                0x08002af8                DMA2_Stream3_IRQHandler
                0x08002af8                SAI2_IRQHandler
                0x08002af8                USART6_IRQHandler
                0x08002af8                USART3_IRQHandler
                0x08002af8                CAN1_RX1_IRQHandler
                0x08002af8                UART5_IRQHandler
                0x08002af8                DMA2_Stream0_IRQHandler
                0x08002af8                TIM4_IRQHandler
                0x08002af8                QUADSPI_IRQHandler
                0x08002af8                I2C1_EV_IRQHandler
                0x08002af8                DMA1_Stream6_IRQHandler
                0x08002af8                DMA1_Stream1_IRQHandler
                0x08002af8                UART4_IRQHandler
                0x08002af8                TIM3_IRQHandler
                0x08002af8                RCC_IRQHandler
                0x08002af8                TIM8_BRK_TIM12_IRQHandler
                0x08002af8                Default_Handler
                0x08002af8                CEC_IRQHandler
                0x08002af8                EXTI15_10_IRQHandler
                0x08002af8                ADC_IRQHandler
                0x08002af8                DMA1_Stream7_IRQHandler
                0x08002af8                TIM7_IRQHandler
                0x08002af8                CAN2_TX_IRQHandler
                0x08002af8                TIM5_IRQHandler
                0x08002af8                DMA2_Stream7_IRQHandler
                0x08002af8                I2C3_EV_IRQHandler
                0x08002af8                EXTI9_5_IRQHandler
                0x08002af8                RTC_WKUP_IRQHandler
                0x08002af8                SPDIF_RX_IRQHandler
                0x08002af8                SPI2_IRQHandler
                0x08002af8                OTG_HS_EP1_IN_IRQHandler
                0x08002af8                DMA1_Stream0_IRQHandler
                0x08002af8                CAN1_TX_IRQHandler
                0x08002af8                FMPI2C1_ER_IRQHandler
                0x08002af8                EXTI4_IRQHandler
                0x08002af8                OTG_HS_EP1_OUT_IRQHandler
                0x08002af8                WWDG_IRQHandler
                0x08002af8                TIM2_IRQHandler
                0x08002af8                OTG_FS_WKUP_IRQHandler
                0x08002af8                TIM1_TRG_COM_TIM11_IRQHandler
                0x08002af8                OTG_HS_IRQHandler
                0x08002af8                EXTI1_IRQHandler
                0x08002af8                USART2_IRQHandler
                0x08002af8                I2C2_ER_IRQHandler
                0x08002af8                DMA2_Stream1_IRQHandler
                0x08002af8                CAN1_SCE_IRQHandler
                0x08002af8                FLASH_IRQHandler
                0x08002af8                DMA2_Stream4_IRQHandler
                0x08002af8                USART1_IRQHandler
                0x08002af8                OTG_FS_IRQHandler
                0x08002af8                SPI3_IRQHandler
                0x08002af8                DMA1_Stream4_IRQHandler
                0x08002af8                I2C1_ER_IRQHandler
                0x08002af8                FMC_IRQHandler
                0x08002af8                DMA2_Stream6_IRQHandler
                0x08002af8                SAI1_IRQHandler
 *fill*         0x08002afa        0x2 
 .text.D16_GENERIC
                0x08002afc      0x120 F:\ITI\Graduation\Digital-Hearing-Aid-STM32\I2S_Configuration_3\Middlewares\ST\STM32_Audio\Addons\PDM\Lib/libPDMFilter_CM4_GCC_wc32.a(pdm_filter.o)
 .text.D24_GENERIC
                0x08002c1c      0x190 F:\ITI\Graduation\Digital-Hearing-Aid-STM32\I2S_Configuration_3\Middlewares\ST\STM32_Audio\Addons\PDM\Lib/libPDMFilter_CM4_GCC_wc32.a(pdm_filter.o)
 .text.D32_GENERIC
                0x08002dac      0x198 F:\ITI\Graduation\Digital-Hearing-Aid-STM32\I2S_Configuration_3\Middlewares\ST\STM32_Audio\Addons\PDM\Lib/libPDMFilter_CM4_GCC_wc32.a(pdm_filter.o)
 .text.D48_GENERIC
                0x08002f44      0x1ec F:\ITI\Graduation\Digital-Hearing-Aid-STM32\I2S_Configuration_3\Middlewares\ST\STM32_Audio\Addons\PDM\Lib/libPDMFilter_CM4_GCC_wc32.a(pdm_filter.o)
 .text.D64_GENERIC
                0x08003130      0x220 F:\ITI\Graduation\Digital-Hearing-Aid-STM32\I2S_Configuration_3\Middlewares\ST\STM32_Audio\Addons\PDM\Lib/libPDMFilter_CM4_GCC_wc32.a(pdm_filter.o)
 .text.D80_GENERIC
                0x08003350      0x2a0 F:\ITI\Graduation\Digital-Hearing-Aid-STM32\I2S_Configuration_3\Middlewares\ST\STM32_Audio\Addons\PDM\Lib/libPDMFilter_CM4_GCC_wc32.a(pdm_filter.o)
 .text.D128_GENERIC
                0x080035f0      0x3f0 F:\ITI\Graduation\Digital-Hearing-Aid-STM32\I2S_Configuration_3\Middlewares\ST\STM32_Audio\Addons\PDM\Lib/libPDMFilter_CM4_GCC_wc32.a(pdm_filter.o)
 .text.D16_1CH_HTONS_VOL_HP
                0x080039e0       0xe4 F:\ITI\Graduation\Digital-Hearing-Aid-STM32\I2S_Configuration_3\Middlewares\ST\STM32_Audio\Addons\PDM\Lib/libPDMFilter_CM4_GCC_wc32.a(pdm_filter.o)
 .text.D24_1CH_HTONS_VOL_HP
                0x08003ac4      0x138 F:\ITI\Graduation\Digital-Hearing-Aid-STM32\I2S_Configuration_3\Middlewares\ST\STM32_Audio\Addons\PDM\Lib/libPDMFilter_CM4_GCC_wc32.a(pdm_filter.o)
 .text.D32_1CH_HTONS_VOL_HP
                0x08003bfc      0x144 F:\ITI\Graduation\Digital-Hearing-Aid-STM32\I2S_Configuration_3\Middlewares\ST\STM32_Audio\Addons\PDM\Lib/libPDMFilter_CM4_GCC_wc32.a(pdm_filter.o)
 .text.D48_1CH_HTONS_VOL_HP
                0x08003d40      0x16c F:\ITI\Graduation\Digital-Hearing-Aid-STM32\I2S_Configuration_3\Middlewares\ST\STM32_Audio\Addons\PDM\Lib/libPDMFilter_CM4_GCC_wc32.a(pdm_filter.o)
 .text.D64_1CH_HTONS_VOL_HP
                0x08003eac      0x1b8 F:\ITI\Graduation\Digital-Hearing-Aid-STM32\I2S_Configuration_3\Middlewares\ST\STM32_Audio\Addons\PDM\Lib/libPDMFilter_CM4_GCC_wc32.a(pdm_filter.o)
 .text.D80_1CH_HTONS_VOL_HP
                0x08004064      0x214 F:\ITI\Graduation\Digital-Hearing-Aid-STM32\I2S_Configuration_3\Middlewares\ST\STM32_Audio\Addons\PDM\Lib/libPDMFilter_CM4_GCC_wc32.a(pdm_filter.o)
 .text.D128_1CH_HTONS_VOL_HP
                0x08004278      0x324 F:\ITI\Graduation\Digital-Hearing-Aid-STM32\I2S_Configuration_3\Middlewares\ST\STM32_Audio\Addons\PDM\Lib/libPDMFilter_CM4_GCC_wc32.a(pdm_filter.o)
 .text.PDM_Filter_Init
                0x0800459c      0x114 F:\ITI\Graduation\Digital-Hearing-Aid-STM32\I2S_Configuration_3\Middlewares\ST\STM32_Audio\Addons\PDM\Lib/libPDMFilter_CM4_GCC_wc32.a(pdm_filter.o)
                0x0800459c                PDM_Filter_Init
 .text.PDM_Filter_setConfig
                0x080046b0      0x1e4 F:\ITI\Graduation\Digital-Hearing-Aid-STM32\I2S_Configuration_3\Middlewares\ST\STM32_Audio\Addons\PDM\Lib/libPDMFilter_CM4_GCC_wc32.a(pdm_filter.o)
                0x080046b0                PDM_Filter_setConfig
 .text.PDM_Filter
                0x08004894       0x38 F:\ITI\Graduation\Digital-Hearing-Aid-STM32\I2S_Configuration_3\Middlewares\ST\STM32_Audio\Addons\PDM\Lib/libPDMFilter_CM4_GCC_wc32.a(pdm_filter.o)
                0x08004894                PDM_Filter
 .text.CRC_Lock
                0x080048cc       0x7c F:\ITI\Graduation\Digital-Hearing-Aid-STM32\I2S_Configuration_3\Middlewares\ST\STM32_Audio\Addons\PDM\Lib/libPDMFilter_CM4_GCC_wc32.a(stm32_crc_lock.o)
                0x080048cc                CRC_Lock
 .text.roundf   0x08004948       0x60 f:/programs/eclipse/eclipse-oxygen/plugins/fr.ac6.mcu.externaltools.arm-none.win32_1.17.0.201812190825/tools/compiler/bin/../lib/gcc/arm-none-eabi/7.3.1/../../../../arm-none-eabi/lib/thumb/v7e-m/fpv4-sp/hard\libm.a(lib_a-sf_round.o)
                0x08004948                roundf
 .text.powf     0x080049a8      0x324 f:/programs/eclipse/eclipse-oxygen/plugins/fr.ac6.mcu.externaltools.arm-none.win32_1.17.0.201812190825/tools/compiler/bin/../lib/gcc/arm-none-eabi/7.3.1/../../../../arm-none-eabi/lib/thumb/v7e-m/fpv4-sp/hard\libm.a(lib_a-wf_pow.o)
                0x080049a8                powf
 .text.__ieee754_powf
                0x08004ccc      0x5e4 f:/programs/eclipse/eclipse-oxygen/plugins/fr.ac6.mcu.externaltools.arm-none.win32_1.17.0.201812190825/tools/compiler/bin/../lib/gcc/arm-none-eabi/7.3.1/../../../../arm-none-eabi/lib/thumb/v7e-m/fpv4-sp/hard\libm.a(lib_a-ef_pow.o)
                0x08004ccc                __ieee754_powf
 .text.__ieee754_sqrtf
                0x080052b0        0x8 f:/programs/eclipse/eclipse-oxygen/plugins/fr.ac6.mcu.externaltools.arm-none.win32_1.17.0.201812190825/tools/compiler/bin/../lib/gcc/arm-none-eabi/7.3.1/../../../../arm-none-eabi/lib/thumb/v7e-m/fpv4-sp/hard\libm.a(lib_a-ef_sqrt.o)
                0x080052b0                __ieee754_sqrtf
 .text.matherr  0x080052b8        0x4 f:/programs/eclipse/eclipse-oxygen/plugins/fr.ac6.mcu.externaltools.arm-none.win32_1.17.0.201812190825/tools/compiler/bin/../lib/gcc/arm-none-eabi/7.3.1/../../../../arm-none-eabi/lib/thumb/v7e-m/fpv4-sp/hard\libm.a(lib_a-s_matherr.o)
                0x080052b8                matherr
 .text.fabsf    0x080052bc       0x10 f:/programs/eclipse/eclipse-oxygen/plugins/fr.ac6.mcu.externaltools.arm-none.win32_1.17.0.201812190825/tools/compiler/bin/../lib/gcc/arm-none-eabi/7.3.1/../../../../arm-none-eabi/lib/thumb/v7e-m/fpv4-sp/hard\libm.a(lib_a-sf_fabs.o)
                0x080052bc                fabsf
 .text.finitef  0x080052cc       0x14 f:/programs/eclipse/eclipse-oxygen/plugins/fr.ac6.mcu.externaltools.arm-none.win32_1.17.0.201812190825/tools/compiler/bin/../lib/gcc/arm-none-eabi/7.3.1/../../../../arm-none-eabi/lib/thumb/v7e-m/fpv4-sp/hard\libm.a(lib_a-sf_finite.o)
                0x080052cc                finitef
 .text.nanf     0x080052e0        0xc f:/programs/eclipse/eclipse-oxygen/plugins/fr.ac6.mcu.externaltools.arm-none.win32_1.17.0.201812190825/tools/compiler/bin/../lib/gcc/arm-none-eabi/7.3.1/../../../../arm-none-eabi/lib/thumb/v7e-m/fpv4-sp/hard\libm.a(lib_a-sf_nan.o)
                0x080052e0                nanf
 .text.rintf    0x080052ec       0xc0 f:/programs/eclipse/eclipse-oxygen/plugins/fr.ac6.mcu.externaltools.arm-none.win32_1.17.0.201812190825/tools/compiler/bin/../lib/gcc/arm-none-eabi/7.3.1/../../../../arm-none-eabi/lib/thumb/v7e-m/fpv4-sp/hard\libm.a(lib_a-sf_rint.o)
                0x080052ec                rintf
 .text.scalbnf  0x080053ac       0xd0 f:/programs/eclipse/eclipse-oxygen/plugins/fr.ac6.mcu.externaltools.arm-none.win32_1.17.0.201812190825/tools/compiler/bin/../lib/gcc/arm-none-eabi/7.3.1/../../../../arm-none-eabi/lib/thumb/v7e-m/fpv4-sp/hard\libm.a(lib_a-sf_scalbn.o)
                0x080053ac                scalbnf
 .text.copysignf
                0x0800547c       0x18 f:/programs/eclipse/eclipse-oxygen/plugins/fr.ac6.mcu.externaltools.arm-none.win32_1.17.0.201812190825/tools/compiler/bin/../lib/gcc/arm-none-eabi/7.3.1/../../../../arm-none-eabi/lib/thumb/v7e-m/fpv4-sp/hard\libm.a(lib_a-sf_copysign.o)
                0x0800547c                copysignf
 .text.__errno  0x08005494        0xc f:/programs/eclipse/eclipse-oxygen/plugins/fr.ac6.mcu.externaltools.arm-none.win32_1.17.0.201812190825/tools/compiler/bin/../lib/gcc/arm-none-eabi/7.3.1/../../../../arm-none-eabi/lib/thumb/v7e-m/fpv4-sp/hard\libc_nano.a(lib_a-errno.o)
                0x08005494                __errno
 .text.__libc_init_array
                0x080054a0       0x48 f:/programs/eclipse/eclipse-oxygen/plugins/fr.ac6.mcu.externaltools.arm-none.win32_1.17.0.201812190825/tools/compiler/bin/../lib/gcc/arm-none-eabi/7.3.1/../../../../arm-none-eabi/lib/thumb/v7e-m/fpv4-sp/hard\libc_nano.a(lib_a-init.o)
                0x080054a0                __libc_init_array
 .text.memset   0x080054e8       0x10 f:/programs/eclipse/eclipse-oxygen/plugins/fr.ac6.mcu.externaltools.arm-none.win32_1.17.0.201812190825/tools/compiler/bin/../lib/gcc/arm-none-eabi/7.3.1/../../../../arm-none-eabi/lib/thumb/v7e-m/fpv4-sp/hard\libc_nano.a(lib_a-memset.o)
                0x080054e8                memset
 *(.glue_7)
 .glue_7        0x080054f8        0x0 linker stubs
 *(.glue_7t)
 .glue_7t       0x080054f8        0x0 linker stubs
 *(.eh_frame)
 .eh_frame      0x080054f8        0x0 f:/programs/eclipse/eclipse-oxygen/plugins/fr.ac6.mcu.externaltools.arm-none.win32_1.17.0.201812190825/tools/compiler/bin/../lib/gcc/arm-none-eabi/7.3.1/thumb/v7e-m/fpv4-sp/hard/crtbegin.o
 *(.init)
 .init          0x080054f8        0x4 f:/programs/eclipse/eclipse-oxygen/plugins/fr.ac6.mcu.externaltools.arm-none.win32_1.17.0.201812190825/tools/compiler/bin/../lib/gcc/arm-none-eabi/7.3.1/thumb/v7e-m/fpv4-sp/hard/crti.o
                0x080054f8                _init
 .init          0x080054fc        0x8 f:/programs/eclipse/eclipse-oxygen/plugins/fr.ac6.mcu.externaltools.arm-none.win32_1.17.0.201812190825/tools/compiler/bin/../lib/gcc/arm-none-eabi/7.3.1/thumb/v7e-m/fpv4-sp/hard/crtn.o
 *(.fini)
 .fini          0x08005504        0x4 f:/programs/eclipse/eclipse-oxygen/plugins/fr.ac6.mcu.externaltools.arm-none.win32_1.17.0.201812190825/tools/compiler/bin/../lib/gcc/arm-none-eabi/7.3.1/thumb/v7e-m/fpv4-sp/hard/crti.o
                0x08005504                _fini
 .fini          0x08005508        0x8 f:/programs/eclipse/eclipse-oxygen/plugins/fr.ac6.mcu.externaltools.arm-none.win32_1.17.0.201812190825/tools/compiler/bin/../lib/gcc/arm-none-eabi/7.3.1/thumb/v7e-m/fpv4-sp/hard/crtn.o
                0x08005510                . = ALIGN (0x4)
                0x08005510                _etext = .

.vfp11_veneer   0x08005510        0x0
 .vfp11_veneer  0x08005510        0x0 linker stubs

.v4_bx          0x08005510        0x0
 .v4_bx         0x08005510        0x0 linker stubs

.iplt           0x08005510        0x0
 .iplt          0x08005510        0x0 f:/programs/eclipse/eclipse-oxygen/plugins/fr.ac6.mcu.externaltools.arm-none.win32_1.17.0.201812190825/tools/compiler/bin/../lib/gcc/arm-none-eabi/7.3.1/thumb/v7e-m/fpv4-sp/hard/crtbegin.o

.rodata         0x08005510       0x68
                0x08005510                . = ALIGN (0x4)
 *(.rodata)
 .rodata        0x08005510        0x8 Drivers/STM32F4xx_HAL_Driver/Src/stm32f4xx_hal_dma.o
 .rodata        0x08005518       0x18 Src/system_stm32f4xx.o
                0x08005518                AHBPrescTable
                0x08005528                APBPrescTable
 .rodata        0x08005530       0x38 F:\ITI\Graduation\Digital-Hearing-Aid-STM32\I2S_Configuration_3\Middlewares\ST\STM32_Audio\Addons\PDM\Lib/libPDMFilter_CM4_GCC_wc32.a(pdm_filter.o)
 *(.rodata*)
 .rodata.powf.str1.4
                0x08005568        0x5 f:/programs/eclipse/eclipse-oxygen/plugins/fr.ac6.mcu.externaltools.arm-none.win32_1.17.0.201812190825/tools/compiler/bin/../lib/gcc/arm-none-eabi/7.3.1/../../../../arm-none-eabi/lib/thumb/v7e-m/fpv4-sp/hard\libm.a(lib_a-wf_pow.o)
 .rodata.__ieee754_powf.str1.4
                0x0800556d        0x8 f:/programs/eclipse/eclipse-oxygen/plugins/fr.ac6.mcu.externaltools.arm-none.win32_1.17.0.201812190825/tools/compiler/bin/../lib/gcc/arm-none-eabi/7.3.1/../../../../arm-none-eabi/lib/thumb/v7e-m/fpv4-sp/hard\libm.a(lib_a-ef_pow.o)
                                  0x1 (size before relaxing)
 *fill*         0x0800556d        0x3 
 .rodata.TWO23  0x08005570        0x8 f:/programs/eclipse/eclipse-oxygen/plugins/fr.ac6.mcu.externaltools.arm-none.win32_1.17.0.201812190825/tools/compiler/bin/../lib/gcc/arm-none-eabi/7.3.1/../../../../arm-none-eabi/lib/thumb/v7e-m/fpv4-sp/hard\libm.a(lib_a-sf_rint.o)
                0x08005578                . = ALIGN (0x4)

.ARM.extab
 *(.ARM.extab* .gnu.linkonce.armextab.*)

.ARM            0x08005578        0x8
                0x08005578                __exidx_start = .
 *(.ARM.exidx*)
 .ARM.exidx     0x08005578        0x8 f:/programs/eclipse/eclipse-oxygen/plugins/fr.ac6.mcu.externaltools.arm-none.win32_1.17.0.201812190825/tools/compiler/bin/../lib/gcc/arm-none-eabi/7.3.1/thumb/v7e-m/fpv4-sp/hard\libgcc.a(_udivmoddi4.o)
                0x08005580                __exidx_end = .

.rel.dyn        0x08005580        0x0
 .rel.iplt      0x08005580        0x0 f:/programs/eclipse/eclipse-oxygen/plugins/fr.ac6.mcu.externaltools.arm-none.win32_1.17.0.201812190825/tools/compiler/bin/../lib/gcc/arm-none-eabi/7.3.1/thumb/v7e-m/fpv4-sp/hard/crtbegin.o

.preinit_array  0x08005580        0x0
                0x08005580                PROVIDE (__preinit_array_start = .)
 *(.preinit_array*)
                0x08005580                PROVIDE (__preinit_array_end = .)

.init_array     0x08005580        0x4
                0x08005580                PROVIDE (__init_array_start = .)
 *(SORT_BY_NAME(.init_array.*))
 *(.init_array*)
 .init_array    0x08005580        0x4 f:/programs/eclipse/eclipse-oxygen/plugins/fr.ac6.mcu.externaltools.arm-none.win32_1.17.0.201812190825/tools/compiler/bin/../lib/gcc/arm-none-eabi/7.3.1/thumb/v7e-m/fpv4-sp/hard/crtbegin.o
                0x08005584                PROVIDE (__init_array_end = .)

.fini_array     0x08005584        0x4
                [!provide]                PROVIDE (__fini_array_start = .)
 *(SORT_BY_NAME(.fini_array.*))
 *(.fini_array*)
 .fini_array    0x08005584        0x4 f:/programs/eclipse/eclipse-oxygen/plugins/fr.ac6.mcu.externaltools.arm-none.win32_1.17.0.201812190825/tools/compiler/bin/../lib/gcc/arm-none-eabi/7.3.1/thumb/v7e-m/fpv4-sp/hard/crtbegin.o
                [!provide]                PROVIDE (__fini_array_end = .)
                0x08005588                _sidata = LOADADDR (.data)

.data           0x20000000      0x474 load address 0x08005588
                0x20000000                . = ALIGN (0x4)
                0x20000000                _sdata = .
 *(.data)
 .data          0x20000000        0x8 Drivers/STM32F4xx_HAL_Driver/Src/stm32f4xx_hal.o
                0x20000000                uwTickFreq
                0x20000004                uwTickPrio
 .data          0x20000008        0x4 Src/system_stm32f4xx.o
                0x20000008                SystemCoreClock
 .data          0x2000000c      0x400 F:\ITI\Graduation\Digital-Hearing-Aid-STM32\I2S_Configuration_3\Middlewares\ST\STM32_Audio\Addons\PDM\Lib/libPDMFilter_CM4_GCC_wc32.a(pdm_filter.o)
 *(.data*)
 .data.__fdlib_version
                0x2000040c        0x1 f:/programs/eclipse/eclipse-oxygen/plugins/fr.ac6.mcu.externaltools.arm-none.win32_1.17.0.201812190825/tools/compiler/bin/../lib/gcc/arm-none-eabi/7.3.1/../../../../arm-none-eabi/lib/thumb/v7e-m/fpv4-sp/hard\libm.a(lib_a-s_lib_ver.o)
                0x2000040c                __fdlib_version
 *fill*         0x2000040d        0x3 
 .data._impure_ptr
                0x20000410        0x4 f:/programs/eclipse/eclipse-oxygen/plugins/fr.ac6.mcu.externaltools.arm-none.win32_1.17.0.201812190825/tools/compiler/bin/../lib/gcc/arm-none-eabi/7.3.1/../../../../arm-none-eabi/lib/thumb/v7e-m/fpv4-sp/hard\libc_nano.a(lib_a-impure.o)
                0x20000410                _impure_ptr
 .data.impure_data
                0x20000414       0x60 f:/programs/eclipse/eclipse-oxygen/plugins/fr.ac6.mcu.externaltools.arm-none.win32_1.17.0.201812190825/tools/compiler/bin/../lib/gcc/arm-none-eabi/7.3.1/../../../../arm-none-eabi/lib/thumb/v7e-m/fpv4-sp/hard\libc_nano.a(lib_a-impure.o)
                0x20000474                . = ALIGN (0x4)
                0x20000474                _edata = .

.igot.plt       0x20000474        0x0 load address 0x080059fc
 .igot.plt      0x20000474        0x0 f:/programs/eclipse/eclipse-oxygen/plugins/fr.ac6.mcu.externaltools.arm-none.win32_1.17.0.201812190825/tools/compiler/bin/../lib/gcc/arm-none-eabi/7.3.1/thumb/v7e-m/fpv4-sp/hard/crtbegin.o
                0x20000474                . = ALIGN (0x4)

.bss            0x20000474      0x270 load address 0x080059fc
                0x20000474                _sbss = .
                0x20000474                __bss_start__ = _sbss
 *(.bss)
 .bss           0x20000474       0x1c f:/programs/eclipse/eclipse-oxygen/plugins/fr.ac6.mcu.externaltools.arm-none.win32_1.17.0.201812190825/tools/compiler/bin/../lib/gcc/arm-none-eabi/7.3.1/thumb/v7e-m/fpv4-sp/hard/crtbegin.o
 .bss           0x20000490       0x40 Src/main.o
 .bss           0x200004d0        0x1 F:\ITI\Graduation\Digital-Hearing-Aid-STM32\I2S_Configuration_3\Middlewares\ST\STM32_Audio\Addons\PDM\Lib/libPDMFilter_CM4_GCC_wc32.a(pdm_filter.o)
 *(.bss*)
 *(COMMON)
 *fill*         0x200004d1        0x3 
 COMMON         0x200004d4        0x4 Drivers/STM32F4xx_HAL_Driver/Src/stm32f4xx_hal.o
                0x200004d4                uwTick
 COMMON         0x200004d8        0x8 Src/crc.o
                0x200004d8                hcrc
 COMMON         0x200004e0       0x74 Src/dac.o
                0x200004e0                hdma_dac1
                0x20000540                hdac
 COMMON         0x20000554       0xa8 Src/i2s.o
                0x20000554                hdma_spi2_rx
                0x200005b4                hi2s2
 COMMON         0x200005fc       0x94 Src/main.o
                0x200005fc                PCM_Buffer
                0x20000610                PDM_Buffer
 COMMON         0x20000690       0x54 Src/pdm2pcm.o
                0x20000690                PDM1_filter_config
                0x20000698                PDM1_filter_handler
                0x200006e4                . = ALIGN (0x4)
                0x200006e4                _ebss = .
                0x200006e4                __bss_end__ = _ebss

._user_heap_stack
                0x200006e4      0x604 load address 0x080059fc
                0x200006e8                . = ALIGN (0x8)
 *fill*         0x200006e4        0x4 
                [!provide]                PROVIDE (end = .)
                [!provide]                PROVIDE (_end = .)
                0x200008e8                . = (. + _Min_Heap_Size)
 *fill*         0x200006e8      0x200 
                0x20000ce8                . = (. + _Min_Stack_Size)
 *fill*         0x200008e8      0x400 
                0x20000ce8                . = ALIGN (0x8)

/DISCARD/
 libc.a(*)
 libm.a(*)
 libgcc.a(*)

.ARM.attributes
                0x00000000       0x30
 *(.ARM.attributes)
 .ARM.attributes
                0x00000000       0x22 f:/programs/eclipse/eclipse-oxygen/plugins/fr.ac6.mcu.externaltools.arm-none.win32_1.17.0.201812190825/tools/compiler/bin/../lib/gcc/arm-none-eabi/7.3.1/thumb/v7e-m/fpv4-sp/hard/crti.o
 .ARM.attributes
                0x00000022       0x34 f:/programs/eclipse/eclipse-oxygen/plugins/fr.ac6.mcu.externaltools.arm-none.win32_1.17.0.201812190825/tools/compiler/bin/../lib/gcc/arm-none-eabi/7.3.1/thumb/v7e-m/fpv4-sp/hard/crtbegin.o
 .ARM.attributes
                0x00000056       0x39 Drivers/STM32F4xx_HAL_Driver/Src/stm32f4xx_hal.o
 .ARM.attributes
                0x0000008f       0x39 Drivers/STM32F4xx_HAL_Driver/Src/stm32f4xx_hal_cortex.o
 .ARM.attributes
                0x000000c8       0x39 Drivers/STM32F4xx_HAL_Driver/Src/stm32f4xx_hal_crc.o
 .ARM.attributes
                0x00000101       0x39 Drivers/STM32F4xx_HAL_Driver/Src/stm32f4xx_hal_dac.o
 .ARM.attributes
                0x0000013a       0x39 Drivers/STM32F4xx_HAL_Driver/Src/stm32f4xx_hal_dac_ex.o
 .ARM.attributes
                0x00000173       0x39 Drivers/STM32F4xx_HAL_Driver/Src/stm32f4xx_hal_dma.o
 .ARM.attributes
                0x000001ac       0x39 Drivers/STM32F4xx_HAL_Driver/Src/stm32f4xx_hal_gpio.o
 .ARM.attributes
                0x000001e5       0x39 Drivers/STM32F4xx_HAL_Driver/Src/stm32f4xx_hal_i2s.o
 .ARM.attributes
                0x0000021e       0x39 Drivers/STM32F4xx_HAL_Driver/Src/stm32f4xx_hal_rcc.o
 .ARM.attributes
                0x00000257       0x39 Drivers/STM32F4xx_HAL_Driver/Src/stm32f4xx_hal_rcc_ex.o
 .ARM.attributes
                0x00000290       0x39 Src/crc.o
 .ARM.attributes
                0x000002c9       0x39 Src/dac.o
 .ARM.attributes
                0x00000302       0x39 Src/dma.o
 .ARM.attributes
                0x0000033b       0x39 Src/gpio.o
 .ARM.attributes
                0x00000374       0x39 Src/i2s.o
 .ARM.attributes
                0x000003ad       0x39 Src/main.o
 .ARM.attributes
                0x000003e6       0x39 Src/pdm2pcm.o
 .ARM.attributes
                0x0000041f       0x39 Src/stm32f4xx_hal_msp.o
 .ARM.attributes
                0x00000458       0x39 Src/stm32f4xx_it.o
 .ARM.attributes
                0x00000491       0x39 Src/system_stm32f4xx.o
 .ARM.attributes
                0x000004ca       0x21 startup/startup_stm32f446xx.o
 .ARM.attributes
                0x000004eb       0x39 F:\ITI\Graduation\Digital-Hearing-Aid-STM32\I2S_Configuration_3\Middlewares\ST\STM32_Audio\Addons\PDM\Lib/libPDMFilter_CM4_GCC_wc32.a(pdm_filter.o)
 .ARM.attributes
                0x00000524       0x39 F:\ITI\Graduation\Digital-Hearing-Aid-STM32\I2S_Configuration_3\Middlewares\ST\STM32_Audio\Addons\PDM\Lib/libPDMFilter_CM4_GCC_wc32.a(stm32_crc_lock.o)
 .ARM.attributes
                0x0000055d       0x34 f:/programs/eclipse/eclipse-oxygen/plugins/fr.ac6.mcu.externaltools.arm-none.win32_1.17.0.201812190825/tools/compiler/bin/../lib/gcc/arm-none-eabi/7.3.1/../../../../arm-none-eabi/lib/thumb/v7e-m/fpv4-sp/hard\libm.a(lib_a-sf_round.o)
 .ARM.attributes
                0x00000591       0x34 f:/programs/eclipse/eclipse-oxygen/plugins/fr.ac6.mcu.externaltools.arm-none.win32_1.17.0.201812190825/tools/compiler/bin/../lib/gcc/arm-none-eabi/7.3.1/../../../../arm-none-eabi/lib/thumb/v7e-m/fpv4-sp/hard\libm.a(lib_a-wf_pow.o)
 .ARM.attributes
                0x000005c5       0x34 f:/programs/eclipse/eclipse-oxygen/plugins/fr.ac6.mcu.externaltools.arm-none.win32_1.17.0.201812190825/tools/compiler/bin/../lib/gcc/arm-none-eabi/7.3.1/../../../../arm-none-eabi/lib/thumb/v7e-m/fpv4-sp/hard\libm.a(lib_a-ef_pow.o)
 .ARM.attributes
                0x000005f9       0x34 f:/programs/eclipse/eclipse-oxygen/plugins/fr.ac6.mcu.externaltools.arm-none.win32_1.17.0.201812190825/tools/compiler/bin/../lib/gcc/arm-none-eabi/7.3.1/../../../../arm-none-eabi/lib/thumb/v7e-m/fpv4-sp/hard\libm.a(lib_a-ef_sqrt.o)
 .ARM.attributes
                0x0000062d       0x34 f:/programs/eclipse/eclipse-oxygen/plugins/fr.ac6.mcu.externaltools.arm-none.win32_1.17.0.201812190825/tools/compiler/bin/../lib/gcc/arm-none-eabi/7.3.1/../../../../arm-none-eabi/lib/thumb/v7e-m/fpv4-sp/hard\libm.a(lib_a-s_lib_ver.o)
 .ARM.attributes
                0x00000661       0x34 f:/programs/eclipse/eclipse-oxygen/plugins/fr.ac6.mcu.externaltools.arm-none.win32_1.17.0.201812190825/tools/compiler/bin/../lib/gcc/arm-none-eabi/7.3.1/../../../../arm-none-eabi/lib/thumb/v7e-m/fpv4-sp/hard\libm.a(lib_a-s_matherr.o)
 .ARM.attributes
                0x00000695       0x34 f:/programs/eclipse/eclipse-oxygen/plugins/fr.ac6.mcu.externaltools.arm-none.win32_1.17.0.201812190825/tools/compiler/bin/../lib/gcc/arm-none-eabi/7.3.1/../../../../arm-none-eabi/lib/thumb/v7e-m/fpv4-sp/hard\libm.a(lib_a-sf_fabs.o)
 .ARM.attributes
                0x000006c9       0x34 f:/programs/eclipse/eclipse-oxygen/plugins/fr.ac6.mcu.externaltools.arm-none.win32_1.17.0.201812190825/tools/compiler/bin/../lib/gcc/arm-none-eabi/7.3.1/../../../../arm-none-eabi/lib/thumb/v7e-m/fpv4-sp/hard\libm.a(lib_a-sf_finite.o)
 .ARM.attributes
                0x000006fd       0x34 f:/programs/eclipse/eclipse-oxygen/plugins/fr.ac6.mcu.externaltools.arm-none.win32_1.17.0.201812190825/tools/compiler/bin/../lib/gcc/arm-none-eabi/7.3.1/../../../../arm-none-eabi/lib/thumb/v7e-m/fpv4-sp/hard\libm.a(lib_a-sf_nan.o)
 .ARM.attributes
                0x00000731       0x34 f:/programs/eclipse/eclipse-oxygen/plugins/fr.ac6.mcu.externaltools.arm-none.win32_1.17.0.201812190825/tools/compiler/bin/../lib/gcc/arm-none-eabi/7.3.1/../../../../arm-none-eabi/lib/thumb/v7e-m/fpv4-sp/hard\libm.a(lib_a-sf_rint.o)
 .ARM.attributes
                0x00000765       0x34 f:/programs/eclipse/eclipse-oxygen/plugins/fr.ac6.mcu.externaltools.arm-none.win32_1.17.0.201812190825/tools/compiler/bin/../lib/gcc/arm-none-eabi/7.3.1/../../../../arm-none-eabi/lib/thumb/v7e-m/fpv4-sp/hard\libm.a(lib_a-sf_scalbn.o)
 .ARM.attributes
                0x00000799       0x34 f:/programs/eclipse/eclipse-oxygen/plugins/fr.ac6.mcu.externaltools.arm-none.win32_1.17.0.201812190825/tools/compiler/bin/../lib/gcc/arm-none-eabi/7.3.1/../../../../arm-none-eabi/lib/thumb/v7e-m/fpv4-sp/hard\libm.a(lib_a-sf_copysign.o)
 .ARM.attributes
                0x000007cd       0x22 f:/programs/eclipse/eclipse-oxygen/plugins/fr.ac6.mcu.externaltools.arm-none.win32_1.17.0.201812190825/tools/compiler/bin/../lib/gcc/arm-none-eabi/7.3.1/thumb/v7e-m/fpv4-sp/hard\libgcc.a(_arm_addsubdf3.o)
 .ARM.attributes
                0x000007ef       0x22 f:/programs/eclipse/eclipse-oxygen/plugins/fr.ac6.mcu.externaltools.arm-none.win32_1.17.0.201812190825/tools/compiler/bin/../lib/gcc/arm-none-eabi/7.3.1/thumb/v7e-m/fpv4-sp/hard\libgcc.a(_arm_truncdfsf2.o)
 .ARM.attributes
                0x00000811       0x22 f:/programs/eclipse/eclipse-oxygen/plugins/fr.ac6.mcu.externaltools.arm-none.win32_1.17.0.201812190825/tools/compiler/bin/../lib/gcc/arm-none-eabi/7.3.1/thumb/v7e-m/fpv4-sp/hard\libgcc.a(_aeabi_uldivmod.o)
 .ARM.attributes
                0x00000833       0x34 f:/programs/eclipse/eclipse-oxygen/plugins/fr.ac6.mcu.externaltools.arm-none.win32_1.17.0.201812190825/tools/compiler/bin/../lib/gcc/arm-none-eabi/7.3.1/thumb/v7e-m/fpv4-sp/hard\libgcc.a(_udivmoddi4.o)
 .ARM.attributes
                0x00000867       0x22 f:/programs/eclipse/eclipse-oxygen/plugins/fr.ac6.mcu.externaltools.arm-none.win32_1.17.0.201812190825/tools/compiler/bin/../lib/gcc/arm-none-eabi/7.3.1/thumb/v7e-m/fpv4-sp/hard\libgcc.a(_dvmd_tls.o)
 .ARM.attributes
                0x00000889       0x34 f:/programs/eclipse/eclipse-oxygen/plugins/fr.ac6.mcu.externaltools.arm-none.win32_1.17.0.201812190825/tools/compiler/bin/../lib/gcc/arm-none-eabi/7.3.1/../../../../arm-none-eabi/lib/thumb/v7e-m/fpv4-sp/hard\libc_nano.a(lib_a-errno.o)
 .ARM.attributes
                0x000008bd       0x34 f:/programs/eclipse/eclipse-oxygen/plugins/fr.ac6.mcu.externaltools.arm-none.win32_1.17.0.201812190825/tools/compiler/bin/../lib/gcc/arm-none-eabi/7.3.1/../../../../arm-none-eabi/lib/thumb/v7e-m/fpv4-sp/hard\libc_nano.a(lib_a-impure.o)
 .ARM.attributes
                0x000008f1       0x34 f:/programs/eclipse/eclipse-oxygen/plugins/fr.ac6.mcu.externaltools.arm-none.win32_1.17.0.201812190825/tools/compiler/bin/../lib/gcc/arm-none-eabi/7.3.1/../../../../arm-none-eabi/lib/thumb/v7e-m/fpv4-sp/hard\libc_nano.a(lib_a-init.o)
 .ARM.attributes
                0x00000925       0x34 f:/programs/eclipse/eclipse-oxygen/plugins/fr.ac6.mcu.externaltools.arm-none.win32_1.17.0.201812190825/tools/compiler/bin/../lib/gcc/arm-none-eabi/7.3.1/../../../../arm-none-eabi/lib/thumb/v7e-m/fpv4-sp/hard\libc_nano.a(lib_a-memset.o)
 .ARM.attributes
                0x00000959       0x22 f:/programs/eclipse/eclipse-oxygen/plugins/fr.ac6.mcu.externaltools.arm-none.win32_1.17.0.201812190825/tools/compiler/bin/../lib/gcc/arm-none-eabi/7.3.1/thumb/v7e-m/fpv4-sp/hard/crtn.o
OUTPUT(I2S_Configuration_3.elf elf32-littlearm)

.debug_info     0x00000000     0xae7e
 .debug_info    0x00000000      0xa1e Drivers/STM32F4xx_HAL_Driver/Src/stm32f4xx_hal.o
 .debug_info    0x00000a1e      0xf58 Drivers/STM32F4xx_HAL_Driver/Src/stm32f4xx_hal_cortex.o
 .debug_info    0x00001976      0x416 Drivers/STM32F4xx_HAL_Driver/Src/stm32f4xx_hal_crc.o
 .debug_info    0x00001d8c      0xad5 Drivers/STM32F4xx_HAL_Driver/Src/stm32f4xx_hal_dac.o
 .debug_info    0x00002861      0x7a3 Drivers/STM32F4xx_HAL_Driver/Src/stm32f4xx_hal_dac_ex.o
 .debug_info    0x00003004      0xa5b Drivers/STM32F4xx_HAL_Driver/Src/stm32f4xx_hal_dma.o
 .debug_info    0x00003a5f      0x7be Drivers/STM32F4xx_HAL_Driver/Src/stm32f4xx_hal_gpio.o
 .debug_info    0x0000421d      0xf90 Drivers/STM32F4xx_HAL_Driver/Src/stm32f4xx_hal_i2s.o
 .debug_info    0x000051ad      0xa79 Drivers/STM32F4xx_HAL_Driver/Src/stm32f4xx_hal_rcc.o
 .debug_info    0x00005c26      0xbe8 Drivers/STM32F4xx_HAL_Driver/Src/stm32f4xx_hal_rcc_ex.o
 .debug_info    0x0000680e      0x4fb Src/crc.o
 .debug_info    0x00006d09      0x9f2 Src/dac.o
 .debug_info    0x000076fb      0x5ea Src/dma.o
 .debug_info    0x00007ce5      0x4fc Src/gpio.o
 .debug_info    0x000081e1      0xaa8 Src/i2s.o
 .debug_info    0x00008c89     0x1227 Src/main.o
 .debug_info    0x00009eb0      0x2af Src/pdm2pcm.o
 .debug_info    0x0000a15f      0x344 Src/stm32f4xx_hal_msp.o
 .debug_info    0x0000a4a3      0x47e Src/stm32f4xx_it.o
 .debug_info    0x0000a921      0x53b Src/system_stm32f4xx.o
 .debug_info    0x0000ae5c       0x22 startup/startup_stm32f446xx.o

.debug_abbrev   0x00000000     0x24fd
 .debug_abbrev  0x00000000      0x1f1 Drivers/STM32F4xx_HAL_Driver/Src/stm32f4xx_hal.o
 .debug_abbrev  0x000001f1      0x328 Drivers/STM32F4xx_HAL_Driver/Src/stm32f4xx_hal_cortex.o
 .debug_abbrev  0x00000519      0x1d0 Drivers/STM32F4xx_HAL_Driver/Src/stm32f4xx_hal_crc.o
 .debug_abbrev  0x000006e9      0x203 Drivers/STM32F4xx_HAL_Driver/Src/stm32f4xx_hal_dac.o
 .debug_abbrev  0x000008ec      0x21d Drivers/STM32F4xx_HAL_Driver/Src/stm32f4xx_hal_dac_ex.o
 .debug_abbrev  0x00000b09      0x290 Drivers/STM32F4xx_HAL_Driver/Src/stm32f4xx_hal_dma.o
 .debug_abbrev  0x00000d99      0x1e7 Drivers/STM32F4xx_HAL_Driver/Src/stm32f4xx_hal_gpio.o
 .debug_abbrev  0x00000f80      0x23a Drivers/STM32F4xx_HAL_Driver/Src/stm32f4xx_hal_i2s.o
 .debug_abbrev  0x000011ba      0x273 Drivers/STM32F4xx_HAL_Driver/Src/stm32f4xx_hal_rcc.o
 .debug_abbrev  0x0000142d      0x229 Drivers/STM32F4xx_HAL_Driver/Src/stm32f4xx_hal_rcc_ex.o
 .debug_abbrev  0x00001656      0x176 Src/crc.o
 .debug_abbrev  0x000017cc      0x1cf Src/dac.o
 .debug_abbrev  0x0000199b      0x140 Src/dma.o
 .debug_abbrev  0x00001adb      0x162 Src/gpio.o
 .debug_abbrev  0x00001c3d      0x1cf Src/i2s.o
 .debug_abbrev  0x00001e0c      0x230 Src/main.o
 .debug_abbrev  0x0000203c      0x137 Src/pdm2pcm.o
 .debug_abbrev  0x00002173       0xef Src/stm32f4xx_hal_msp.o
 .debug_abbrev  0x00002262      0x178 Src/stm32f4xx_it.o
 .debug_abbrev  0x000023da      0x111 Src/system_stm32f4xx.o
 .debug_abbrev  0x000024eb       0x12 startup/startup_stm32f446xx.o

.debug_loc      0x00000000     0x40d0
 .debug_loc     0x00000000       0xfd Drivers/STM32F4xx_HAL_Driver/Src/stm32f4xx_hal.o
 .debug_loc     0x000000fd      0x5ce Drivers/STM32F4xx_HAL_Driver/Src/stm32f4xx_hal_cortex.o
 .debug_loc     0x000006cb      0x21b Drivers/STM32F4xx_HAL_Driver/Src/stm32f4xx_hal_crc.o
 .debug_loc     0x000008e6      0x756 Drivers/STM32F4xx_HAL_Driver/Src/stm32f4xx_hal_dac.o
 .debug_loc     0x0000103c      0x32f Drivers/STM32F4xx_HAL_Driver/Src/stm32f4xx_hal_dac_ex.o
 .debug_loc     0x0000136b      0xb4e Drivers/STM32F4xx_HAL_Driver/Src/stm32f4xx_hal_dma.o
 .debug_loc     0x00001eb9      0x497 Drivers/STM32F4xx_HAL_Driver/Src/stm32f4xx_hal_gpio.o
 .debug_loc     0x00002350      0xbee Drivers/STM32F4xx_HAL_Driver/Src/stm32f4xx_hal_i2s.o
 .debug_loc     0x00002f3e      0x3f1 Drivers/STM32F4xx_HAL_Driver/Src/stm32f4xx_hal_rcc.o
 .debug_loc     0x0000332f      0xafc Drivers/STM32F4xx_HAL_Driver/Src/stm32f4xx_hal_rcc_ex.o
 .debug_loc     0x00003e2b       0x63 Src/dac.o
 .debug_loc     0x00003e8e       0x63 Src/i2s.o
 .debug_loc     0x00003ef1       0x80 Src/main.o
 .debug_loc     0x00003f71       0x21 Src/pdm2pcm.o
 .debug_loc     0x00003f92      0x13e Src/system_stm32f4xx.o

.debug_aranges  0x00000000      0x828
 .debug_aranges
                0x00000000       0xf0 Drivers/STM32F4xx_HAL_Driver/Src/stm32f4xx_hal.o
 .debug_aranges
                0x000000f0       0xa8 Drivers/STM32F4xx_HAL_Driver/Src/stm32f4xx_hal_cortex.o
 .debug_aranges
                0x00000198       0x50 Drivers/STM32F4xx_HAL_Driver/Src/stm32f4xx_hal_crc.o
 .debug_aranges
                0x000001e8       0xc0 Drivers/STM32F4xx_HAL_Driver/Src/stm32f4xx_hal_dac.o
 .debug_aranges
                0x000002a8       0x70 Drivers/STM32F4xx_HAL_Driver/Src/stm32f4xx_hal_dac_ex.o
 .debug_aranges
                0x00000318       0x90 Drivers/STM32F4xx_HAL_Driver/Src/stm32f4xx_hal_dma.o
 .debug_aranges
                0x000003a8       0x58 Drivers/STM32F4xx_HAL_Driver/Src/stm32f4xx_hal_gpio.o
 .debug_aranges
                0x00000400      0x108 Drivers/STM32F4xx_HAL_Driver/Src/stm32f4xx_hal_i2s.o
 .debug_aranges
                0x00000508       0x88 Drivers/STM32F4xx_HAL_Driver/Src/stm32f4xx_hal_rcc.o
 .debug_aranges
                0x00000590       0x78 Drivers/STM32F4xx_HAL_Driver/Src/stm32f4xx_hal_rcc_ex.o
 .debug_aranges
                0x00000608       0x30 Src/crc.o
 .debug_aranges
                0x00000638       0x30 Src/dac.o
 .debug_aranges
                0x00000668       0x20 Src/dma.o
 .debug_aranges
                0x00000688       0x20 Src/gpio.o
 .debug_aranges
                0x000006a8       0x30 Src/i2s.o
 .debug_aranges
                0x000006d8       0x48 Src/main.o
 .debug_aranges
                0x00000720       0x28 Src/pdm2pcm.o
 .debug_aranges
                0x00000748       0x20 Src/stm32f4xx_hal_msp.o
 .debug_aranges
                0x00000768       0x70 Src/stm32f4xx_it.o
 .debug_aranges
                0x000007d8       0x28 Src/system_stm32f4xx.o
 .debug_aranges
                0x00000800       0x28 startup/startup_stm32f446xx.o

.debug_ranges   0x00000000      0x770
 .debug_ranges  0x00000000       0xe0 Drivers/STM32F4xx_HAL_Driver/Src/stm32f4xx_hal.o
 .debug_ranges  0x000000e0       0xf8 Drivers/STM32F4xx_HAL_Driver/Src/stm32f4xx_hal_cortex.o
 .debug_ranges  0x000001d8       0x40 Drivers/STM32F4xx_HAL_Driver/Src/stm32f4xx_hal_crc.o
 .debug_ranges  0x00000218       0xb0 Drivers/STM32F4xx_HAL_Driver/Src/stm32f4xx_hal_dac.o
 .debug_ranges  0x000002c8       0x60 Drivers/STM32F4xx_HAL_Driver/Src/stm32f4xx_hal_dac_ex.o
 .debug_ranges  0x00000328       0x80 Drivers/STM32F4xx_HAL_Driver/Src/stm32f4xx_hal_dma.o
 .debug_ranges  0x000003a8       0x48 Drivers/STM32F4xx_HAL_Driver/Src/stm32f4xx_hal_gpio.o
 .debug_ranges  0x000003f0       0xf8 Drivers/STM32F4xx_HAL_Driver/Src/stm32f4xx_hal_i2s.o
 .debug_ranges  0x000004e8       0x90 Drivers/STM32F4xx_HAL_Driver/Src/stm32f4xx_hal_rcc.o
 .debug_ranges  0x00000578       0x80 Drivers/STM32F4xx_HAL_Driver/Src/stm32f4xx_hal_rcc_ex.o
 .debug_ranges  0x000005f8       0x20 Src/crc.o
 .debug_ranges  0x00000618       0x20 Src/dac.o
 .debug_ranges  0x00000638       0x10 Src/dma.o
 .debug_ranges  0x00000648       0x10 Src/gpio.o
 .debug_ranges  0x00000658       0x20 Src/i2s.o
 .debug_ranges  0x00000678       0x38 Src/main.o
 .debug_ranges  0x000006b0       0x18 Src/pdm2pcm.o
 .debug_ranges  0x000006c8       0x10 Src/stm32f4xx_hal_msp.o
 .debug_ranges  0x000006d8       0x60 Src/stm32f4xx_it.o
 .debug_ranges  0x00000738       0x18 Src/system_stm32f4xx.o
 .debug_ranges  0x00000750       0x20 startup/startup_stm32f446xx.o

.debug_macro    0x00000000    0x21461
 .debug_macro   0x00000000      0x243 Drivers/STM32F4xx_HAL_Driver/Src/stm32f4xx_hal.o
 .debug_macro   0x00000243      0xa60 Drivers/STM32F4xx_HAL_Driver/Src/stm32f4xx_hal.o
 .debug_macro   0x00000ca3      0x18c Drivers/STM32F4xx_HAL_Driver/Src/stm32f4xx_hal.o
 .debug_macro   0x00000e2f       0x32 Drivers/STM32F4xx_HAL_Driver/Src/stm32f4xx_hal.o
 .debug_macro   0x00000e61       0x28 Drivers/STM32F4xx_HAL_Driver/Src/stm32f4xx_hal.o
 .debug_macro   0x00000e89       0x22 Drivers/STM32F4xx_HAL_Driver/Src/stm32f4xx_hal.o
 .debug_macro   0x00000eab       0x8e Drivers/STM32F4xx_HAL_Driver/Src/stm32f4xx_hal.o
 .debug_macro   0x00000f39       0x51 Drivers/STM32F4xx_HAL_Driver/Src/stm32f4xx_hal.o
 .debug_macro   0x00000f8a       0xef Drivers/STM32F4xx_HAL_Driver/Src/stm32f4xx_hal.o
 .debug_macro   0x00001079       0x6a Drivers/STM32F4xx_HAL_Driver/Src/stm32f4xx_hal.o
 .debug_macro   0x000010e3      0x1df Drivers/STM32F4xx_HAL_Driver/Src/stm32f4xx_hal.o
 .debug_macro   0x000012c2       0x1c Drivers/STM32F4xx_HAL_Driver/Src/stm32f4xx_hal.o
 .debug_macro   0x000012de       0x22 Drivers/STM32F4xx_HAL_Driver/Src/stm32f4xx_hal.o
 .debug_macro   0x00001300       0xdf Drivers/STM32F4xx_HAL_Driver/Src/stm32f4xx_hal.o
 .debug_macro   0x000013df     0x102d Drivers/STM32F4xx_HAL_Driver/Src/stm32f4xx_hal.o
 .debug_macro   0x0000240c      0x11f Drivers/STM32F4xx_HAL_Driver/Src/stm32f4xx_hal.o
 .debug_macro   0x0000252b    0x16734 Drivers/STM32F4xx_HAL_Driver/Src/stm32f4xx_hal.o
 .debug_macro   0x00018c5f       0x43 Drivers/STM32F4xx_HAL_Driver/Src/stm32f4xx_hal.o
 .debug_macro   0x00018ca2     0x35d4 Drivers/STM32F4xx_HAL_Driver/Src/stm32f4xx_hal.o
 .debug_macro   0x0001c276      0x174 Drivers/STM32F4xx_HAL_Driver/Src/stm32f4xx_hal.o
 .debug_macro   0x0001c3ea       0x4e Drivers/STM32F4xx_HAL_Driver/Src/stm32f4xx_hal.o
 .debug_macro   0x0001c438      0xc90 Drivers/STM32F4xx_HAL_Driver/Src/stm32f4xx_hal.o
 .debug_macro   0x0001d0c8      0x9fe Drivers/STM32F4xx_HAL_Driver/Src/stm32f4xx_hal.o
 .debug_macro   0x0001dac6      0x117 Drivers/STM32F4xx_HAL_Driver/Src/stm32f4xx_hal.o
 .debug_macro   0x0001dbdd      0x1a0 Drivers/STM32F4xx_HAL_Driver/Src/stm32f4xx_hal.o
 .debug_macro   0x0001dd7d       0x27 Drivers/STM32F4xx_HAL_Driver/Src/stm32f4xx_hal.o
 .debug_macro   0x0001dda4      0x287 Drivers/STM32F4xx_HAL_Driver/Src/stm32f4xx_hal.o
 .debug_macro   0x0001e02b       0x5f Drivers/STM32F4xx_HAL_Driver/Src/stm32f4xx_hal.o
 .debug_macro   0x0001e08a      0x236 Drivers/STM32F4xx_HAL_Driver/Src/stm32f4xx_hal.o
 .debug_macro   0x0001e2c0       0x22 Drivers/STM32F4xx_HAL_Driver/Src/stm32f4xx_hal.o
 .debug_macro   0x0001e2e2       0xea Drivers/STM32F4xx_HAL_Driver/Src/stm32f4xx_hal.o
 .debug_macro   0x0001e3cc       0xa0 Drivers/STM32F4xx_HAL_Driver/Src/stm32f4xx_hal.o
 .debug_macro   0x0001e46c       0x3c Drivers/STM32F4xx_HAL_Driver/Src/stm32f4xx_hal.o
 .debug_macro   0x0001e4a8      0x132 Drivers/STM32F4xx_HAL_Driver/Src/stm32f4xx_hal.o
 .debug_macro   0x0001e5da      0x29c Drivers/STM32F4xx_HAL_Driver/Src/stm32f4xx_hal.o
 .debug_macro   0x0001e876       0x2e Drivers/STM32F4xx_HAL_Driver/Src/stm32f4xx_hal.o
 .debug_macro   0x0001e8a4      0x1a7 Drivers/STM32F4xx_HAL_Driver/Src/stm32f4xx_hal.o
 .debug_macro   0x0001ea4b       0x4a Drivers/STM32F4xx_HAL_Driver/Src/stm32f4xx_hal.o
 .debug_macro   0x0001ea95      0x11a Drivers/STM32F4xx_HAL_Driver/Src/stm32f4xx_hal.o
 .debug_macro   0x0001ebaf       0xe8 Drivers/STM32F4xx_HAL_Driver/Src/stm32f4xx_hal.o
 .debug_macro   0x0001ec97       0x89 Drivers/STM32F4xx_HAL_Driver/Src/stm32f4xx_hal.o
 .debug_macro   0x0001ed20      0x126 Drivers/STM32F4xx_HAL_Driver/Src/stm32f4xx_hal.o
 .debug_macro   0x0001ee46      0x1e3 Drivers/STM32F4xx_HAL_Driver/Src/stm32f4xx_hal_cortex.o
 .debug_macro   0x0001f029      0x1e3 Drivers/STM32F4xx_HAL_Driver/Src/stm32f4xx_hal_crc.o
 .debug_macro   0x0001f20c      0x1e4 Drivers/STM32F4xx_HAL_Driver/Src/stm32f4xx_hal_dac.o
 .debug_macro   0x0001f3f0      0x1e3 Drivers/STM32F4xx_HAL_Driver/Src/stm32f4xx_hal_dac_ex.o
 .debug_macro   0x0001f5d3      0x1e9 Drivers/STM32F4xx_HAL_Driver/Src/stm32f4xx_hal_dma.o
 .debug_macro   0x0001f7bc      0x219 Drivers/STM32F4xx_HAL_Driver/Src/stm32f4xx_hal_gpio.o
 .debug_macro   0x0001f9d5      0x1e4 Drivers/STM32F4xx_HAL_Driver/Src/stm32f4xx_hal_i2s.o
 .debug_macro   0x0001fbb9      0x207 Drivers/STM32F4xx_HAL_Driver/Src/stm32f4xx_hal_rcc.o
 .debug_macro   0x0001fdc0      0x1e3 Drivers/STM32F4xx_HAL_Driver/Src/stm32f4xx_hal_rcc_ex.o
 .debug_macro   0x0001ffa3      0x1f7 Src/crc.o
 .debug_macro   0x0002019a      0x1f7 Src/dac.o
 .debug_macro   0x00020391      0x1f7 Src/dma.o
 .debug_macro   0x00020588      0x1f7 Src/gpio.o
 .debug_macro   0x0002077f      0x1f7 Src/i2s.o
 .debug_macro   0x00020976      0x29c Src/main.o
 .debug_macro   0x00020c12       0x82 Src/main.o
 .debug_macro   0x00020c94      0x200 Src/pdm2pcm.o
 .debug_macro   0x00020e94      0x1ed Src/stm32f4xx_hal_msp.o
 .debug_macro   0x00021081      0x1f7 Src/stm32f4xx_it.o
 .debug_macro   0x00021278      0x1e9 Src/system_stm32f4xx.o

.debug_line     0x00000000     0xb27f
 .debug_line    0x00000000      0x973 Drivers/STM32F4xx_HAL_Driver/Src/stm32f4xx_hal.o
 .debug_line    0x00000973      0x9c9 Drivers/STM32F4xx_HAL_Driver/Src/stm32f4xx_hal_cortex.o
 .debug_line    0x0000133c      0x841 Drivers/STM32F4xx_HAL_Driver/Src/stm32f4xx_hal_crc.o
 .debug_line    0x00001b7d      0xa06 Drivers/STM32F4xx_HAL_Driver/Src/stm32f4xx_hal_dac.o
 .debug_line    0x00002583      0x8a6 Drivers/STM32F4xx_HAL_Driver/Src/stm32f4xx_hal_dac_ex.o
 .debug_line    0x00002e29      0xaa0 Drivers/STM32F4xx_HAL_Driver/Src/stm32f4xx_hal_dma.o
 .debug_line    0x000038c9      0x8f5 Drivers/STM32F4xx_HAL_Driver/Src/stm32f4xx_hal_gpio.o
 .debug_line    0x000041be      0xca1 Drivers/STM32F4xx_HAL_Driver/Src/stm32f4xx_hal_i2s.o
 .debug_line    0x00004e5f      0x9e8 Drivers/STM32F4xx_HAL_Driver/Src/stm32f4xx_hal_rcc.o
 .debug_line    0x00005847      0xb9f Drivers/STM32F4xx_HAL_Driver/Src/stm32f4xx_hal_rcc_ex.o
 .debug_line    0x000063e6      0x79a Src/crc.o
 .debug_line    0x00006b80      0x7b9 Src/dac.o
 .debug_line    0x00007339      0x772 Src/dma.o
 .debug_line    0x00007aab      0x77a Src/gpio.o
 .debug_line    0x00008225      0x7c3 Src/i2s.o
 .debug_line    0x000089e8      0x8d4 Src/main.o
 .debug_line    0x000092bc      0x80d Src/pdm2pcm.o
 .debug_line    0x00009ac9      0x774 Src/stm32f4xx_hal_msp.o
 .debug_line    0x0000a23d      0x828 Src/stm32f4xx_it.o
 .debug_line    0x0000aa65      0x79b Src/system_stm32f4xx.o
 .debug_line    0x0000b200       0x7f startup/startup_stm32f446xx.o

.debug_str      0x00000000    0xc3ed9
 .debug_str     0x00000000    0xc179a Drivers/STM32F4xx_HAL_Driver/Src/stm32f4xx_hal.o
                              0xc1b34 (size before relaxing)
 .debug_str     0x000c179a      0x3a8 Drivers/STM32F4xx_HAL_Driver/Src/stm32f4xx_hal_cortex.o
                              0xc1845 (size before relaxing)
 .debug_str     0x000c1b42      0x1a5 Drivers/STM32F4xx_HAL_Driver/Src/stm32f4xx_hal_crc.o
                              0xc0f8d (size before relaxing)
 .debug_str     0x000c1ce7      0x566 Drivers/STM32F4xx_HAL_Driver/Src/stm32f4xx_hal_dac.o
                              0xc13ac (size before relaxing)
 .debug_str     0x000c224d      0x154 Drivers/STM32F4xx_HAL_Driver/Src/stm32f4xx_hal_dac_ex.o
                              0xc129c (size before relaxing)
 .debug_str     0x000c23a1      0x304 Drivers/STM32F4xx_HAL_Driver/Src/stm32f4xx_hal_dma.o
                              0xc1369 (size before relaxing)
 .debug_str     0x000c26a5      0x27b Drivers/STM32F4xx_HAL_Driver/Src/stm32f4xx_hal_gpio.o
                              0xc11ac (size before relaxing)
 .debug_str     0x000c2920      0x46a Drivers/STM32F4xx_HAL_Driver/Src/stm32f4xx_hal_i2s.o
                              0xc1525 (size before relaxing)
 .debug_str     0x000c2d8a      0x37e Drivers/STM32F4xx_HAL_Driver/Src/stm32f4xx_hal_rcc.o
                              0xc137b (size before relaxing)
 .debug_str     0x000c3108      0x301 Drivers/STM32F4xx_HAL_Driver/Src/stm32f4xx_hal_rcc_ex.o
                              0xc13ca (size before relaxing)
 .debug_str     0x000c3409       0x44 Src/crc.o
                              0xc1036 (size before relaxing)
 .debug_str     0x000c344d       0x36 Src/dac.o
                              0xc13b3 (size before relaxing)
 .debug_str     0x000c3483       0x22 Src/dma.o
                              0xc1433 (size before relaxing)
 .debug_str     0x000c34a5       0x25 Src/gpio.o
                              0xc0f9c (size before relaxing)
 .debug_str     0x000c34ca       0x40 Src/i2s.o
                              0xc142b (size before relaxing)
 .debug_str     0x000c350a      0x811 Src/main.o
                              0xc20ec (size before relaxing)
 .debug_str     0x000c3d1b       0x32 Src/pdm2pcm.o
                              0xc1283 (size before relaxing)
 .debug_str     0x000c3d4d       0x1b Src/stm32f4xx_hal_msp.o
                              0xc0ee1 (size before relaxing)
 .debug_str     0x000c3d68       0xe8 Src/stm32f4xx_it.o
                              0xc10fc (size before relaxing)
 .debug_str     0x000c3e50       0x5a Src/system_stm32f4xx.o
                              0xc0f68 (size before relaxing)
 .debug_str     0x000c3eaa       0x2f startup/startup_stm32f446xx.o
                                 0x75 (size before relaxing)

.comment        0x00000000       0xfe
 .comment       0x00000000       0x7f Drivers/STM32F4xx_HAL_Driver/Src/stm32f4xx_hal.o
                                 0x80 (size before relaxing)
 .comment       0x0000007f       0x80 Drivers/STM32F4xx_HAL_Driver/Src/stm32f4xx_hal_cortex.o
 .comment       0x0000007f       0x80 Drivers/STM32F4xx_HAL_Driver/Src/stm32f4xx_hal_crc.o
 .comment       0x0000007f       0x80 Drivers/STM32F4xx_HAL_Driver/Src/stm32f4xx_hal_dac.o
 .comment       0x0000007f       0x80 Drivers/STM32F4xx_HAL_Driver/Src/stm32f4xx_hal_dac_ex.o
 .comment       0x0000007f       0x80 Drivers/STM32F4xx_HAL_Driver/Src/stm32f4xx_hal_dma.o
 .comment       0x0000007f       0x80 Drivers/STM32F4xx_HAL_Driver/Src/stm32f4xx_hal_gpio.o
 .comment       0x0000007f       0x80 Drivers/STM32F4xx_HAL_Driver/Src/stm32f4xx_hal_i2s.o
 .comment       0x0000007f       0x80 Drivers/STM32F4xx_HAL_Driver/Src/stm32f4xx_hal_rcc.o
 .comment       0x0000007f       0x80 Drivers/STM32F4xx_HAL_Driver/Src/stm32f4xx_hal_rcc_ex.o
 .comment       0x0000007f       0x80 Src/crc.o
 .comment       0x0000007f       0x80 Src/dac.o
 .comment       0x0000007f       0x80 Src/dma.o
 .comment       0x0000007f       0x80 Src/gpio.o
 .comment       0x0000007f       0x80 Src/i2s.o
 .comment       0x0000007f       0x80 Src/main.o
 .comment       0x0000007f       0x80 Src/pdm2pcm.o
 .comment       0x0000007f       0x80 Src/stm32f4xx_hal_msp.o
 .comment       0x0000007f       0x80 Src/stm32f4xx_it.o
 .comment       0x0000007f       0x80 Src/system_stm32f4xx.o
 .comment       0x0000007f       0x7f F:\ITI\Graduation\Digital-Hearing-Aid-STM32\I2S_Configuration_3\Middlewares\ST\STM32_Audio\Addons\PDM\Lib/libPDMFilter_CM4_GCC_wc32.a(pdm_filter.o)
                                 0x80 (size before relaxing)
 .comment       0x000000fe       0x80 F:\ITI\Graduation\Digital-Hearing-Aid-STM32\I2S_Configuration_3\Middlewares\ST\STM32_Audio\Addons\PDM\Lib/libPDMFilter_CM4_GCC_wc32.a(stm32_crc_lock.o)

.debug_frame    0x00000000     0x16c8
 .debug_frame   0x00000000      0x1ec Drivers/STM32F4xx_HAL_Driver/Src/stm32f4xx_hal.o
 .debug_frame   0x000001ec      0x15c Drivers/STM32F4xx_HAL_Driver/Src/stm32f4xx_hal_cortex.o
 .debug_frame   0x00000348       0xc4 Drivers/STM32F4xx_HAL_Driver/Src/stm32f4xx_hal_crc.o
 .debug_frame   0x0000040c      0x1f0 Drivers/STM32F4xx_HAL_Driver/Src/stm32f4xx_hal_dac.o
 .debug_frame   0x000005fc       0xf8 Drivers/STM32F4xx_HAL_Driver/Src/stm32f4xx_hal_dac_ex.o
 .debug_frame   0x000006f4      0x188 Drivers/STM32F4xx_HAL_Driver/Src/stm32f4xx_hal_dma.o
 .debug_frame   0x0000087c       0xd8 Drivers/STM32F4xx_HAL_Driver/Src/stm32f4xx_hal_gpio.o
 .debug_frame   0x00000954      0x31c Drivers/STM32F4xx_HAL_Driver/Src/stm32f4xx_hal_i2s.o
 .debug_frame   0x00000c70      0x184 Drivers/STM32F4xx_HAL_Driver/Src/stm32f4xx_hal_rcc.o
 .debug_frame   0x00000df4      0x148 Drivers/STM32F4xx_HAL_Driver/Src/stm32f4xx_hal_rcc_ex.o
 .debug_frame   0x00000f3c       0x50 Src/crc.o
 .debug_frame   0x00000f8c       0x6c Src/dac.o
 .debug_frame   0x00000ff8       0x30 Src/dma.o
 .debug_frame   0x00001028       0x30 Src/gpio.o
 .debug_frame   0x00001058       0x68 Src/i2s.o
 .debug_frame   0x000010c0       0xac Src/main.o
 .debug_frame   0x0000116c       0x38 Src/pdm2pcm.o
 .debug_frame   0x000011a4       0x28 Src/stm32f4xx_hal_msp.o
 .debug_frame   0x000011cc       0xd8 Src/stm32f4xx_it.o
 .debug_frame   0x000012a4       0x30 Src/system_stm32f4xx.o
 .debug_frame   0x000012d4       0x34 f:/programs/eclipse/eclipse-oxygen/plugins/fr.ac6.mcu.externaltools.arm-none.win32_1.17.0.201812190825/tools/compiler/bin/../lib/gcc/arm-none-eabi/7.3.1/../../../../arm-none-eabi/lib/thumb/v7e-m/fpv4-sp/hard\libm.a(lib_a-sf_round.o)
 .debug_frame   0x00001308       0x68 f:/programs/eclipse/eclipse-oxygen/plugins/fr.ac6.mcu.externaltools.arm-none.win32_1.17.0.201812190825/tools/compiler/bin/../lib/gcc/arm-none-eabi/7.3.1/../../../../arm-none-eabi/lib/thumb/v7e-m/fpv4-sp/hard\libm.a(lib_a-wf_pow.o)
 .debug_frame   0x00001370       0x80 f:/programs/eclipse/eclipse-oxygen/plugins/fr.ac6.mcu.externaltools.arm-none.win32_1.17.0.201812190825/tools/compiler/bin/../lib/gcc/arm-none-eabi/7.3.1/../../../../arm-none-eabi/lib/thumb/v7e-m/fpv4-sp/hard\libm.a(lib_a-ef_pow.o)
 .debug_frame   0x000013f0       0x20 f:/programs/eclipse/eclipse-oxygen/plugins/fr.ac6.mcu.externaltools.arm-none.win32_1.17.0.201812190825/tools/compiler/bin/../lib/gcc/arm-none-eabi/7.3.1/../../../../arm-none-eabi/lib/thumb/v7e-m/fpv4-sp/hard\libm.a(lib_a-ef_sqrt.o)
 .debug_frame   0x00001410       0x20 f:/programs/eclipse/eclipse-oxygen/plugins/fr.ac6.mcu.externaltools.arm-none.win32_1.17.0.201812190825/tools/compiler/bin/../lib/gcc/arm-none-eabi/7.3.1/../../../../arm-none-eabi/lib/thumb/v7e-m/fpv4-sp/hard\libm.a(lib_a-s_matherr.o)
 .debug_frame   0x00001430       0x20 f:/programs/eclipse/eclipse-oxygen/plugins/fr.ac6.mcu.externaltools.arm-none.win32_1.17.0.201812190825/tools/compiler/bin/../lib/gcc/arm-none-eabi/7.3.1/../../../../arm-none-eabi/lib/thumb/v7e-m/fpv4-sp/hard\libm.a(lib_a-sf_fabs.o)
 .debug_frame   0x00001450       0x20 f:/programs/eclipse/eclipse-oxygen/plugins/fr.ac6.mcu.externaltools.arm-none.win32_1.17.0.201812190825/tools/compiler/bin/../lib/gcc/arm-none-eabi/7.3.1/../../../../arm-none-eabi/lib/thumb/v7e-m/fpv4-sp/hard\libm.a(lib_a-sf_finite.o)
 .debug_frame   0x00001470       0x20 f:/programs/eclipse/eclipse-oxygen/plugins/fr.ac6.mcu.externaltools.arm-none.win32_1.17.0.201812190825/tools/compiler/bin/../lib/gcc/arm-none-eabi/7.3.1/../../../../arm-none-eabi/lib/thumb/v7e-m/fpv4-sp/hard\libm.a(lib_a-sf_nan.o)
 .debug_frame   0x00001490       0x38 f:/programs/eclipse/eclipse-oxygen/plugins/fr.ac6.mcu.externaltools.arm-none.win32_1.17.0.201812190825/tools/compiler/bin/../lib/gcc/arm-none-eabi/7.3.1/../../../../arm-none-eabi/lib/thumb/v7e-m/fpv4-sp/hard\libm.a(lib_a-sf_rint.o)
 .debug_frame   0x000014c8       0x44 f:/programs/eclipse/eclipse-oxygen/plugins/fr.ac6.mcu.externaltools.arm-none.win32_1.17.0.201812190825/tools/compiler/bin/../lib/gcc/arm-none-eabi/7.3.1/../../../../arm-none-eabi/lib/thumb/v7e-m/fpv4-sp/hard\libm.a(lib_a-sf_scalbn.o)
 .debug_frame   0x0000150c       0x20 f:/programs/eclipse/eclipse-oxygen/plugins/fr.ac6.mcu.externaltools.arm-none.win32_1.17.0.201812190825/tools/compiler/bin/../lib/gcc/arm-none-eabi/7.3.1/../../../../arm-none-eabi/lib/thumb/v7e-m/fpv4-sp/hard\libm.a(lib_a-sf_copysign.o)
 .debug_frame   0x0000152c       0xac f:/programs/eclipse/eclipse-oxygen/plugins/fr.ac6.mcu.externaltools.arm-none.win32_1.17.0.201812190825/tools/compiler/bin/../lib/gcc/arm-none-eabi/7.3.1/thumb/v7e-m/fpv4-sp/hard\libgcc.a(_arm_addsubdf3.o)
 .debug_frame   0x000015d8       0x24 f:/programs/eclipse/eclipse-oxygen/plugins/fr.ac6.mcu.externaltools.arm-none.win32_1.17.0.201812190825/tools/compiler/bin/../lib/gcc/arm-none-eabi/7.3.1/thumb/v7e-m/fpv4-sp/hard\libgcc.a(_arm_truncdfsf2.o)
 .debug_frame   0x000015fc       0x2c f:/programs/eclipse/eclipse-oxygen/plugins/fr.ac6.mcu.externaltools.arm-none.win32_1.17.0.201812190825/tools/compiler/bin/../lib/gcc/arm-none-eabi/7.3.1/thumb/v7e-m/fpv4-sp/hard\libgcc.a(_aeabi_uldivmod.o)
 .debug_frame   0x00001628       0x34 f:/programs/eclipse/eclipse-oxygen/plugins/fr.ac6.mcu.externaltools.arm-none.win32_1.17.0.201812190825/tools/compiler/bin/../lib/gcc/arm-none-eabi/7.3.1/thumb/v7e-m/fpv4-sp/hard\libgcc.a(_udivmoddi4.o)
 .debug_frame   0x0000165c       0x20 f:/programs/eclipse/eclipse-oxygen/plugins/fr.ac6.mcu.externaltools.arm-none.win32_1.17.0.201812190825/tools/compiler/bin/../lib/gcc/arm-none-eabi/7.3.1/../../../../arm-none-eabi/lib/thumb/v7e-m/fpv4-sp/hard\libc_nano.a(lib_a-errno.o)
 .debug_frame   0x0000167c       0x2c f:/programs/eclipse/eclipse-oxygen/plugins/fr.ac6.mcu.externaltools.arm-none.win32_1.17.0.201812190825/tools/compiler/bin/../lib/gcc/arm-none-eabi/7.3.1/../../../../arm-none-eabi/lib/thumb/v7e-m/fpv4-sp/hard\libc_nano.a(lib_a-init.o)
 .debug_frame   0x000016a8       0x20 f:/programs/eclipse/eclipse-oxygen/plugins/fr.ac6.mcu.externaltools.arm-none.win32_1.17.0.201812190825/tools/compiler/bin/../lib/gcc/arm-none-eabi/7.3.1/../../../../arm-none-eabi/lib/thumb/v7e-m/fpv4-sp/hard\libc_nano.a(lib_a-memset.o)
