Archive member included to satisfy reference by file (symbol)

F:\ITI\Graduation\Digital-Hearing-Aid-STM32\I2S-DAC\Middlewares\ST\STM32_Audio\Addons\PDM\Lib/libPDMFilter_CM4_GCC_wc32.a(pdm_filter.o)
                              Src/pdm2pcm.o (PDM_Filter_Init)
F:\ITI\Graduation\Digital-Hearing-Aid-STM32\I2S-DAC\Middlewares\ST\STM32_Audio\Addons\PDM\Lib/libPDMFilter_CM4_GCC_wc32.a(stm32_crc_lock.o)
                              F:\ITI\Graduation\Digital-Hearing-Aid-STM32\I2S-DAC\Middlewares\ST\STM32_Audio\Addons\PDM\Lib/libPDMFilter_CM4_GCC_wc32.a(pdm_filter.o) (CRC_Lock)
f:/programs/eclipse/eclipse-oxygen/plugins/fr.ac6.mcu.externaltools.arm-none.win32_1.17.0.201812190825/tools/compiler/bin/../lib/gcc/arm-none-eabi/7.3.1/../../../../arm-none-eabi/lib/thumb/v7e-m/fpv4-sp/hard\libm.a(lib_a-sf_round.o)
                              F:\ITI\Graduation\Digital-Hearing-Aid-STM32\I2S-DAC\Middlewares\ST\STM32_Audio\Addons\PDM\Lib/libPDMFilter_CM4_GCC_wc32.a(pdm_filter.o) (roundf)
f:/programs/eclipse/eclipse-oxygen/plugins/fr.ac6.mcu.externaltools.arm-none.win32_1.17.0.201812190825/tools/compiler/bin/../lib/gcc/arm-none-eabi/7.3.1/../../../../arm-none-eabi/lib/thumb/v7e-m/fpv4-sp/hard\libm.a(lib_a-wf_pow.o)
                              F:\ITI\Graduation\Digital-Hearing-Aid-STM32\I2S-DAC\Middlewares\ST\STM32_Audio\Addons\PDM\Lib/libPDMFilter_CM4_GCC_wc32.a(pdm_filter.o) (powf)
f:/programs/eclipse/eclipse-oxygen/plugins/fr.ac6.mcu.externaltools.arm-none.win32_1.17.0.201812190825/tools/compiler/bin/../lib/gcc/arm-none-eabi/7.3.1/../../../../arm-none-eabi/lib/thumb/v7e-m/fpv4-sp/hard\libm.a(lib_a-ef_pow.o)
                              f:/programs/eclipse/eclipse-oxygen/plugins/fr.ac6.mcu.externaltools.arm-none.win32_1.17.0.201812190825/tools/compiler/bin/../lib/gcc/arm-none-eabi/7.3.1/../../../../arm-none-eabi/lib/thumb/v7e-m/fpv4-sp/hard\libm.a(lib_a-wf_pow.o) (__ieee754_powf)
f:/programs/eclipse/eclipse-oxygen/plugins/fr.ac6.mcu.externaltools.arm-none.win32_1.17.0.201812190825/tools/compiler/bin/../lib/gcc/arm-none-eabi/7.3.1/../../../../arm-none-eabi/lib/thumb/v7e-m/fpv4-sp/hard\libm.a(lib_a-ef_sqrt.o)
                              f:/programs/eclipse/eclipse-oxygen/plugins/fr.ac6.mcu.externaltools.arm-none.win32_1.17.0.201812190825/tools/compiler/bin/../lib/gcc/arm-none-eabi/7.3.1/../../../../arm-none-eabi/lib/thumb/v7e-m/fpv4-sp/hard\libm.a(lib_a-ef_pow.o) (__ieee754_sqrtf)
f:/programs/eclipse/eclipse-oxygen/plugins/fr.ac6.mcu.externaltools.arm-none.win32_1.17.0.201812190825/tools/compiler/bin/../lib/gcc/arm-none-eabi/7.3.1/../../../../arm-none-eabi/lib/thumb/v7e-m/fpv4-sp/hard\libm.a(lib_a-s_lib_ver.o)
                              f:/programs/eclipse/eclipse-oxygen/plugins/fr.ac6.mcu.externaltools.arm-none.win32_1.17.0.201812190825/tools/compiler/bin/../lib/gcc/arm-none-eabi/7.3.1/../../../../arm-none-eabi/lib/thumb/v7e-m/fpv4-sp/hard\libm.a(lib_a-wf_pow.o) (__fdlib_version)
f:/programs/eclipse/eclipse-oxygen/plugins/fr.ac6.mcu.externaltools.arm-none.win32_1.17.0.201812190825/tools/compiler/bin/../lib/gcc/arm-none-eabi/7.3.1/../../../../arm-none-eabi/lib/thumb/v7e-m/fpv4-sp/hard\libm.a(lib_a-s_matherr.o)
                              f:/programs/eclipse/eclipse-oxygen/plugins/fr.ac6.mcu.externaltools.arm-none.win32_1.17.0.201812190825/tools/compiler/bin/../lib/gcc/arm-none-eabi/7.3.1/../../../../arm-none-eabi/lib/thumb/v7e-m/fpv4-sp/hard\libm.a(lib_a-wf_pow.o) (matherr)
f:/programs/eclipse/eclipse-oxygen/plugins/fr.ac6.mcu.externaltools.arm-none.win32_1.17.0.201812190825/tools/compiler/bin/../lib/gcc/arm-none-eabi/7.3.1/../../../../arm-none-eabi/lib/thumb/v7e-m/fpv4-sp/hard\libm.a(lib_a-sf_fabs.o)
                              f:/programs/eclipse/eclipse-oxygen/plugins/fr.ac6.mcu.externaltools.arm-none.win32_1.17.0.201812190825/tools/compiler/bin/../lib/gcc/arm-none-eabi/7.3.1/../../../../arm-none-eabi/lib/thumb/v7e-m/fpv4-sp/hard\libm.a(lib_a-ef_pow.o) (fabsf)
f:/programs/eclipse/eclipse-oxygen/plugins/fr.ac6.mcu.externaltools.arm-none.win32_1.17.0.201812190825/tools/compiler/bin/../lib/gcc/arm-none-eabi/7.3.1/../../../../arm-none-eabi/lib/thumb/v7e-m/fpv4-sp/hard\libm.a(lib_a-sf_finite.o)
                              f:/programs/eclipse/eclipse-oxygen/plugins/fr.ac6.mcu.externaltools.arm-none.win32_1.17.0.201812190825/tools/compiler/bin/../lib/gcc/arm-none-eabi/7.3.1/../../../../arm-none-eabi/lib/thumb/v7e-m/fpv4-sp/hard\libm.a(lib_a-wf_pow.o) (finitef)
f:/programs/eclipse/eclipse-oxygen/plugins/fr.ac6.mcu.externaltools.arm-none.win32_1.17.0.201812190825/tools/compiler/bin/../lib/gcc/arm-none-eabi/7.3.1/../../../../arm-none-eabi/lib/thumb/v7e-m/fpv4-sp/hard\libm.a(lib_a-sf_nan.o)
                              f:/programs/eclipse/eclipse-oxygen/plugins/fr.ac6.mcu.externaltools.arm-none.win32_1.17.0.201812190825/tools/compiler/bin/../lib/gcc/arm-none-eabi/7.3.1/../../../../arm-none-eabi/lib/thumb/v7e-m/fpv4-sp/hard\libm.a(lib_a-ef_pow.o) (nanf)
[...]
Memory Configuration

Name             Origin             Length             Attributes
RAM              0x20000000         0x00020000         xrw
FLASH            0x08000000         0x00040000         xr
*default*        0x00000000         0xffffffff

Linker script and memory map

LOAD f:/programs/eclipse/eclipse-oxygen/plugins/fr.ac6.mcu.externaltools.arm-none.win32_1.17.0.201812190825/tools/compiler/bin/../lib/gcc/arm-none-eabi/7.3.1/thumb/v7e-m/fpv4-sp/hard/crti.o
LOAD f:/programs/eclipse/eclipse-oxygen/plugins/fr.ac6.mcu.externaltools.arm-none.win32_1.17.0.201812190825/tools/compiler/bin/../lib/gcc/arm-none-eabi/7.3.1/thumb/v7e-m/fpv4-sp/hard/crtbegin.o
LOAD f:/programs/eclipse/eclipse-oxygen/plugins/fr.ac6.mcu.externaltools.arm-none.win32_1.17.0.201812190825/tools/compiler/bin/../lib/gcc/arm-none-eabi/7.3.1/../../../../arm-none-eabi/lib/thumb/v7e-m/fpv4-sp/hard/crt0.o
LOAD Drivers/STM32F4xx_HAL_Driver/Src/stm32f4xx_hal.o
LOAD Drivers/STM32F4xx_HAL_Driver/Src/stm32f4xx_hal_cortex.o
LOAD Drivers/STM32F4xx_HAL_Driver/Src/stm32f4xx_hal_crc.o
LOAD Drivers/STM32F4xx_HAL_Driver/Src/stm32f4xx_hal_dac.o
LOAD Drivers/STM32F4xx_HAL_Driver/Src/stm32f4xx_hal_dac_ex.o
LOAD Drivers/STM32F4xx_HAL_Driver/Src/stm32f4xx_hal_dma.o
LOAD Drivers/STM32F4xx_HAL_Driver/Src/stm32f4xx_hal_dma_ex.o
LOAD Drivers/STM32F4xx_HAL_Driver/Src/stm32f4xx_hal_flash.o
LOAD Drivers/STM32F4xx_HAL_Driver/Src/stm32f4xx_hal_flash_ex.o
LOAD Drivers/STM32F4xx_HAL_Driver/Src/stm32f4xx_hal_flash_ramfunc.o
LOAD Drivers/STM32F4xx_HAL_Driver/Src/stm32f4xx_hal_gpio.o
LOAD Drivers/STM32F4xx_HAL_Driver/Src/stm32f4xx_hal_i2s.o
LOAD Drivers/STM32F4xx_HAL_Driver/Src/stm32f4xx_hal_i2s_ex.o
LOAD Drivers/STM32F4xx_HAL_Driver/Src/stm32f4xx_hal_pwr.o
LOAD Drivers/STM32F4xx_HAL_Driver/Src/stm32f4xx_hal_pwr_ex.o
LOAD Drivers/STM32F4xx_HAL_Driver/Src/stm32f4xx_hal_rcc.o
LOAD Drivers/STM32F4xx_HAL_Driver/Src/stm32f4xx_hal_rcc_ex.o
LOAD Drivers/STM32F4xx_HAL_Driver/Src/stm32f4xx_hal_tim.o
LOAD Drivers/STM32F4xx_HAL_Driver/Src/stm32f4xx_hal_tim_ex.o
LOAD Src/main.o
LOAD Src/pdm2pcm.o
LOAD Src/stm32f4xx_hal_msp.o
LOAD Src/stm32f4xx_it.o
LOAD Src/system_stm32f4xx.o
LOAD startup/startup_stm32f446xx.o
LOAD F:\ITI\Graduation\Digital-Hearing-Aid-STM32\I2S-DAC\Middlewares\ST\STM32_Audio\Addons\PDM\Lib/libPDMFilter_CM4_GCC_wc32.a
LOAD f:/programs/eclipse/eclipse-oxygen/plugins/fr.ac6.mcu.externaltools.arm-none.win32_1.17.0.201812190825/tools/compiler/bin/../lib/gcc/arm-none-eabi/7.3.1/../../../../arm-none-eabi/lib/thumb/v7e-m/fpv4-sp/hard\libm.a
START GROUP
LOAD f:/programs/eclipse/eclipse-oxygen/plugins/fr.ac6.mcu.externaltools.arm-none.win32_1.17.0.201812190825/tools/compiler/bin/../lib/gcc/arm-none-eabi/7.3.1/thumb/v7e-m/fpv4-sp/hard\libgcc.a
LOAD f:/programs/eclipse/eclipse-oxygen/plugins/fr.ac6.mcu.externaltools.arm-none.win32_1.17.0.201812190825/tools/compiler/bin/../lib/gcc/arm-none-eabi/7.3.1/../../../../arm-none-eabi/lib/thumb/v7e-m/fpv4-sp/hard\libc_nano.a
END GROUP
START GROUP
LOAD f:/programs/eclipse/eclipse-oxygen/plugins/fr.ac6.mcu.externaltools.arm-none.win32_1.17.0.201812190825/tools/compiler/bin/../lib/gcc/arm-none-eabi/7.3.1/thumb/v7e-m/fpv4-sp/hard\libgcc.a
LOAD f:/programs/eclipse/eclipse-oxygen/plugins/fr.ac6.mcu.externaltools.arm-none.win32_1.17.0.201812190825/tools/compiler/bin/../lib/gcc/arm-none-eabi/7.3.1/../../../../arm-none-eabi/lib/thumb/v7e-m/fpv4-sp/hard\libc_nano.a
LOAD f:/programs/eclipse/eclipse-oxygen/plugins/fr.ac6.mcu.externaltools.arm-none.win32_1.17.0.201812190825/tools/compiler/bin/../lib/gcc/arm-none-eabi/7.3.1/../../../../arm-none-eabi/lib/thumb/v7e-m/fpv4-sp/hard\libnosys.a
END GROUP
START GROUP
LOAD f:/programs/eclipse/eclipse-oxygen/plugins/fr.ac6.mcu.externaltools.arm-none.win32_1.17.0.201812190825/tools/compiler/bin/../lib/gcc/arm-none-eabi/7.3.1/thumb/v7e-m/fpv4-sp/hard\libgcc.a
LOAD f:/programs/eclipse/eclipse-oxygen/plugins/fr.ac6.mcu.externaltools.arm-none.win32_1.17.0.201812190825/tools/compiler/bin/../lib/gcc/arm-none-eabi/7.3.1/../../../../arm-none-eabi/lib/thumb/v7e-m/fpv4-sp/hard\libc_nano.a
LOAD f:/programs/eclipse/eclipse-oxygen/plugins/fr.ac6.mcu.externaltools.arm-none.win32_1.17.0.201812190825/tools/compiler/bin/../lib/gcc/arm-none-eabi/7.3.1/../../../../arm-none-eabi/lib/thumb/v7e-m/fpv4-sp/hard\libnosys.a
END GROUP
LOAD f:/programs/eclipse/eclipse-oxygen/plugins/fr.ac6.mcu.externaltools.arm-none.win32_1.17.0.201812190825/tools/compiler/bin/../lib/gcc/arm-none-eabi/7.3.1/thumb/v7e-m/fpv4-sp/hard/crtend.o
LOAD f:/programs/eclipse/eclipse-oxygen/plugins/fr.ac6.mcu.externaltools.arm-none.win32_1.17.0.201812190825/tools/compiler/bin/../lib/gcc/arm-none-eabi/7.3.1/thumb/v7e-m/fpv4-sp/hard/crtn.o
                0x20020000                _estack = 0x20020000
                0x00000200                _Min_Heap_Size = 0x200
                0x00000400                _Min_Stack_Size = 0x400

.isr_vector     0x08000000      0x1c4
                0x08000000                . = ALIGN (0x4)
 *(.isr_vector)
 .isr_vector    0x08000000      0x1c4 startup/startup_stm32f446xx.o
                0x08000000                g_pfnVectors
                0x080001c4                . = ALIGN (0x4)

.text           0x080001c4     0x4cf0
                0x080001c4                . = ALIGN (0x4)
 *(.text)
 .text          0x080001c4       0x40 f:/programs/eclipse/eclipse-oxygen/plugins/fr.ac6.mcu.externaltools.arm-none.win32_1.17.0.201812190825/tools/compiler/bin/../lib/gcc/arm-none-eabi/7.3.1/thumb/v7e-m/fpv4-sp/hard/crtbegin.o
 .text          0x08000204      0x378 f:/programs/eclipse/eclipse-oxygen/plugins/fr.ac6.mcu.externaltools.arm-none.win32_1.17.0.201812190825/tools/compiler/bin/../lib/gcc/arm-none-eabi/7.3.1/thumb/v7e-m/fpv4-sp/hard\libgcc.a(_arm_addsubdf3.o)
                0x08000204                __aeabi_drsub
                0x0800020c                __aeabi_dsub
                0x0800020c                __subdf3
                0x08000210                __aeabi_dadd
                0x08000210                __adddf3
                0x08000488                __floatunsidf
                0x08000488                __aeabi_ui2d
                0x080004a8                __floatsidf
                0x080004a8                __aeabi_i2d
                0x080004cc                __aeabi_f2d
                0x080004cc                __extendsfdf2
                0x08000510                __floatundidf
                0x08000510                __aeabi_ul2d
                0x08000520                __floatdidf
                0x08000520                __aeabi_l2d
 .text          0x0800057c       0xa0 f:/programs/eclipse/eclipse-oxygen/plugins/fr.ac6.mcu.externaltools.arm-none.win32_1.17.0.201812190825/tools/compiler/bin/../lib/gcc/arm-none-eabi/7.3.1/thumb/v7e-m/fpv4-sp/hard\libgcc.a(_arm_truncdfsf2.o)
                0x0800057c                __truncdfsf2
                0x0800057c                __aeabi_d2f
 .text          0x0800061c       0x30 f:/programs/eclipse/eclipse-oxygen/plugins/fr.ac6.mcu.externaltools.arm-none.win32_1.17.0.201812190825/tools/compiler/bin/../lib/gcc/arm-none-eabi/7.3.1/thumb/v7e-m/fpv4-sp/hard\libgcc.a(_aeabi_uldivmod.o)
                0x0800061c                __aeabi_uldivmod
 .text          0x0800064c      0x2cc f:/programs/eclipse/eclipse-oxygen/plugins/fr.ac6.mcu.externaltools.arm-none.win32_1.17.0.201812190825/tools/compiler/bin/../lib/gcc/arm-none-eabi/7.3.1/thumb/v7e-m/fpv4-sp/hard\libgcc.a(_udivmoddi4.o)
                0x0800064c                __udivmoddi4
 .text          0x08000918        0x4 f:/programs/eclipse/eclipse-oxygen/plugins/fr.ac6.mcu.externaltools.arm-none.win32_1.17.0.201812190825/tools/compiler/bin/../lib/gcc/arm-none-eabi/7.3.1/thumb/v7e-m/fpv4-sp/hard\libgcc.a(_dvmd_tls.o)
                0x08000918                __aeabi_idiv0
                0x08000918                __aeabi_ldiv0
 *(.text*)
 .text.HAL_InitTick
                0x0800091c       0x48 Drivers/STM32F4xx_HAL_Driver/Src/stm32f4xx_hal.o
                0x0800091c                HAL_InitTick
 .text.HAL_Init
                0x08000964       0x34 Drivers/STM32F4xx_HAL_Driver/Src/stm32f4xx_hal.o
                0x08000964                HAL_Init
 .text.HAL_IncTick
                0x08000998       0x18 Drivers/STM32F4xx_HAL_Driver/Src/stm32f4xx_hal.o
                0x08000998                HAL_IncTick
 .text.HAL_GetTick
                0x080009b0        0xc Drivers/STM32F4xx_HAL_Driver/Src/stm32f4xx_hal.o
                0x080009b0                HAL_GetTick
 .text.HAL_NVIC_SetPriorityGrouping
                0x080009bc       0x24 Drivers/STM32F4xx_HAL_Driver/Src/stm32f4xx_hal_cortex.o
                0x080009bc                HAL_NVIC_SetPriorityGrouping
 .text.HAL_NVIC_SetPriority
                0x080009e0       0x68 Drivers/STM32F4xx_HAL_Driver/Src/stm32f4xx_hal_cortex.o
                0x080009e0                HAL_NVIC_SetPriority
 .text.HAL_SYSTICK_Config
                0x08000a48       0x2c Drivers/STM32F4xx_HAL_Driver/Src/stm32f4xx_hal_cortex.o
                0x08000a48                HAL_SYSTICK_Config
 .text.HAL_CRC_Init
                0x08000a74       0x22 Drivers/STM32F4xx_HAL_Driver/Src/stm32f4xx_hal_crc.o
                0x08000a74                HAL_CRC_Init
 .text.HAL_DAC_Init
                0x08000a96       0x24 Drivers/STM32F4xx_HAL_Driver/Src/stm32f4xx_hal_dac.o
                0x08000a96                HAL_DAC_Init
 .text.HAL_DAC_Start
                0x08000aba       0x6e Drivers/STM32F4xx_HAL_Driver/Src/stm32f4xx_hal_dac.o
                0x08000aba                HAL_DAC_Start
 .text.HAL_DAC_ConfigChannel
                0x08000b28       0x4a Drivers/STM32F4xx_HAL_Driver/Src/stm32f4xx_hal_dac.o
                0x08000b28                HAL_DAC_ConfigChannel
 .text.HAL_DAC_SetValue
                0x08000b72       0x2e Drivers/STM32F4xx_HAL_Driver/Src/stm32f4xx_hal_dac.o
                0x08000b72                HAL_DAC_SetValue
 .text.HAL_GPIO_Init
                0x08000ba0      0x1bc Drivers/STM32F4xx_HAL_Driver/Src/stm32f4xx_hal_gpio.o
                0x08000ba0                HAL_GPIO_Init
 .text.HAL_GPIO_WritePin
                0x08000d5c        0xc Drivers/STM32F4xx_HAL_Driver/Src/stm32f4xx_hal_gpio.o
                0x08000d5c                HAL_GPIO_WritePin
 .text.I2S_WaitFlagStateUntilTimeout
                0x08000d68       0x50 Drivers/STM32F4xx_HAL_Driver/Src/stm32f4xx_hal_i2s.o
 .text.HAL_I2S_Init
                0x08000db8      0x13c Drivers/STM32F4xx_HAL_Driver/Src/stm32f4xx_hal_i2s.o
                0x08000db8                HAL_I2S_Init
 .text.HAL_I2S_Receive
                0x08000ef4      0x110 Drivers/STM32F4xx_HAL_Driver/Src/stm32f4xx_hal_i2s.o
                0x08000ef4                HAL_I2S_Receive
 .text.HAL_I2S_TxCpltCallback
                0x08001004        0x2 Drivers/STM32F4xx_HAL_Driver/Src/stm32f4xx_hal_i2s.o
                0x08001004                HAL_I2S_TxCpltCallback
 .text.I2S_Transmit_IT
                0x08001006       0x36 Drivers/STM32F4xx_HAL_Driver/Src/stm32f4xx_hal_i2s.o
 .text.HAL_I2S_RxCpltCallback
                0x0800103c        0x2 Drivers/STM32F4xx_HAL_Driver/Src/stm32f4xx_hal_i2s.o
                0x0800103c                HAL_I2S_RxCpltCallback
 .text.I2S_Receive_IT
                0x0800103e       0x36 Drivers/STM32F4xx_HAL_Driver/Src/stm32f4xx_hal_i2s.o
 .text.HAL_I2S_ErrorCallback
                0x08001074        0x2 Drivers/STM32F4xx_HAL_Driver/Src/stm32f4xx_hal_i2s.o
                0x08001074                HAL_I2S_ErrorCallback
 .text.I2S_IRQHandler
                0x08001076       0xd0 Drivers/STM32F4xx_HAL_Driver/Src/stm32f4xx_hal_i2s.o
 *fill*         0x08001146        0x2 
 .text.HAL_RCC_EnableCSS
                0x08001148        0xc Drivers/STM32F4xx_HAL_Driver/Src/stm32f4xx_hal_rcc.o
                0x08001148                HAL_RCC_EnableCSS
 .text.HAL_RCC_ClockConfig
                0x08001154      0x158 Drivers/STM32F4xx_HAL_Driver/Src/stm32f4xx_hal_rcc.o
                0x08001154                HAL_RCC_ClockConfig
 .text.HAL_RCC_CSSCallback
                0x080012ac        0x2 Drivers/STM32F4xx_HAL_Driver/Src/stm32f4xx_hal_rcc.o
                0x080012ac                HAL_RCC_CSSCallback
 *fill*         0x080012ae        0x2 
 .text.HAL_RCC_NMI_IRQHandler
                0x080012b0       0x24 Drivers/STM32F4xx_HAL_Driver/Src/stm32f4xx_hal_rcc.o
                0x080012b0                HAL_RCC_NMI_IRQHandler
 .text.HAL_RCCEx_PeriphCLKConfig
                0x080012d4      0x47c Drivers/STM32F4xx_HAL_Driver/Src/stm32f4xx_hal_rcc_ex.o
                0x080012d4                HAL_RCCEx_PeriphCLKConfig
 .text.HAL_RCCEx_GetPeriphCLKFreq
                0x08001750      0x2d4 Drivers/STM32F4xx_HAL_Driver/Src/stm32f4xx_hal_rcc_ex.o
                0x08001750                HAL_RCCEx_GetPeriphCLKFreq
 .text.HAL_RCC_GetSysClockFreq
                0x08001a24      0x178 Drivers/STM32F4xx_HAL_Driver/Src/stm32f4xx_hal_rcc_ex.o
                0x08001a24                HAL_RCC_GetSysClockFreq
 .text.HAL_RCC_OscConfig
                0x08001b9c      0x3c4 Drivers/STM32F4xx_HAL_Driver/Src/stm32f4xx_hal_rcc_ex.o
                0x08001b9c                HAL_RCC_OscConfig
 .text.MX_GPIO_Init
                0x08001f60       0x90 Src/main.o
 .text.MX_DAC_Init
                0x08001ff0       0x30 Src/main.o
 .text.MX_CRC_Init
                0x08002020       0x24 Src/main.o
 .text.MX_I2S2_Init
                0x08002044       0x38 Src/main.o
 .text.SystemClock_Config
                0x0800207c       0xc4 Src/main.o
                0x0800207c                SystemClock_Config
 .text.main     0x08002140       0xb8 Src/main.o
                0x08002140                main
 .text.MX_PDM2PCM_Init
                0x080021f8       0x3c Src/pdm2pcm.o
                0x080021f8                MX_PDM2PCM_Init
 .text.HAL_MspInit
                0x08002234       0x38 Src/stm32f4xx_hal_msp.o
                0x08002234                HAL_MspInit
 .text.HAL_CRC_MspInit
                0x0800226c       0x30 Src/stm32f4xx_hal_msp.o
                0x0800226c                HAL_CRC_MspInit
 .text.HAL_DAC_MspInit
                0x0800229c       0x68 Src/stm32f4xx_hal_msp.o
                0x0800229c                HAL_DAC_MspInit
 .text.HAL_I2S_MspInit
                0x08002304       0xdc Src/stm32f4xx_hal_msp.o
                0x08002304                HAL_I2S_MspInit
 .text.NMI_Handler
                0x080023e0        0x8 Src/stm32f4xx_it.o
                0x080023e0                NMI_Handler
 .text.HardFault_Handler
                0x080023e8        0x2 Src/stm32f4xx_it.o
                0x080023e8                HardFault_Handler
 .text.MemManage_Handler
                0x080023ea        0x2 Src/stm32f4xx_it.o
                0x080023ea                MemManage_Handler
 .text.BusFault_Handler
                0x080023ec        0x2 Src/stm32f4xx_it.o
                0x080023ec                BusFault_Handler
 .text.UsageFault_Handler
                0x080023ee        0x2 Src/stm32f4xx_it.o
                0x080023ee                UsageFault_Handler
 .text.SVC_Handler
                0x080023f0        0x2 Src/stm32f4xx_it.o
                0x080023f0                SVC_Handler
 .text.DebugMon_Handler
                0x080023f2        0x2 Src/stm32f4xx_it.o
                0x080023f2                DebugMon_Handler
 .text.PendSV_Handler
                0x080023f4        0x2 Src/stm32f4xx_it.o
                0x080023f4                PendSV_Handler
 .text.SysTick_Handler
                0x080023f6        0x8 Src/stm32f4xx_it.o
                0x080023f6                SysTick_Handler
 *fill*         0x080023fe        0x2 
 .text.SystemInit
                0x08002400       0x4c Src/system_stm32f4xx.o
                0x08002400                SystemInit
 .text.Reset_Handler
                0x0800244c       0x50 startup/startup_stm32f446xx.o
                0x0800244c                Reset_Handler
 .text.Default_Handler
                0x0800249c        0x2 startup/startup_stm32f446xx.o
                0x0800249c                RTC_Alarm_IRQHandler
                0x0800249c                EXTI2_IRQHandler
                0x0800249c                TIM8_CC_IRQHandler
                0x0800249c                FMPI2C1_EV_IRQHandler
                0x0800249c                SPI4_IRQHandler
                0x0800249c                TIM1_CC_IRQHandler
                0x0800249c                DMA2_Stream5_IRQHandler
                0x0800249c                DMA1_Stream5_IRQHandler
                0x0800249c                PVD_IRQHandler
                0x0800249c                SDIO_IRQHandler
                0x0800249c                TAMP_STAMP_IRQHandler
                0x0800249c                CAN2_RX1_IRQHandler
                0x0800249c                EXTI3_IRQHandler
                0x0800249c                TIM8_TRG_COM_TIM14_IRQHandler
                0x0800249c                TIM1_UP_TIM10_IRQHandler
                0x0800249c                TIM8_UP_TIM13_IRQHandler
                0x0800249c                I2C3_ER_IRQHandler
                0x0800249c                EXTI0_IRQHandler
                0x0800249c                I2C2_EV_IRQHandler
                0x0800249c                DMA1_Stream2_IRQHandler
                0x0800249c                CAN1_RX0_IRQHandler
                0x0800249c                FPU_IRQHandler
                0x0800249c                OTG_HS_WKUP_IRQHandler
                0x0800249c                CAN2_SCE_IRQHandler
                0x0800249c                DMA2_Stream2_IRQHandler
                0x0800249c                SPI1_IRQHandler
                0x0800249c                TIM6_DAC_IRQHandler
                0x0800249c                TIM1_BRK_TIM9_IRQHandler
                0x0800249c                DCMI_IRQHandler
                0x0800249c                CAN2_RX0_IRQHandler
                0x0800249c                DMA2_Stream3_IRQHandler
                0x0800249c                SAI2_IRQHandler
                0x0800249c                USART6_IRQHandler
                0x0800249c                USART3_IRQHandler
                0x0800249c                CAN1_RX1_IRQHandler
                0x0800249c                UART5_IRQHandler
                0x0800249c                DMA2_Stream0_IRQHandler
                0x0800249c                TIM4_IRQHandler
                0x0800249c                QUADSPI_IRQHandler
                0x0800249c                I2C1_EV_IRQHandler
                0x0800249c                DMA1_Stream6_IRQHandler
                0x0800249c                DMA1_Stream1_IRQHandler
                0x0800249c                UART4_IRQHandler
                0x0800249c                TIM3_IRQHandler
                0x0800249c                RCC_IRQHandler
                0x0800249c                TIM8_BRK_TIM12_IRQHandler
                0x0800249c                Default_Handler
                0x0800249c                CEC_IRQHandler
                0x0800249c                EXTI15_10_IRQHandler
                0x0800249c                ADC_IRQHandler
                0x0800249c                DMA1_Stream7_IRQHandler
                0x0800249c                TIM7_IRQHandler
                0x0800249c                CAN2_TX_IRQHandler
                0x0800249c                TIM5_IRQHandler
                0x0800249c                DMA2_Stream7_IRQHandler
                0x0800249c                I2C3_EV_IRQHandler
                0x0800249c                EXTI9_5_IRQHandler
                0x0800249c                RTC_WKUP_IRQHandler
                0x0800249c                SPDIF_RX_IRQHandler
                0x0800249c                SPI2_IRQHandler
                0x0800249c                OTG_HS_EP1_IN_IRQHandler
                0x0800249c                DMA1_Stream0_IRQHandler
                0x0800249c                CAN1_TX_IRQHandler
                0x0800249c                FMPI2C1_ER_IRQHandler
                0x0800249c                EXTI4_IRQHandler
                0x0800249c                OTG_HS_EP1_OUT_IRQHandler
                0x0800249c                WWDG_IRQHandler
                0x0800249c                TIM2_IRQHandler
                0x0800249c                OTG_FS_WKUP_IRQHandler
                0x0800249c                TIM1_TRG_COM_TIM11_IRQHandler
                0x0800249c                OTG_HS_IRQHandler
                0x0800249c                EXTI1_IRQHandler
                0x0800249c                USART2_IRQHandler
                0x0800249c                I2C2_ER_IRQHandler
                0x0800249c                DMA2_Stream1_IRQHandler
                0x0800249c                CAN1_SCE_IRQHandler
                0x0800249c                FLASH_IRQHandler
                0x0800249c                DMA2_Stream4_IRQHandler
                0x0800249c                USART1_IRQHandler
                0x0800249c                OTG_FS_IRQHandler
                0x0800249c                SPI3_IRQHandler
                0x0800249c                DMA1_Stream4_IRQHandler
                0x0800249c                I2C1_ER_IRQHandler
                0x0800249c                FMC_IRQHandler
                0x0800249c                DMA2_Stream6_IRQHandler
                0x0800249c                SAI1_IRQHandler
                0x0800249c                DMA1_Stream3_IRQHandler
 *fill*         0x0800249e        0x2 
 .text.D16_GENERIC
                0x080024a0      0x120 F:\ITI\Graduation\Digital-Hearing-Aid-STM32\I2S-DAC\Middlewares\ST\STM32_Audio\Addons\PDM\Lib/libPDMFilter_CM4_GCC_wc32.a(pdm_filter.o)
 .text.D24_GENERIC
                0x080025c0      0x190 F:\ITI\Graduation\Digital-Hearing-Aid-STM32\I2S-DAC\Middlewares\ST\STM32_Audio\Addons\PDM\Lib/libPDMFilter_CM4_GCC_wc32.a(pdm_filter.o)
 .text.D32_GENERIC
                0x08002750      0x198 F:\ITI\Graduation\Digital-Hearing-Aid-STM32\I2S-DAC\Middlewares\ST\STM32_Audio\Addons\PDM\Lib/libPDMFilter_CM4_GCC_wc32.a(pdm_filter.o)
 .text.D48_GENERIC
                0x080028e8      0x1ec F:\ITI\Graduation\Digital-Hearing-Aid-STM32\I2S-DAC\Middlewares\ST\STM32_Audio\Addons\PDM\Lib/libPDMFilter_CM4_GCC_wc32.a(pdm_filter.o)
 .text.D64_GENERIC
                0x08002ad4      0x220 F:\ITI\Graduation\Digital-Hearing-Aid-STM32\I2S-DAC\Middlewares\ST\STM32_Audio\Addons\PDM\Lib/libPDMFilter_CM4_GCC_wc32.a(pdm_filter.o)
 .text.D80_GENERIC
                0x08002cf4      0x2a0 F:\ITI\Graduation\Digital-Hearing-Aid-STM32\I2S-DAC\Middlewares\ST\STM32_Audio\Addons\PDM\Lib/libPDMFilter_CM4_GCC_wc32.a(pdm_filter.o)
 .text.D128_GENERIC
                0x08002f94      0x3f0 F:\ITI\Graduation\Digital-Hearing-Aid-STM32\I2S-DAC\Middlewares\ST\STM32_Audio\Addons\PDM\Lib/libPDMFilter_CM4_GCC_wc32.a(pdm_filter.o)
 .text.D16_1CH_HTONS_VOL_HP
                0x08003384       0xe4 F:\ITI\Graduation\Digital-Hearing-Aid-STM32\I2S-DAC\Middlewares\ST\STM32_Audio\Addons\PDM\Lib/libPDMFilter_CM4_GCC_wc32.a(pdm_filter.o)
 .text.D24_1CH_HTONS_VOL_HP
                0x08003468      0x138 F:\ITI\Graduation\Digital-Hearing-Aid-STM32\I2S-DAC\Middlewares\ST\STM32_Audio\Addons\PDM\Lib/libPDMFilter_CM4_GCC_wc32.a(pdm_filter.o)
 .text.D32_1CH_HTONS_VOL_HP
                0x080035a0      0x144 F:\ITI\Graduation\Digital-Hearing-Aid-STM32\I2S-DAC\Middlewares\ST\STM32_Audio\Addons\PDM\Lib/libPDMFilter_CM4_GCC_wc32.a(pdm_filter.o)
 .text.D48_1CH_HTONS_VOL_HP
                0x080036e4      0x16c F:\ITI\Graduation\Digital-Hearing-Aid-STM32\I2S-DAC\Middlewares\ST\STM32_Audio\Addons\PDM\Lib/libPDMFilter_CM4_GCC_wc32.a(pdm_filter.o)
 .text.D64_1CH_HTONS_VOL_HP
                0x08003850      0x1b8 F:\ITI\Graduation\Digital-Hearing-Aid-STM32\I2S-DAC\Middlewares\ST\STM32_Audio\Addons\PDM\Lib/libPDMFilter_CM4_GCC_wc32.a(pdm_filter.o)
 .text.D80_1CH_HTONS_VOL_HP
                0x08003a08      0x214 F:\ITI\Graduation\Digital-Hearing-Aid-STM32\I2S-DAC\Middlewares\ST\STM32_Audio\Addons\PDM\Lib/libPDMFilter_CM4_GCC_wc32.a(pdm_filter.o)
 .text.D128_1CH_HTONS_VOL_HP
                0x08003c1c      0x324 F:\ITI\Graduation\Digital-Hearing-Aid-STM32\I2S-DAC\Middlewares\ST\STM32_Audio\Addons\PDM\Lib/libPDMFilter_CM4_GCC_wc32.a(pdm_filter.o)
 .text.PDM_Filter_Init
                0x08003f40      0x114 F:\ITI\Graduation\Digital-Hearing-Aid-STM32\I2S-DAC\Middlewares\ST\STM32_Audio\Addons\PDM\Lib/libPDMFilter_CM4_GCC_wc32.a(pdm_filter.o)
                0x08003f40                PDM_Filter_Init
 .text.PDM_Filter_setConfig
                0x08004054      0x1e4 F:\ITI\Graduation\Digital-Hearing-Aid-STM32\I2S-DAC\Middlewares\ST\STM32_Audio\Addons\PDM\Lib/libPDMFilter_CM4_GCC_wc32.a(pdm_filter.o)
                0x08004054                PDM_Filter_setConfig
 .text.PDM_Filter
                0x08004238       0x38 F:\ITI\Graduation\Digital-Hearing-Aid-STM32\I2S-DAC\Middlewares\ST\STM32_Audio\Addons\PDM\Lib/libPDMFilter_CM4_GCC_wc32.a(pdm_filter.o)
                0x08004238                PDM_Filter
 .text.CRC_Lock
                0x08004270       0x7c F:\ITI\Graduation\Digital-Hearing-Aid-STM32\I2S-DAC\Middlewares\ST\STM32_Audio\Addons\PDM\Lib/libPDMFilter_CM4_GCC_wc32.a(stm32_crc_lock.o)
                0x08004270                CRC_Lock
 .text.roundf   0x080042ec       0x60 f:/programs/eclipse/eclipse-oxygen/plugins/fr.ac6.mcu.externaltools.arm-none.win32_1.17.0.201812190825/tools/compiler/bin/../lib/gcc/arm-none-eabi/7.3.1/../../../../arm-none-eabi/lib/thumb/v7e-m/fpv4-sp/hard\libm.a(lib_a-sf_round.o)
                0x080042ec                roundf
 .text.powf     0x0800434c      0x324 f:/programs/eclipse/eclipse-oxygen/plugins/fr.ac6.mcu.externaltools.arm-none.win32_1.17.0.201812190825/tools/compiler/bin/../lib/gcc/arm-none-eabi/7.3.1/../../../../arm-none-eabi/lib/thumb/v7e-m/fpv4-sp/hard\libm.a(lib_a-wf_pow.o)
                0x0800434c                powf
 .text.__ieee754_powf
                0x08004670      0x5e4 f:/programs/eclipse/eclipse-oxygen/plugins/fr.ac6.mcu.externaltools.arm-none.win32_1.17.0.201812190825/tools/compiler/bin/../lib/gcc/arm-none-eabi/7.3.1/../../../../arm-none-eabi/lib/thumb/v7e-m/fpv4-sp/hard\libm.a(lib_a-ef_pow.o)
                0x08004670                __ieee754_powf
 .text.__ieee754_sqrtf
                0x08004c54        0x8 f:/programs/eclipse/eclipse-oxygen/plugins/fr.ac6.mcu.externaltools.arm-none.win32_1.17.0.201812190825/tools/compiler/bin/../lib/gcc/arm-none-eabi/7.3.1/../../../../arm-none-eabi/lib/thumb/v7e-m/fpv4-sp/hard\libm.a(lib_a-ef_sqrt.o)
                0x08004c54                __ieee754_sqrtf
 .text.matherr  0x08004c5c        0x4 f:/programs/eclipse/eclipse-oxygen/plugins/fr.ac6.mcu.externaltools.arm-none.win32_1.17.0.201812190825/tools/compiler/bin/../lib/gcc/arm-none-eabi/7.3.1/../../../../arm-none-eabi/lib/thumb/v7e-m/fpv4-sp/hard\libm.a(lib_a-s_matherr.o)
                0x08004c5c                matherr
 .text.fabsf    0x08004c60       0x10 f:/programs/eclipse/eclipse-oxygen/plugins/fr.ac6.mcu.externaltools.arm-none.win32_1.17.0.201812190825/tools/compiler/bin/../lib/gcc/arm-none-eabi/7.3.1/../../../../arm-none-eabi/lib/thumb/v7e-m/fpv4-sp/hard\libm.a(lib_a-sf_fabs.o)
                0x08004c60                fabsf
 .text.finitef  0x08004c70       0x14 f:/programs/eclipse/eclipse-oxygen/plugins/fr.ac6.mcu.externaltools.arm-none.win32_1.17.0.201812190825/tools/compiler/bin/../lib/gcc/arm-none-eabi/7.3.1/../../../../arm-none-eabi/lib/thumb/v7e-m/fpv4-sp/hard\libm.a(lib_a-sf_finite.o)
                0x08004c70                finitef
 .text.nanf     0x08004c84        0xc f:/programs/eclipse/eclipse-oxygen/plugins/fr.ac6.mcu.externaltools.arm-none.win32_1.17.0.201812190825/tools/compiler/bin/../lib/gcc/arm-none-eabi/7.3.1/../../../../arm-none-eabi/lib/thumb/v7e-m/fpv4-sp/hard\libm.a(lib_a-sf_nan.o)
                0x08004c84                nanf
 .text.rintf    0x08004c90       0xc0 f:/programs/eclipse/eclipse-oxygen/plugins/fr.ac6.mcu.externaltools.arm-none.win32_1.17.0.201812190825/tools/compiler/bin/../lib/gcc/arm-none-eabi/7.3.1/../../../../arm-none-eabi/lib/thumb/v7e-m/fpv4-sp/hard\libm.a(lib_a-sf_rint.o)
                0x08004c90                rintf
 .text.scalbnf  0x08004d50       0xd0 f:/programs/eclipse/eclipse-oxygen/plugins/fr.ac6.mcu.externaltools.arm-none.win32_1.17.0.201812190825/tools/compiler/bin/../lib/gcc/arm-none-eabi/7.3.1/../../../../arm-none-eabi/lib/thumb/v7e-m/fpv4-sp/hard\libm.a(lib_a-sf_scalbn.o)
                0x08004d50                scalbnf
 .text.copysignf
                0x08004e20       0x18 f:/programs/eclipse/eclipse-oxygen/plugins/fr.ac6.mcu.externaltools.arm-none.win32_1.17.0.201812190825/tools/compiler/bin/../lib/gcc/arm-none-eabi/7.3.1/../../../../arm-none-eabi/lib/thumb/v7e-m/fpv4-sp/hard\libm.a(lib_a-sf_copysign.o)
                0x08004e20                copysignf
 .text.__errno  0x08004e38        0xc f:/programs/eclipse/eclipse-oxygen/plugins/fr.ac6.mcu.externaltools.arm-none.win32_1.17.0.201812190825/tools/compiler/bin/../lib/gcc/arm-none-eabi/7.3.1/../../../../arm-none-eabi/lib/thumb/v7e-m/fpv4-sp/hard\libc_nano.a(lib_a-errno.o)
                0x08004e38                __errno
 .text.__libc_init_array
                0x08004e44       0x48 f:/programs/eclipse/eclipse-oxygen/plugins/fr.ac6.mcu.externaltools.arm-none.win32_1.17.0.201812190825/tools/compiler/bin/../lib/gcc/arm-none-eabi/7.3.1/../../../../arm-none-eabi/lib/thumb/v7e-m/fpv4-sp/hard\libc_nano.a(lib_a-init.o)
                0x08004e44                __libc_init_array
 .text.memset   0x08004e8c       0x10 f:/programs/eclipse/eclipse-oxygen/plugins/fr.ac6.mcu.externaltools.arm-none.win32_1.17.0.201812190825/tools/compiler/bin/../lib/gcc/arm-none-eabi/7.3.1/../../../../arm-none-eabi/lib/thumb/v7e-m/fpv4-sp/hard\libc_nano.a(lib_a-memset.o)
                0x08004e8c                memset
 *(.glue_7)
 .glue_7        0x08004e9c        0x0 linker stubs
 *(.glue_7t)
 .glue_7t       0x08004e9c        0x0 linker stubs
 *(.eh_frame)
 .eh_frame      0x08004e9c        0x0 f:/programs/eclipse/eclipse-oxygen/plugins/fr.ac6.mcu.externaltools.arm-none.win32_1.17.0.201812190825/tools/compiler/bin/../lib/gcc/arm-none-eabi/7.3.1/thumb/v7e-m/fpv4-sp/hard/crtbegin.o
 *(.init)
 .init          0x08004e9c        0x4 f:/programs/eclipse/eclipse-oxygen/plugins/fr.ac6.mcu.externaltools.arm-none.win32_1.17.0.201812190825/tools/compiler/bin/../lib/gcc/arm-none-eabi/7.3.1/thumb/v7e-m/fpv4-sp/hard/crti.o
                0x08004e9c                _init
 .init          0x08004ea0        0x8 f:/programs/eclipse/eclipse-oxygen/plugins/fr.ac6.mcu.externaltools.arm-none.win32_1.17.0.201812190825/tools/compiler/bin/../lib/gcc/arm-none-eabi/7.3.1/thumb/v7e-m/fpv4-sp/hard/crtn.o
 *(.fini)
 .fini          0x08004ea8        0x4 f:/programs/eclipse/eclipse-oxygen/plugins/fr.ac6.mcu.externaltools.arm-none.win32_1.17.0.201812190825/tools/compiler/bin/../lib/gcc/arm-none-eabi/7.3.1/thumb/v7e-m/fpv4-sp/hard/crti.o
                0x08004ea8                _fini
 .fini          0x08004eac        0x8 f:/programs/eclipse/eclipse-oxygen/plugins/fr.ac6.mcu.externaltools.arm-none.win32_1.17.0.201812190825/tools/compiler/bin/../lib/gcc/arm-none-eabi/7.3.1/thumb/v7e-m/fpv4-sp/hard/crtn.o
                0x08004eb4                . = ALIGN (0x4)
                0x08004eb4                _etext = .

.vfp11_veneer   0x08004eb4        0x0
 .vfp11_veneer  0x08004eb4        0x0 linker stubs

.v4_bx          0x08004eb4        0x0
 .v4_bx         0x08004eb4        0x0 linker stubs

.iplt           0x08004eb4        0x0
 .iplt          0x08004eb4        0x0 f:/programs/eclipse/eclipse-oxygen/plugins/fr.ac6.mcu.externaltools.arm-none.win32_1.17.0.201812190825/tools/compiler/bin/../lib/gcc/arm-none-eabi/7.3.1/thumb/v7e-m/fpv4-sp/hard/crtbegin.o

.rodata         0x08004eb4       0x60
                0x08004eb4                . = ALIGN (0x4)
 *(.rodata)
 .rodata        0x08004eb4       0x18 Src/system_stm32f4xx.o
                0x08004eb4                AHBPrescTable
                0x08004ec4                APBPrescTable
 .rodata        0x08004ecc       0x38 F:\ITI\Graduation\Digital-Hearing-Aid-STM32\I2S-DAC\Middlewares\ST\STM32_Audio\Addons\PDM\Lib/libPDMFilter_CM4_GCC_wc32.a(pdm_filter.o)
 *(.rodata*)
 .rodata.powf.str1.4
                0x08004f04        0x5 f:/programs/eclipse/eclipse-oxygen/plugins/fr.ac6.mcu.externaltools.arm-none.win32_1.17.0.201812190825/tools/compiler/bin/../lib/gcc/arm-none-eabi/7.3.1/../../../../arm-none-eabi/lib/thumb/v7e-m/fpv4-sp/hard\libm.a(lib_a-wf_pow.o)
 .rodata.__ieee754_powf.str1.4
                0x08004f09        0x8 f:/programs/eclipse/eclipse-oxygen/plugins/fr.ac6.mcu.externaltools.arm-none.win32_1.17.0.201812190825/tools/compiler/bin/../lib/gcc/arm-none-eabi/7.3.1/../../../../arm-none-eabi/lib/thumb/v7e-m/fpv4-sp/hard\libm.a(lib_a-ef_pow.o)
                                  0x1 (size before relaxing)
 *fill*         0x08004f09        0x3 
 .rodata.TWO23  0x08004f0c        0x8 f:/programs/eclipse/eclipse-oxygen/plugins/fr.ac6.mcu.externaltools.arm-none.win32_1.17.0.201812190825/tools/compiler/bin/../lib/gcc/arm-none-eabi/7.3.1/../../../../arm-none-eabi/lib/thumb/v7e-m/fpv4-sp/hard\libm.a(lib_a-sf_rint.o)
                0x08004f14                . = ALIGN (0x4)

.ARM.extab
 *(.ARM.extab* .gnu.linkonce.armextab.*)

.ARM            0x08004f14        0x8
                0x08004f14                __exidx_start = .
 *(.ARM.exidx*)
 .ARM.exidx     0x08004f14        0x8 f:/programs/eclipse/eclipse-oxygen/plugins/fr.ac6.mcu.externaltools.arm-none.win32_1.17.0.201812190825/tools/compiler/bin/../lib/gcc/arm-none-eabi/7.3.1/thumb/v7e-m/fpv4-sp/hard\libgcc.a(_udivmoddi4.o)
                0x08004f1c                __exidx_end = .

.rel.dyn        0x08004f1c        0x0
 .rel.iplt      0x08004f1c        0x0 f:/programs/eclipse/eclipse-oxygen/plugins/fr.ac6.mcu.externaltools.arm-none.win32_1.17.0.201812190825/tools/compiler/bin/../lib/gcc/arm-none-eabi/7.3.1/thumb/v7e-m/fpv4-sp/hard/crtbegin.o

.preinit_array  0x08004f1c        0x0
                0x08004f1c                PROVIDE (__preinit_array_start = .)
 *(.preinit_array*)
                0x08004f1c                PROVIDE (__preinit_array_end = .)

.init_array     0x08004f1c        0x4
                0x08004f1c                PROVIDE (__init_array_start = .)
 *(SORT_BY_NAME(.init_array.*))
 *(.init_array*)
 .init_array    0x08004f1c        0x4 f:/programs/eclipse/eclipse-oxygen/plugins/fr.ac6.mcu.externaltools.arm-none.win32_1.17.0.201812190825/tools/compiler/bin/../lib/gcc/arm-none-eabi/7.3.1/thumb/v7e-m/fpv4-sp/hard/crtbegin.o
                0x08004f20                PROVIDE (__init_array_end = .)

.fini_array     0x08004f20        0x4
                [!provide]                PROVIDE (__fini_array_start = .)
 *(SORT_BY_NAME(.fini_array.*))
 *(.fini_array*)
 .fini_array    0x08004f20        0x4 f:/programs/eclipse/eclipse-oxygen/plugins/fr.ac6.mcu.externaltools.arm-none.win32_1.17.0.201812190825/tools/compiler/bin/../lib/gcc/arm-none-eabi/7.3.1/thumb/v7e-m/fpv4-sp/hard/crtbegin.o
                [!provide]                PROVIDE (__fini_array_end = .)
                0x08004f24                _sidata = LOADADDR (.data)

.data           0x20000000      0x474 load address 0x08004f24
                0x20000000                . = ALIGN (0x4)
                0x20000000                _sdata = .
 *(.data)
 .data          0x20000000        0x8 Drivers/STM32F4xx_HAL_Driver/Src/stm32f4xx_hal.o
                0x20000000                uwTickFreq
                0x20000004                uwTickPrio
 .data          0x20000008        0x4 Src/system_stm32f4xx.o
                0x20000008                SystemCoreClock
 .data          0x2000000c      0x400 F:\ITI\Graduation\Digital-Hearing-Aid-STM32\I2S-DAC\Middlewares\ST\STM32_Audio\Addons\PDM\Lib/libPDMFilter_CM4_GCC_wc32.a(pdm_filter.o)
 *(.data*)
 .data.__fdlib_version
                0x2000040c        0x1 f:/programs/eclipse/eclipse-oxygen/plugins/fr.ac6.mcu.externaltools.arm-none.win32_1.17.0.201812190825/tools/compiler/bin/../lib/gcc/arm-none-eabi/7.3.1/../../../../arm-none-eabi/lib/thumb/v7e-m/fpv4-sp/hard\libm.a(lib_a-s_lib_ver.o)
                0x2000040c                __fdlib_version
 *fill*         0x2000040d        0x3 
 .data._impure_ptr
                0x20000410        0x4 f:/programs/eclipse/eclipse-oxygen/plugins/fr.ac6.mcu.externaltools.arm-none.win32_1.17.0.201812190825/tools/compiler/bin/../lib/gcc/arm-none-eabi/7.3.1/../../../../arm-none-eabi/lib/thumb/v7e-m/fpv4-sp/hard\libc_nano.a(lib_a-impure.o)
                0x20000410                _impure_ptr
 .data.impure_data
                0x20000414       0x60 f:/programs/eclipse/eclipse-oxygen/plugins/fr.ac6.mcu.externaltools.arm-none.win32_1.17.0.201812190825/tools/compiler/bin/../lib/gcc/arm-none-eabi/7.3.1/../../../../arm-none-eabi/lib/thumb/v7e-m/fpv4-sp/hard\libc_nano.a(lib_a-impure.o)
                0x20000474                . = ALIGN (0x4)
                0x20000474                _edata = .

.igot.plt       0x20000474        0x0 load address 0x08005398
 .igot.plt      0x20000474        0x0 f:/programs/eclipse/eclipse-oxygen/plugins/fr.ac6.mcu.externaltools.arm-none.win32_1.17.0.201812190825/tools/compiler/bin/../lib/gcc/arm-none-eabi/7.3.1/thumb/v7e-m/fpv4-sp/hard/crtbegin.o
                0x20000474                . = ALIGN (0x4)

.bss            0x20000474       0xdc load address 0x08005398
                0x20000474                _sbss = .
                0x20000474                __bss_start__ = _sbss
 *(.bss)
 .bss           0x20000474       0x1c f:/programs/eclipse/eclipse-oxygen/plugins/fr.ac6.mcu.externaltools.arm-none.win32_1.17.0.201812190825/tools/compiler/bin/../lib/gcc/arm-none-eabi/7.3.1/thumb/v7e-m/fpv4-sp/hard/crtbegin.o
 .bss           0x20000490        0x1 F:\ITI\Graduation\Digital-Hearing-Aid-STM32\I2S-DAC\Middlewares\ST\STM32_Audio\Addons\PDM\Lib/libPDMFilter_CM4_GCC_wc32.a(pdm_filter.o)
 *(.bss*)
 *(COMMON)
 *fill*         0x20000491        0x3 
 COMMON         0x20000494        0x4 Drivers/STM32F4xx_HAL_Driver/Src/stm32f4xx_hal.o
                0x20000494                uwTick
 COMMON         0x20000498       0x64 Src/main.o
                0x20000498                hcrc
                0x200004a0                hdac
                0x200004b4                hi2s2
 COMMON         0x200004fc       0x54 Src/pdm2pcm.o
                0x200004fc                PDM1_filter_config
                0x20000504                PDM1_filter_handler
                0x20000550                . = ALIGN (0x4)
                0x20000550                _ebss = .
                0x20000550                __bss_end__ = _ebss

._user_heap_stack
                0x20000550      0x600 load address 0x08005398
                0x20000550                . = ALIGN (0x8)
                [!provide]                PROVIDE (end = .)
                [!provide]                PROVIDE (_end = .)
                0x20000750                . = (. + _Min_Heap_Size)
 *fill*         0x20000550      0x200 
                0x20000b50                . = (. + _Min_Stack_Size)
 *fill*         0x20000750      0x400 
                0x20000b50                . = ALIGN (0x8)

/DISCARD/
 libc.a(*)
 libm.a(*)
 libgcc.a(*)

.ARM.attributes
                0x00000000       0x30
 *(.ARM.attributes)
 .ARM.attributes
                0x00000000       0x22 f:/programs/eclipse/eclipse-oxygen/plugins/fr.ac6.mcu.externaltools.arm-none.win32_1.17.0.201812190825/tools/compiler/bin/../lib/gcc/arm-none-eabi/7.3.1/thumb/v7e-m/fpv4-sp/hard/crti.o
 .ARM.attributes
                0x00000022       0x34 f:/programs/eclipse/eclipse-oxygen/plugins/fr.ac6.mcu.externaltools.arm-none.win32_1.17.0.201812190825/tools/compiler/bin/../lib/gcc/arm-none-eabi/7.3.1/thumb/v7e-m/fpv4-sp/hard/crtbegin.o
 .ARM.attributes
                0x00000056       0x39 Drivers/STM32F4xx_HAL_Driver/Src/stm32f4xx_hal.o
 .ARM.attributes
                0x0000008f       0x39 Drivers/STM32F4xx_HAL_Driver/Src/stm32f4xx_hal_cortex.o
 .ARM.attributes
                0x000000c8       0x39 Drivers/STM32F4xx_HAL_Driver/Src/stm32f4xx_hal_crc.o
 .ARM.attributes
                0x00000101       0x39 Drivers/STM32F4xx_HAL_Driver/Src/stm32f4xx_hal_dac.o
 .ARM.attributes
                0x0000013a       0x39 Drivers/STM32F4xx_HAL_Driver/Src/stm32f4xx_hal_gpio.o
 .ARM.attributes
                0x00000173       0x39 Drivers/STM32F4xx_HAL_Driver/Src/stm32f4xx_hal_i2s.o
 .ARM.attributes
                0x000001ac       0x39 Drivers/STM32F4xx_HAL_Driver/Src/stm32f4xx_hal_rcc.o
 .ARM.attributes
                0x000001e5       0x39 Drivers/STM32F4xx_HAL_Driver/Src/stm32f4xx_hal_rcc_ex.o
 .ARM.attributes
                0x0000021e       0x39 Src/main.o
 .ARM.attributes
                0x00000257       0x39 Src/pdm2pcm.o
 .ARM.attributes
                0x00000290       0x39 Src/stm32f4xx_hal_msp.o
 .ARM.attributes
                0x000002c9       0x39 Src/stm32f4xx_it.o
 .ARM.attributes
                0x00000302       0x39 Src/system_stm32f4xx.o
 .ARM.attributes
                0x0000033b       0x21 startup/startup_stm32f446xx.o
 .ARM.attributes
                0x0000035c       0x39 F:\ITI\Graduation\Digital-Hearing-Aid-STM32\I2S-DAC\Middlewares\ST\STM32_Audio\Addons\PDM\Lib/libPDMFilter_CM4_GCC_wc32.a(pdm_filter.o)
 .ARM.attributes
                0x00000395       0x39 F:\ITI\Graduation\Digital-Hearing-Aid-STM32\I2S-DAC\Middlewares\ST\STM32_Audio\Addons\PDM\Lib/libPDMFilter_CM4_GCC_wc32.a(stm32_crc_lock.o)
 .ARM.attributes
                0x000003ce       0x34 f:/programs/eclipse/eclipse-oxygen/plugins/fr.ac6.mcu.externaltools.arm-none.win32_1.17.0.201812190825/tools/compiler/bin/../lib/gcc/arm-none-eabi/7.3.1/../../../../arm-none-eabi/lib/thumb/v7e-m/fpv4-sp/hard\libm.a(lib_a-sf_round.o)
 .ARM.attributes
                0x00000402       0x34 f:/programs/eclipse/eclipse-oxygen/plugins/fr.ac6.mcu.externaltools.arm-none.win32_1.17.0.201812190825/tools/compiler/bin/../lib/gcc/arm-none-eabi/7.3.1/../../../../arm-none-eabi/lib/thumb/v7e-m/fpv4-sp/hard\libm.a(lib_a-wf_pow.o)
 .ARM.attributes
                0x00000436       0x34 f:/programs/eclipse/eclipse-oxygen/plugins/fr.ac6.mcu.externaltools.arm-none.win32_1.17.0.201812190825/tools/compiler/bin/../lib/gcc/arm-none-eabi/7.3.1/../../../../arm-none-eabi/lib/thumb/v7e-m/fpv4-sp/hard\libm.a(lib_a-ef_pow.o)
 .ARM.attributes
                0x0000046a       0x34 f:/programs/eclipse/eclipse-oxygen/plugins/fr.ac6.mcu.externaltools.arm-none.win32_1.17.0.201812190825/tools/compiler/bin/../lib/gcc/arm-none-eabi/7.3.1/../../../../arm-none-eabi/lib/thumb/v7e-m/fpv4-sp/hard\libm.a(lib_a-ef_sqrt.o)
 .ARM.attributes
                0x0000049e       0x34 f:/programs/eclipse/eclipse-oxygen/plugins/fr.ac6.mcu.externaltools.arm-none.win32_1.17.0.201812190825/tools/compiler/bin/../lib/gcc/arm-none-eabi/7.3.1/../../../../arm-none-eabi/lib/thumb/v7e-m/fpv4-sp/hard\libm.a(lib_a-s_lib_ver.o)
 .ARM.attributes
                0x000004d2       0x34 f:/programs/eclipse/eclipse-oxygen/plugins/fr.ac6.mcu.externaltools.arm-none.win32_1.17.0.201812190825/tools/compiler/bin/../lib/gcc/arm-none-eabi/7.3.1/../../../../arm-none-eabi/lib/thumb/v7e-m/fpv4-sp/hard\libm.a(lib_a-s_matherr.o)
 .ARM.attributes
                0x00000506       0x34 f:/programs/eclipse/eclipse-oxygen/plugins/fr.ac6.mcu.externaltools.arm-none.win32_1.17.0.201812190825/tools/compiler/bin/../lib/gcc/arm-none-eabi/7.3.1/../../../../arm-none-eabi/lib/thumb/v7e-m/fpv4-sp/hard\libm.a(lib_a-sf_fabs.o)
 .ARM.attributes
                0x0000053a       0x34 f:/programs/eclipse/eclipse-oxygen/plugins/fr.ac6.mcu.externaltools.arm-none.win32_1.17.0.201812190825/tools/compiler/bin/../lib/gcc/arm-none-eabi/7.3.1/../../../../arm-none-eabi/lib/thumb/v7e-m/fpv4-sp/hard\libm.a(lib_a-sf_finite.o)
 .ARM.attributes
                0x0000056e       0x34 f:/programs/eclipse/eclipse-oxygen/plugins/fr.ac6.mcu.externaltools.arm-none.win32_1.17.0.201812190825/tools/compiler/bin/../lib/gcc/arm-none-eabi/7.3.1/../../../../arm-none-eabi/lib/thumb/v7e-m/fpv4-sp/hard\libm.a(lib_a-sf_nan.o)
 .ARM.attributes
                0x000005a2       0x34 f:/programs/eclipse/eclipse-oxygen/plugins/fr.ac6.mcu.externaltools.arm-none.win32_1.17.0.201812190825/tools/compiler/bin/../lib/gcc/arm-none-eabi/7.3.1/../../../../arm-none-eabi/lib/thumb/v7e-m/fpv4-sp/hard\libm.a(lib_a-sf_rint.o)
 .ARM.attributes
                0x000005d6       0x34 f:/programs/eclipse/eclipse-oxygen/plugins/fr.ac6.mcu.externaltools.arm-none.win32_1.17.0.201812190825/tools/compiler/bin/../lib/gcc/arm-none-eabi/7.3.1/../../../../arm-none-eabi/lib/thumb/v7e-m/fpv4-sp/hard\libm.a(lib_a-sf_scalbn.o)
 .ARM.attributes
                0x0000060a       0x34 f:/programs/eclipse/eclipse-oxygen/plugins/fr.ac6.mcu.externaltools.arm-none.win32_1.17.0.201812190825/tools/compiler/bin/../lib/gcc/arm-none-eabi/7.3.1/../../../../arm-none-eabi/lib/thumb/v7e-m/fpv4-sp/hard\libm.a(lib_a-sf_copysign.o)
 .ARM.attributes
                0x0000063e       0x22 f:/programs/eclipse/eclipse-oxygen/plugins/fr.ac6.mcu.externaltools.arm-none.win32_1.17.0.201812190825/tools/compiler/bin/../lib/gcc/arm-none-eabi/7.3.1/thumb/v7e-m/fpv4-sp/hard\libgcc.a(_arm_addsubdf3.o)
 .ARM.attributes
                0x00000660       0x22 f:/programs/eclipse/eclipse-oxygen/plugins/fr.ac6.mcu.externaltools.arm-none.win32_1.17.0.201812190825/tools/compiler/bin/../lib/gcc/arm-none-eabi/7.3.1/thumb/v7e-m/fpv4-sp/hard\libgcc.a(_arm_truncdfsf2.o)
 .ARM.attributes
                0x00000682       0x22 f:/programs/eclipse/eclipse-oxygen/plugins/fr.ac6.mcu.externaltools.arm-none.win32_1.17.0.201812190825/tools/compiler/bin/../lib/gcc/arm-none-eabi/7.3.1/thumb/v7e-m/fpv4-sp/hard\libgcc.a(_aeabi_uldivmod.o)
 .ARM.attributes
                0x000006a4       0x34 f:/programs/eclipse/eclipse-oxygen/plugins/fr.ac6.mcu.externaltools.arm-none.win32_1.17.0.201812190825/tools/compiler/bin/../lib/gcc/arm-none-eabi/7.3.1/thumb/v7e-m/fpv4-sp/hard\libgcc.a(_udivmoddi4.o)
 .ARM.attributes
                0x000006d8       0x22 f:/programs/eclipse/eclipse-oxygen/plugins/fr.ac6.mcu.externaltools.arm-none.win32_1.17.0.201812190825/tools/compiler/bin/../lib/gcc/arm-none-eabi/7.3.1/thumb/v7e-m/fpv4-sp/hard\libgcc.a(_dvmd_tls.o)
 .ARM.attributes
                0x000006fa       0x34 f:/programs/eclipse/eclipse-oxygen/plugins/fr.ac6.mcu.externaltools.arm-none.win32_1.17.0.201812190825/tools/compiler/bin/../lib/gcc/arm-none-eabi/7.3.1/../../../../arm-none-eabi/lib/thumb/v7e-m/fpv4-sp/hard\libc_nano.a(lib_a-errno.o)
 .ARM.attributes
                0x0000072e       0x34 f:/programs/eclipse/eclipse-oxygen/plugins/fr.ac6.mcu.externaltools.arm-none.win32_1.17.0.201812190825/tools/compiler/bin/../lib/gcc/arm-none-eabi/7.3.1/../../../../arm-none-eabi/lib/thumb/v7e-m/fpv4-sp/hard\libc_nano.a(lib_a-impure.o)
 .ARM.attributes
                0x00000762       0x34 f:/programs/eclipse/eclipse-oxygen/plugins/fr.ac6.mcu.externaltools.arm-none.win32_1.17.0.201812190825/tools/compiler/bin/../lib/gcc/arm-none-eabi/7.3.1/../../../../arm-none-eabi/lib/thumb/v7e-m/fpv4-sp/hard\libc_nano.a(lib_a-init.o)
 .ARM.attributes
                0x00000796       0x34 f:/programs/eclipse/eclipse-oxygen/plugins/fr.ac6.mcu.externaltools.arm-none.win32_1.17.0.201812190825/tools/compiler/bin/../lib/gcc/arm-none-eabi/7.3.1/../../../../arm-none-eabi/lib/thumb/v7e-m/fpv4-sp/hard\libc_nano.a(lib_a-memset.o)
 .ARM.attributes
                0x000007ca       0x22 f:/programs/eclipse/eclipse-oxygen/plugins/fr.ac6.mcu.externaltools.arm-none.win32_1.17.0.201812190825/tools/compiler/bin/../lib/gcc/arm-none-eabi/7.3.1/thumb/v7e-m/fpv4-sp/hard/crtn.o
OUTPUT(I2S-DAC.elf elf32-littlearm)

.debug_info     0x00000000     0x81b8
 .debug_info    0x00000000      0xa1e Drivers/STM32F4xx_HAL_Driver/Src/stm32f4xx_hal.o
 .debug_info    0x00000a1e      0xf58 Drivers/STM32F4xx_HAL_Driver/Src/stm32f4xx_hal_cortex.o
 .debug_info    0x00001976      0x416 Drivers/STM32F4xx_HAL_Driver/Src/stm32f4xx_hal_crc.o
 .debug_info    0x00001d8c      0xad5 Drivers/STM32F4xx_HAL_Driver/Src/stm32f4xx_hal_dac.o
 .debug_info    0x00002861      0x7be Drivers/STM32F4xx_HAL_Driver/Src/stm32f4xx_hal_gpio.o
 .debug_info    0x0000301f      0xf90 Drivers/STM32F4xx_HAL_Driver/Src/stm32f4xx_hal_i2s.o
 .debug_info    0x00003faf      0xa79 Drivers/STM32F4xx_HAL_Driver/Src/stm32f4xx_hal_rcc.o
 .debug_info    0x00004a28      0xbe8 Drivers/STM32F4xx_HAL_Driver/Src/stm32f4xx_hal_rcc_ex.o
 .debug_info    0x00005610     0x13d2 Src/main.o
 .debug_info    0x000069e2      0x2af Src/pdm2pcm.o
 .debug_info    0x00006c91      0xde4 Src/stm32f4xx_hal_msp.o
 .debug_info    0x00007a75      0x1e6 Src/stm32f4xx_it.o
 .debug_info    0x00007c5b      0x53b Src/system_stm32f4xx.o
 .debug_info    0x00008196       0x22 startup/startup_stm32f446xx.o

.debug_abbrev   0x00000000     0x1939
 .debug_abbrev  0x00000000      0x1f1 Drivers/STM32F4xx_HAL_Driver/Src/stm32f4xx_hal.o
 .debug_abbrev  0x000001f1      0x328 Drivers/STM32F4xx_HAL_Driver/Src/stm32f4xx_hal_cortex.o
 .debug_abbrev  0x00000519      0x1d0 Drivers/STM32F4xx_HAL_Driver/Src/stm32f4xx_hal_crc.o
 .debug_abbrev  0x000006e9      0x203 Drivers/STM32F4xx_HAL_Driver/Src/stm32f4xx_hal_dac.o
 .debug_abbrev  0x000008ec      0x1e7 Drivers/STM32F4xx_HAL_Driver/Src/stm32f4xx_hal_gpio.o
 .debug_abbrev  0x00000ad3      0x23a Drivers/STM32F4xx_HAL_Driver/Src/stm32f4xx_hal_i2s.o
 .debug_abbrev  0x00000d0d      0x273 Drivers/STM32F4xx_HAL_Driver/Src/stm32f4xx_hal_rcc.o
 .debug_abbrev  0x00000f80      0x229 Drivers/STM32F4xx_HAL_Driver/Src/stm32f4xx_hal_rcc_ex.o
 .debug_abbrev  0x000011a9      0x27a Src/main.o
 .debug_abbrev  0x00001423      0x137 Src/pdm2pcm.o
 .debug_abbrev  0x0000155a      0x1e1 Src/stm32f4xx_hal_msp.o
 .debug_abbrev  0x0000173b       0xdb Src/stm32f4xx_it.o
 .debug_abbrev  0x00001816      0x111 Src/system_stm32f4xx.o
 .debug_abbrev  0x00001927       0x12 startup/startup_stm32f446xx.o

.debug_loc      0x00000000     0x32cb
 .debug_loc     0x00000000       0xfd Drivers/STM32F4xx_HAL_Driver/Src/stm32f4xx_hal.o
 .debug_loc     0x000000fd      0x5ce Drivers/STM32F4xx_HAL_Driver/Src/stm32f4xx_hal_cortex.o
 .debug_loc     0x000006cb      0x21b Drivers/STM32F4xx_HAL_Driver/Src/stm32f4xx_hal_crc.o
 .debug_loc     0x000008e6      0x756 Drivers/STM32F4xx_HAL_Driver/Src/stm32f4xx_hal_dac.o
 .debug_loc     0x0000103c      0x497 Drivers/STM32F4xx_HAL_Driver/Src/stm32f4xx_hal_gpio.o
 .debug_loc     0x000014d3      0xbee Drivers/STM32F4xx_HAL_Driver/Src/stm32f4xx_hal_i2s.o
 .debug_loc     0x000020c1      0x3f1 Drivers/STM32F4xx_HAL_Driver/Src/stm32f4xx_hal_rcc.o
 .debug_loc     0x000024b2      0xafc Drivers/STM32F4xx_HAL_Driver/Src/stm32f4xx_hal_rcc_ex.o
 .debug_loc     0x00002fae       0xd6 Src/main.o
 .debug_loc     0x00003084       0x21 Src/pdm2pcm.o
 .debug_loc     0x000030a5       0xe8 Src/stm32f4xx_hal_msp.o
 .debug_loc     0x0000318d      0x13e Src/system_stm32f4xx.o

.debug_aranges  0x00000000      0x680
 .debug_aranges
                0x00000000       0xf0 Drivers/STM32F4xx_HAL_Driver/Src/stm32f4xx_hal.o
 .debug_aranges
                0x000000f0       0xa8 Drivers/STM32F4xx_HAL_Driver/Src/stm32f4xx_hal_cortex.o
 .debug_aranges
                0x00000198       0x50 Drivers/STM32F4xx_HAL_Driver/Src/stm32f4xx_hal_crc.o
 .debug_aranges
                0x000001e8       0xc0 Drivers/STM32F4xx_HAL_Driver/Src/stm32f4xx_hal_dac.o
 .debug_aranges
                0x000002a8       0x58 Drivers/STM32F4xx_HAL_Driver/Src/stm32f4xx_hal_gpio.o
 .debug_aranges
                0x00000300      0x108 Drivers/STM32F4xx_HAL_Driver/Src/stm32f4xx_hal_i2s.o
 .debug_aranges
                0x00000408       0x88 Drivers/STM32F4xx_HAL_Driver/Src/stm32f4xx_hal_rcc.o
 .debug_aranges
                0x00000490       0x78 Drivers/STM32F4xx_HAL_Driver/Src/stm32f4xx_hal_rcc_ex.o
 .debug_aranges
                0x00000508       0x50 Src/main.o
 .debug_aranges
                0x00000558       0x28 Src/pdm2pcm.o
 .debug_aranges
                0x00000580       0x50 Src/stm32f4xx_hal_msp.o
 .debug_aranges
                0x000005d0       0x60 Src/stm32f4xx_it.o
 .debug_aranges
                0x00000630       0x28 Src/system_stm32f4xx.o
 .debug_aranges
                0x00000658       0x28 startup/startup_stm32f446xx.o

.debug_ranges   0x00000000      0x638
 .debug_ranges  0x00000000       0xe0 Drivers/STM32F4xx_HAL_Driver/Src/stm32f4xx_hal.o
 .debug_ranges  0x000000e0       0xf8 Drivers/STM32F4xx_HAL_Driver/Src/stm32f4xx_hal_cortex.o
 .debug_ranges  0x000001d8       0x40 Drivers/STM32F4xx_HAL_Driver/Src/stm32f4xx_hal_crc.o
 .debug_ranges  0x00000218       0xb0 Drivers/STM32F4xx_HAL_Driver/Src/stm32f4xx_hal_dac.o
 .debug_ranges  0x000002c8       0x48 Drivers/STM32F4xx_HAL_Driver/Src/stm32f4xx_hal_gpio.o
 .debug_ranges  0x00000310       0xf8 Drivers/STM32F4xx_HAL_Driver/Src/stm32f4xx_hal_i2s.o
 .debug_ranges  0x00000408       0x90 Drivers/STM32F4xx_HAL_Driver/Src/stm32f4xx_hal_rcc.o
 .debug_ranges  0x00000498       0x80 Drivers/STM32F4xx_HAL_Driver/Src/stm32f4xx_hal_rcc_ex.o
 .debug_ranges  0x00000518       0x40 Src/main.o
 .debug_ranges  0x00000558       0x18 Src/pdm2pcm.o
 .debug_ranges  0x00000570       0x40 Src/stm32f4xx_hal_msp.o
 .debug_ranges  0x000005b0       0x50 Src/stm32f4xx_it.o
 .debug_ranges  0x00000600       0x18 Src/system_stm32f4xx.o
 .debug_ranges  0x00000618       0x20 startup/startup_stm32f446xx.o

.debug_macro    0x00000000    0x20636
 .debug_macro   0x00000000      0x243 Drivers/STM32F4xx_HAL_Driver/Src/stm32f4xx_hal.o
 .debug_macro   0x00000243      0xa60 Drivers/STM32F4xx_HAL_Driver/Src/stm32f4xx_hal.o
 .debug_macro   0x00000ca3      0x18c Drivers/STM32F4xx_HAL_Driver/Src/stm32f4xx_hal.o
 .debug_macro   0x00000e2f       0x32 Drivers/STM32F4xx_HAL_Driver/Src/stm32f4xx_hal.o
 .debug_macro   0x00000e61       0x28 Drivers/STM32F4xx_HAL_Driver/Src/stm32f4xx_hal.o
 .debug_macro   0x00000e89       0x22 Drivers/STM32F4xx_HAL_Driver/Src/stm32f4xx_hal.o
 .debug_macro   0x00000eab       0x8e Drivers/STM32F4xx_HAL_Driver/Src/stm32f4xx_hal.o
 .debug_macro   0x00000f39       0x51 Drivers/STM32F4xx_HAL_Driver/Src/stm32f4xx_hal.o
 .debug_macro   0x00000f8a       0xef Drivers/STM32F4xx_HAL_Driver/Src/stm32f4xx_hal.o
 .debug_macro   0x00001079       0x6a Drivers/STM32F4xx_HAL_Driver/Src/stm32f4xx_hal.o
 .debug_macro   0x000010e3      0x1df Drivers/STM32F4xx_HAL_Driver/Src/stm32f4xx_hal.o
 .debug_macro   0x000012c2       0x1c Drivers/STM32F4xx_HAL_Driver/Src/stm32f4xx_hal.o
 .debug_macro   0x000012de       0x22 Drivers/STM32F4xx_HAL_Driver/Src/stm32f4xx_hal.o
 .debug_macro   0x00001300       0xdf Drivers/STM32F4xx_HAL_Driver/Src/stm32f4xx_hal.o
 .debug_macro   0x000013df     0x102d Drivers/STM32F4xx_HAL_Driver/Src/stm32f4xx_hal.o
 .debug_macro   0x0000240c      0x11f Drivers/STM32F4xx_HAL_Driver/Src/stm32f4xx_hal.o
 .debug_macro   0x0000252b    0x16734 Drivers/STM32F4xx_HAL_Driver/Src/stm32f4xx_hal.o
 .debug_macro   0x00018c5f       0x43 Drivers/STM32F4xx_HAL_Driver/Src/stm32f4xx_hal.o
 .debug_macro   0x00018ca2     0x35d4 Drivers/STM32F4xx_HAL_Driver/Src/stm32f4xx_hal.o
 .debug_macro   0x0001c276      0x174 Drivers/STM32F4xx_HAL_Driver/Src/stm32f4xx_hal.o
 .debug_macro   0x0001c3ea       0x4e Drivers/STM32F4xx_HAL_Driver/Src/stm32f4xx_hal.o
 .debug_macro   0x0001c438      0xc90 Drivers/STM32F4xx_HAL_Driver/Src/stm32f4xx_hal.o
 .debug_macro   0x0001d0c8      0x9fe Drivers/STM32F4xx_HAL_Driver/Src/stm32f4xx_hal.o
 .debug_macro   0x0001dac6      0x117 Drivers/STM32F4xx_HAL_Driver/Src/stm32f4xx_hal.o
 .debug_macro   0x0001dbdd      0x1a0 Drivers/STM32F4xx_HAL_Driver/Src/stm32f4xx_hal.o
 .debug_macro   0x0001dd7d       0x27 Drivers/STM32F4xx_HAL_Driver/Src/stm32f4xx_hal.o
 .debug_macro   0x0001dda4      0x287 Drivers/STM32F4xx_HAL_Driver/Src/stm32f4xx_hal.o
 .debug_macro   0x0001e02b       0x5f Drivers/STM32F4xx_HAL_Driver/Src/stm32f4xx_hal.o
 .debug_macro   0x0001e08a      0x236 Drivers/STM32F4xx_HAL_Driver/Src/stm32f4xx_hal.o
 .debug_macro   0x0001e2c0       0x22 Drivers/STM32F4xx_HAL_Driver/Src/stm32f4xx_hal.o
 .debug_macro   0x0001e2e2       0xea Drivers/STM32F4xx_HAL_Driver/Src/stm32f4xx_hal.o
 .debug_macro   0x0001e3cc       0xa0 Drivers/STM32F4xx_HAL_Driver/Src/stm32f4xx_hal.o
 .debug_macro   0x0001e46c       0x3c Drivers/STM32F4xx_HAL_Driver/Src/stm32f4xx_hal.o
 .debug_macro   0x0001e4a8      0x132 Drivers/STM32F4xx_HAL_Driver/Src/stm32f4xx_hal.o
 .debug_macro   0x0001e5da      0x29c Drivers/STM32F4xx_HAL_Driver/Src/stm32f4xx_hal.o
 .debug_macro   0x0001e876       0x2e Drivers/STM32F4xx_HAL_Driver/Src/stm32f4xx_hal.o
 .debug_macro   0x0001e8a4      0x1a7 Drivers/STM32F4xx_HAL_Driver/Src/stm32f4xx_hal.o
 .debug_macro   0x0001ea4b       0x4a Drivers/STM32F4xx_HAL_Driver/Src/stm32f4xx_hal.o
 .debug_macro   0x0001ea95      0x11a Drivers/STM32F4xx_HAL_Driver/Src/stm32f4xx_hal.o
 .debug_macro   0x0001ebaf       0xe8 Drivers/STM32F4xx_HAL_Driver/Src/stm32f4xx_hal.o
 .debug_macro   0x0001ec97       0x89 Drivers/STM32F4xx_HAL_Driver/Src/stm32f4xx_hal.o
 .debug_macro   0x0001ed20      0x126 Drivers/STM32F4xx_HAL_Driver/Src/stm32f4xx_hal.o
 .debug_macro   0x0001ee46      0x1e3 Drivers/STM32F4xx_HAL_Driver/Src/stm32f4xx_hal_cortex.o
 .debug_macro   0x0001f029      0x1e3 Drivers/STM32F4xx_HAL_Driver/Src/stm32f4xx_hal_crc.o
 .debug_macro   0x0001f20c      0x1e4 Drivers/STM32F4xx_HAL_Driver/Src/stm32f4xx_hal_dac.o
 .debug_macro   0x0001f3f0      0x219 Drivers/STM32F4xx_HAL_Driver/Src/stm32f4xx_hal_gpio.o
 .debug_macro   0x0001f609      0x1e4 Drivers/STM32F4xx_HAL_Driver/Src/stm32f4xx_hal_i2s.o
 .debug_macro   0x0001f7ed      0x207 Drivers/STM32F4xx_HAL_Driver/Src/stm32f4xx_hal_rcc.o
 .debug_macro   0x0001f9f4      0x1e3 Drivers/STM32F4xx_HAL_Driver/Src/stm32f4xx_hal_rcc_ex.o
 .debug_macro   0x0001fbd7      0x210 Src/main.o
 .debug_macro   0x0001fde7       0x82 Src/main.o
 .debug_macro   0x0001fe69      0x200 Src/pdm2pcm.o
 .debug_macro   0x00020069      0x1ed Src/stm32f4xx_hal_msp.o
 .debug_macro   0x00020256      0x1f7 Src/stm32f4xx_it.o
 .debug_macro   0x0002044d      0x1e9 Src/system_stm32f4xx.o

.debug_line     0x00000000     0x76a2
 .debug_line    0x00000000      0x937 Drivers/STM32F4xx_HAL_Driver/Src/stm32f4xx_hal.o
 .debug_line    0x00000937      0x98d Drivers/STM32F4xx_HAL_Driver/Src/stm32f4xx_hal_cortex.o
 .debug_line    0x000012c4      0x805 Drivers/STM32F4xx_HAL_Driver/Src/stm32f4xx_hal_crc.o
 .debug_line    0x00001ac9      0x9ca Drivers/STM32F4xx_HAL_Driver/Src/stm32f4xx_hal_dac.o
 .debug_line    0x00002493      0x8b9 Drivers/STM32F4xx_HAL_Driver/Src/stm32f4xx_hal_gpio.o
 .debug_line    0x00002d4c      0xc65 Drivers/STM32F4xx_HAL_Driver/Src/stm32f4xx_hal_i2s.o
 .debug_line    0x000039b1      0x9ac Drivers/STM32F4xx_HAL_Driver/Src/stm32f4xx_hal_rcc.o
 .debug_line    0x0000435d      0xb63 Drivers/STM32F4xx_HAL_Driver/Src/stm32f4xx_hal_rcc_ex.o
 .debug_line    0x00004ec0      0x88f Src/main.o
 .debug_line    0x0000574f      0x7c5 Src/pdm2pcm.o
 .debug_line    0x00005f14      0x7e7 Src/stm32f4xx_hal_msp.o
 .debug_line    0x000066fb      0x7c9 Src/stm32f4xx_it.o
 .debug_line    0x00006ec4      0x75f Src/system_stm32f4xx.o
 .debug_line    0x00007623       0x7f startup/startup_stm32f446xx.o

.debug_str      0x00000000    0xc3726
 .debug_str     0x00000000    0xc178e Drivers/STM32F4xx_HAL_Driver/Src/stm32f4xx_hal.o
                              0xc1b28 (size before relaxing)
 .debug_str     0x000c178e      0x3a8 Drivers/STM32F4xx_HAL_Driver/Src/stm32f4xx_hal_cortex.o
                              0xc1839 (size before relaxing)
 .debug_str     0x000c1b36      0x1a5 Drivers/STM32F4xx_HAL_Driver/Src/stm32f4xx_hal_crc.o
                              0xc0f81 (size before relaxing)
 .debug_str     0x000c1cdb      0x566 Drivers/STM32F4xx_HAL_Driver/Src/stm32f4xx_hal_dac.o
                              0xc13a0 (size before relaxing)
 .debug_str     0x000c2241      0x27b Drivers/STM32F4xx_HAL_Driver/Src/stm32f4xx_hal_gpio.o
                              0xc11a0 (size before relaxing)
 .debug_str     0x000c24bc      0x46a Drivers/STM32F4xx_HAL_Driver/Src/stm32f4xx_hal_i2s.o
                              0xc1519 (size before relaxing)
 .debug_str     0x000c2926      0x37e Drivers/STM32F4xx_HAL_Driver/Src/stm32f4xx_hal_rcc.o
                              0xc136f (size before relaxing)
 .debug_str     0x000c2ca4      0x301 Drivers/STM32F4xx_HAL_Driver/Src/stm32f4xx_hal_rcc_ex.o
                              0xc13be (size before relaxing)
 .debug_str     0x000c2fa5      0x5ce Src/main.o
                              0xc1f01 (size before relaxing)
 .debug_str     0x000c3573       0x57 Src/pdm2pcm.o
                              0xc1277 (size before relaxing)
 .debug_str     0x000c35ca       0x1b Src/stm32f4xx_hal_msp.o
                              0xc159b (size before relaxing)
 .debug_str     0x000c35e5       0xb8 Src/stm32f4xx_it.o
                              0xc0e61 (size before relaxing)
 .debug_str     0x000c369d       0x5a Src/system_stm32f4xx.o
                              0xc0f5c (size before relaxing)
 .debug_str     0x000c36f7       0x2f startup/startup_stm32f446xx.o
                                 0x69 (size before relaxing)

.comment        0x00000000       0xfe
 .comment       0x00000000       0x7f Drivers/STM32F4xx_HAL_Driver/Src/stm32f4xx_hal.o
                                 0x80 (size before relaxing)
 .comment       0x0000007f       0x80 Drivers/STM32F4xx_HAL_Driver/Src/stm32f4xx_hal_cortex.o
 .comment       0x0000007f       0x80 Drivers/STM32F4xx_HAL_Driver/Src/stm32f4xx_hal_crc.o
 .comment       0x0000007f       0x80 Drivers/STM32F4xx_HAL_Driver/Src/stm32f4xx_hal_dac.o
 .comment       0x0000007f       0x80 Drivers/STM32F4xx_HAL_Driver/Src/stm32f4xx_hal_gpio.o
 .comment       0x0000007f       0x80 Drivers/STM32F4xx_HAL_Driver/Src/stm32f4xx_hal_i2s.o
 .comment       0x0000007f       0x80 Drivers/STM32F4xx_HAL_Driver/Src/stm32f4xx_hal_rcc.o
 .comment       0x0000007f       0x80 Drivers/STM32F4xx_HAL_Driver/Src/stm32f4xx_hal_rcc_ex.o
 .comment       0x0000007f       0x80 Src/main.o
 .comment       0x0000007f       0x80 Src/pdm2pcm.o
 .comment       0x0000007f       0x80 Src/stm32f4xx_hal_msp.o
 .comment       0x0000007f       0x80 Src/stm32f4xx_it.o
 .comment       0x0000007f       0x80 Src/system_stm32f4xx.o
 .comment       0x0000007f       0x7f F:\ITI\Graduation\Digital-Hearing-Aid-STM32\I2S-DAC\Middlewares\ST\STM32_Audio\Addons\PDM\Lib/libPDMFilter_CM4_GCC_wc32.a(pdm_filter.o)
                                 0x80 (size before relaxing)
 .comment       0x000000fe       0x80 F:\ITI\Graduation\Digital-Hearing-Aid-STM32\I2S-DAC\Middlewares\ST\STM32_Audio\Addons\PDM\Lib/libPDMFilter_CM4_GCC_wc32.a(stm32_crc_lock.o)

.debug_frame    0x00000000     0x1360
 .debug_frame   0x00000000      0x1ec Drivers/STM32F4xx_HAL_Driver/Src/stm32f4xx_hal.o
 .debug_frame   0x000001ec      0x15c Drivers/STM32F4xx_HAL_Driver/Src/stm32f4xx_hal_cortex.o
 .debug_frame   0x00000348       0xc4 Drivers/STM32F4xx_HAL_Driver/Src/stm32f4xx_hal_crc.o
 .debug_frame   0x0000040c      0x1f0 Drivers/STM32F4xx_HAL_Driver/Src/stm32f4xx_hal_dac.o
 .debug_frame   0x000005fc       0xd8 Drivers/STM32F4xx_HAL_Driver/Src/stm32f4xx_hal_gpio.o
 .debug_frame   0x000006d4      0x31c Drivers/STM32F4xx_HAL_Driver/Src/stm32f4xx_hal_i2s.o
 .debug_frame   0x000009f0      0x184 Drivers/STM32F4xx_HAL_Driver/Src/stm32f4xx_hal_rcc.o
 .debug_frame   0x00000b74      0x148 Drivers/STM32F4xx_HAL_Driver/Src/stm32f4xx_hal_rcc_ex.o
 .debug_frame   0x00000cbc       0xd0 Src/main.o
 .debug_frame   0x00000d8c       0x38 Src/pdm2pcm.o
 .debug_frame   0x00000dc4       0xc8 Src/stm32f4xx_hal_msp.o
 .debug_frame   0x00000e8c       0xb0 Src/stm32f4xx_it.o
 .debug_frame   0x00000f3c       0x30 Src/system_stm32f4xx.o
 .debug_frame   0x00000f6c       0x34 f:/programs/eclipse/eclipse-oxygen/plugins/fr.ac6.mcu.externaltools.arm-none.win32_1.17.0.201812190825/tools/compiler/bin/../lib/gcc/arm-none-eabi/7.3.1/../../../../arm-none-eabi/lib/thumb/v7e-m/fpv4-sp/hard\libm.a(lib_a-sf_round.o)
 .debug_frame   0x00000fa0       0x68 f:/programs/eclipse/eclipse-oxygen/plugins/fr.ac6.mcu.externaltools.arm-none.win32_1.17.0.201812190825/tools/compiler/bin/../lib/gcc/arm-none-eabi/7.3.1/../../../../arm-none-eabi/lib/thumb/v7e-m/fpv4-sp/hard\libm.a(lib_a-wf_pow.o)
 .debug_frame   0x00001008       0x80 f:/programs/eclipse/eclipse-oxygen/plugins/fr.ac6.mcu.externaltools.arm-none.win32_1.17.0.201812190825/tools/compiler/bin/../lib/gcc/arm-none-eabi/7.3.1/../../../../arm-none-eabi/lib/thumb/v7e-m/fpv4-sp/hard\libm.a(lib_a-ef_pow.o)
 .debug_frame   0x00001088       0x20 f:/programs/eclipse/eclipse-oxygen/plugins/fr.ac6.mcu.externaltools.arm-none.win32_1.17.0.201812190825/tools/compiler/bin/../lib/gcc/arm-none-eabi/7.3.1/../../../../arm-none-eabi/lib/thumb/v7e-m/fpv4-sp/hard\libm.a(lib_a-ef_sqrt.o)
 .debug_frame   0x000010a8       0x20 f:/programs/eclipse/eclipse-oxygen/plugins/fr.ac6.mcu.externaltools.arm-none.win32_1.17.0.201812190825/tools/compiler/bin/../lib/gcc/arm-none-eabi/7.3.1/../../../../arm-none-eabi/lib/thumb/v7e-m/fpv4-sp/hard\libm.a(lib_a-s_matherr.o)
 .debug_frame   0x000010c8       0x20 f:/programs/eclipse/eclipse-oxygen/plugins/fr.ac6.mcu.externaltools.arm-none.win32_1.17.0.201812190825/tools/compiler/bin/../lib/gcc/arm-none-eabi/7.3.1/../../../../arm-none-eabi/lib/thumb/v7e-m/fpv4-sp/hard\libm.a(lib_a-sf_fabs.o)
 .debug_frame   0x000010e8       0x20 f:/programs/eclipse/eclipse-oxygen/plugins/fr.ac6.mcu.externaltools.arm-none.win32_1.17.0.201812190825/tools/compiler/bin/../lib/gcc/arm-none-eabi/7.3.1/../../../../arm-none-eabi/lib/thumb/v7e-m/fpv4-sp/hard\libm.a(lib_a-sf_finite.o)
 .debug_frame   0x00001108       0x20 f:/programs/eclipse/eclipse-oxygen/plugins/fr.ac6.mcu.externaltools.arm-none.win32_1.17.0.201812190825/tools/compiler/bin/../lib/gcc/arm-none-eabi/7.3.1/../../../../arm-none-eabi/lib/thumb/v7e-m/fpv4-sp/hard\libm.a(lib_a-sf_nan.o)
 .debug_frame   0x00001128       0x38 f:/programs/eclipse/eclipse-oxygen/plugins/fr.ac6.mcu.externaltools.arm-none.win32_1.17.0.201812190825/tools/compiler/bin/../lib/gcc/arm-none-eabi/7.3.1/../../../../arm-none-eabi/lib/thumb/v7e-m/fpv4-sp/hard\libm.a(lib_a-sf_rint.o)
 .debug_frame   0x00001160       0x44 f:/programs/eclipse/eclipse-oxygen/plugins/fr.ac6.mcu.externaltools.arm-none.win32_1.17.0.201812190825/tools/compiler/bin/../lib/gcc/arm-none-eabi/7.3.1/../../../../arm-none-eabi/lib/thumb/v7e-m/fpv4-sp/hard\libm.a(lib_a-sf_scalbn.o)
 .debug_frame   0x000011a4       0x20 f:/programs/eclipse/eclipse-oxygen/plugins/fr.ac6.mcu.externaltools.arm-none.win32_1.17.0.201812190825/tools/compiler/bin/../lib/gcc/arm-none-eabi/7.3.1/../../../../arm-none-eabi/lib/thumb/v7e-m/fpv4-sp/hard\libm.a(lib_a-sf_copysign.o)
 .debug_frame   0x000011c4       0xac f:/programs/eclipse/eclipse-oxygen/plugins/fr.ac6.mcu.externaltools.arm-none.win32_1.17.0.201812190825/tools/compiler/bin/../lib/gcc/arm-none-eabi/7.3.1/thumb/v7e-m/fpv4-sp/hard\libgcc.a(_arm_addsubdf3.o)
 .debug_frame   0x00001270       0x24 f:/programs/eclipse/eclipse-oxygen/plugins/fr.ac6.mcu.externaltools.arm-none.win32_1.17.0.201812190825/tools/compiler/bin/../lib/gcc/arm-none-eabi/7.3.1/thumb/v7e-m/fpv4-sp/hard\libgcc.a(_arm_truncdfsf2.o)
 .debug_frame   0x00001294       0x2c f:/programs/eclipse/eclipse-oxygen/plugins/fr.ac6.mcu.externaltools.arm-none.win32_1.17.0.201812190825/tools/compiler/bin/../lib/gcc/arm-none-eabi/7.3.1/thumb/v7e-m/fpv4-sp/hard\libgcc.a(_aeabi_uldivmod.o)
 .debug_frame   0x000012c0       0x34 f:/programs/eclipse/eclipse-oxygen/plugins/fr.ac6.mcu.externaltools.arm-none.win32_1.17.0.201812190825/tools/compiler/bin/../lib/gcc/arm-none-eabi/7.3.1/thumb/v7e-m/fpv4-sp/hard\libgcc.a(_udivmoddi4.o)
 .debug_frame   0x000012f4       0x20 f:/programs/eclipse/eclipse-oxygen/plugins/fr.ac6.mcu.externaltools.arm-none.win32_1.17.0.201812190825/tools/compiler/bin/../lib/gcc/arm-none-eabi/7.3.1/../../../../arm-none-eabi/lib/thumb/v7e-m/fpv4-sp/hard\libc_nano.a(lib_a-errno.o)
 .debug_frame   0x00001314       0x2c f:/programs/eclipse/eclipse-oxygen/plugins/fr.ac6.mcu.externaltools.arm-none.win32_1.17.0.201812190825/tools/compiler/bin/../lib/gcc/arm-none-eabi/7.3.1/../../../../arm-none-eabi/lib/thumb/v7e-m/fpv4-sp/hard\libc_nano.a(lib_a-init.o)
 .debug_frame   0x00001340       0x20 f:/programs/eclipse/eclipse-oxygen/plugins/fr.ac6.mcu.externaltools.arm-none.win32_1.17.0.201812190825/tools/compiler/bin/../lib/gcc/arm-none-eabi/7.3.1/../../../../arm-none-eabi/lib/thumb/v7e-m/fpv4-sp/hard\libc_nano.a(lib_a-memset.o)
