Archive member included to satisfy reference by file (symbol)

F:\ITI\Graduation\Digital-Hearing-Aid-STM32\I2S_Configuration\Middlewares\ST\STM32_Audio\Addons\PDM\Lib/libPDMFilter_CM4_GCC_wc32.a(pdm_filter.o)
                              Src/main.o (PDM_Filter_Init)
F:\ITI\Graduation\Digital-Hearing-Aid-STM32\I2S_Configuration\Middlewares\ST\STM32_Audio\Addons\PDM\Lib/libPDMFilter_CM4_GCC_wc32.a(stm32_crc_lock.o)
                              F:\ITI\Graduation\Digital-Hearing-Aid-STM32\I2S_Configuration\Middlewares\ST\STM32_Audio\Addons\PDM\Lib/libPDMFilter_CM4_GCC_wc32.a(pdm_filter.o) (CRC_Lock)
f:/programs/eclipse/eclipse-oxygen/plugins/fr.ac6.mcu.externaltools.arm-none.win32_1.17.0.201812190825/tools/compiler/bin/../lib/gcc/arm-none-eabi/7.3.1/../../../../arm-none-eabi/lib/thumb/v7e-m/fpv4-sp/hard\libm.a(lib_a-sf_round.o)
                              F:\ITI\Graduation\Digital-Hearing-Aid-STM32\I2S_Configuration\Middlewares\ST\STM32_Audio\Addons\PDM\Lib/libPDMFilter_CM4_GCC_wc32.a(pdm_filter.o) (roundf)
f:/programs/eclipse/eclipse-oxygen/plugins/fr.ac6.mcu.externaltools.arm-none.win32_1.17.0.201812190825/tools/compiler/bin/../lib/gcc/arm-none-eabi/7.3.1/../../../../arm-none-eabi/lib/thumb/v7e-m/fpv4-sp/hard\libm.a(lib_a-wf_pow.o)
                              F:\ITI\Graduation\Digital-Hearing-Aid-STM32\I2S_Configuration\Middlewares\ST\STM32_Audio\Addons\PDM\Lib/libPDMFilter_CM4_GCC_wc32.a(pdm_filter.o) (powf)
f:/programs/eclipse/eclipse-oxygen/plugins/fr.ac6.mcu.externaltools.arm-none.win32_1.17.0.201812190825/tools/compiler/bin/../lib/gcc/arm-none-eabi/7.3.1/../../../../arm-none-eabi/lib/thumb/v7e-m/fpv4-sp/hard\libm.a(lib_a-ef_pow.o)
                              f:/programs/eclipse/eclipse-oxygen/plugins/fr.ac6.mcu.externaltools.arm-none.win32_1.17.0.201812190825/tools/compiler/bin/../lib/gcc/arm-none-eabi/7.3.1/../../../../arm-none-eabi/lib/thumb/v7e-m/fpv4-sp/hard\libm.a(lib_a-wf_pow.o) (__ieee754_powf)
f:/programs/eclipse/eclipse-oxygen/plugins/fr.ac6.mcu.externaltools.arm-none.win32_1.17.0.201812190825/tools/compiler/bin/../lib/gcc/arm-none-eabi/7.3.1/../../../../arm-none-eabi/lib/thumb/v7e-m/fpv4-sp/hard\libm.a(lib_a-ef_sqrt.o)
                              f:/programs/eclipse/eclipse-oxygen/plugins/fr.ac6.mcu.externaltools.arm-none.win32_1.17.0.201812190825/tools/compiler/bin/../lib/gcc/arm-none-eabi/7.3.1/../../../../arm-none-eabi/lib/thumb/v7e-m/fpv4-sp/hard\libm.a(lib_a-ef_pow.o) (__ieee754_sqrtf)
f:/programs/eclipse/eclipse-oxygen/plugins/fr.ac6.mcu.externaltools.arm-none.win32_1.17.0.201812190825/tools/compiler/bin/../lib/gcc/arm-none-eabi/7.3.1/../../../../arm-none-eabi/lib/thumb/v7e-m/fpv4-sp/hard\libm.a(lib_a-s_lib_ver.o)
                              f:/programs/eclipse/eclipse-oxygen/plugins/fr.ac6.mcu.externaltools.arm-none.win32_1.17.0.201812190825/tools/compiler/bin/../lib/gcc/arm-none-eabi/7.3.1/../../../../arm-none-eabi/lib/thumb/v7e-m/fpv4-sp/hard\libm.a(lib_a-wf_pow.o) (__fdlib_version)
f:/programs/eclipse/eclipse-oxygen/plugins/fr.ac6.mcu.externaltools.arm-none.win32_1.17.0.201812190825/tools/compiler/bin/../lib/gcc/arm-none-eabi/7.3.1/../../../../arm-none-eabi/lib/thumb/v7e-m/fpv4-sp/hard\libm.a(lib_a-s_matherr.o)
                              f:/programs/eclipse/eclipse-oxygen/plugins/fr.ac6.mcu.externaltools.arm-none.win32_1.17.0.201812190825/tools/compiler/bin/../lib/gcc/arm-none-eabi/7.3.1/../../../../arm-none-eabi/lib/thumb/v7e-m/fpv4-sp/hard\libm.a(lib_a-wf_pow.o) (matherr)
f:/programs/eclipse/eclipse-oxygen/plugins/fr.ac6.mcu.externaltools.arm-none.win32_1.17.0.201812190825/tools/compiler/bin/../lib/gcc/arm-none-eabi/7.3.1/../../../../arm-none-eabi/lib/thumb/v7e-m/fpv4-sp/hard\libm.a(lib_a-sf_fabs.o)
                              f:/programs/eclipse/eclipse-oxygen/plugins/fr.ac6.mcu.externaltools.arm-none.win32_1.17.0.201812190825/tools/compiler/bin/../lib/gcc/arm-none-eabi/7.3.1/../../../../arm-none-eabi/lib/thumb/v7e-m/fpv4-sp/hard\libm.a(lib_a-ef_pow.o) (fabsf)
f:/programs/eclipse/eclipse-oxygen/plugins/fr.ac6.mcu.externaltools.arm-none.win32_1.17.0.201812190825/tools/compiler/bin/../lib/gcc/arm-none-eabi/7.3.1/../../../../arm-none-eabi/lib/thumb/v7e-m/fpv4-sp/hard\libm.a(lib_a-sf_finite.o)
                              f:/programs/eclipse/eclipse-oxygen/plugins/fr.ac6.mcu.externaltools.arm-none.win32_1.17.0.201812190825/tools/compiler/bin/../lib/gcc/arm-none-eabi/7.3.1/../../../../arm-none-eabi/lib/thumb/v7e-m/fpv4-sp/hard\libm.a(lib_a-wf_pow.o) (finitef)
f:/programs/eclipse/eclipse-oxygen/plugins/fr.ac6.mcu.externaltools.arm-none.win32_1.17.0.201812190825/tools/compiler/bin/../lib/gcc/arm-none-eabi/7.3.1/../../../../arm-none-eabi/lib/thumb/v7e-m/fpv4-sp/hard\libm.a(lib_a-sf_nan.o)
                              f:/programs/eclipse/eclipse-oxygen/plugins/fr.ac6.mcu.externaltools.arm-none.win32_1.17.0.201812190825/tools/compiler/bin/../lib/gcc/arm-none-eabi/7.3.1/../../../../arm-none-eabi/lib/thumb/v7e-m/fpv4-sp/hard\libm.a(lib_a-ef_pow.o) (nanf)
[...]
Memory Configuration

Name             Origin             Length             Attributes
RAM              0x20000000         0x00020000         xrw
FLASH            0x08000000         0x00040000         xr
*default*        0x00000000         0xffffffff

Linker script and memory map

LOAD f:/programs/eclipse/eclipse-oxygen/plugins/fr.ac6.mcu.externaltools.arm-none.win32_1.17.0.201812190825/tools/compiler/bin/../lib/gcc/arm-none-eabi/7.3.1/thumb/v7e-m/fpv4-sp/hard/crti.o
LOAD f:/programs/eclipse/eclipse-oxygen/plugins/fr.ac6.mcu.externaltools.arm-none.win32_1.17.0.201812190825/tools/compiler/bin/../lib/gcc/arm-none-eabi/7.3.1/thumb/v7e-m/fpv4-sp/hard/crtbegin.o
LOAD f:/programs/eclipse/eclipse-oxygen/plugins/fr.ac6.mcu.externaltools.arm-none.win32_1.17.0.201812190825/tools/compiler/bin/../lib/gcc/arm-none-eabi/7.3.1/../../../../arm-none-eabi/lib/thumb/v7e-m/fpv4-sp/hard/crt0.o
LOAD Drivers/STM32F4xx_HAL_Driver/Src/stm32f4xx_hal.o
LOAD Drivers/STM32F4xx_HAL_Driver/Src/stm32f4xx_hal_cortex.o
LOAD Drivers/STM32F4xx_HAL_Driver/Src/stm32f4xx_hal_crc.o
LOAD Drivers/STM32F4xx_HAL_Driver/Src/stm32f4xx_hal_dac.o
LOAD Drivers/STM32F4xx_HAL_Driver/Src/stm32f4xx_hal_dac_ex.o
LOAD Drivers/STM32F4xx_HAL_Driver/Src/stm32f4xx_hal_dma.o
LOAD Drivers/STM32F4xx_HAL_Driver/Src/stm32f4xx_hal_dma_ex.o
LOAD Drivers/STM32F4xx_HAL_Driver/Src/stm32f4xx_hal_flash.o
LOAD Drivers/STM32F4xx_HAL_Driver/Src/stm32f4xx_hal_flash_ex.o
LOAD Drivers/STM32F4xx_HAL_Driver/Src/stm32f4xx_hal_flash_ramfunc.o
LOAD Drivers/STM32F4xx_HAL_Driver/Src/stm32f4xx_hal_gpio.o
LOAD Drivers/STM32F4xx_HAL_Driver/Src/stm32f4xx_hal_i2s.o
LOAD Drivers/STM32F4xx_HAL_Driver/Src/stm32f4xx_hal_i2s_ex.o
LOAD Drivers/STM32F4xx_HAL_Driver/Src/stm32f4xx_hal_pwr.o
LOAD Drivers/STM32F4xx_HAL_Driver/Src/stm32f4xx_hal_pwr_ex.o
LOAD Drivers/STM32F4xx_HAL_Driver/Src/stm32f4xx_hal_rcc.o
LOAD Drivers/STM32F4xx_HAL_Driver/Src/stm32f4xx_hal_rcc_ex.o
LOAD Drivers/STM32F4xx_HAL_Driver/Src/stm32f4xx_hal_tim.o
LOAD Drivers/STM32F4xx_HAL_Driver/Src/stm32f4xx_hal_tim_ex.o
LOAD Src/crc.o
LOAD Src/dac.o
LOAD Src/dma.o
LOAD Src/fromExample.o
LOAD Src/gpio.o
LOAD Src/i2s.o
LOAD Src/main.o
LOAD Src/pdm2pcm.o
LOAD Src/stm32f4xx_hal_msp.o
LOAD Src/stm32f4xx_it.o
LOAD Src/system_stm32f4xx.o
LOAD startup/startup_stm32f446xx.o
LOAD F:\ITI\Graduation\Digital-Hearing-Aid-STM32\I2S_Configuration\Middlewares\ST\STM32_Audio\Addons\PDM\Lib/libPDMFilter_CM4_GCC_wc32.a
LOAD f:/programs/eclipse/eclipse-oxygen/plugins/fr.ac6.mcu.externaltools.arm-none.win32_1.17.0.201812190825/tools/compiler/bin/../lib/gcc/arm-none-eabi/7.3.1/../../../../arm-none-eabi/lib/thumb/v7e-m/fpv4-sp/hard\libm.a
START GROUP
LOAD f:/programs/eclipse/eclipse-oxygen/plugins/fr.ac6.mcu.externaltools.arm-none.win32_1.17.0.201812190825/tools/compiler/bin/../lib/gcc/arm-none-eabi/7.3.1/thumb/v7e-m/fpv4-sp/hard\libgcc.a
LOAD f:/programs/eclipse/eclipse-oxygen/plugins/fr.ac6.mcu.externaltools.arm-none.win32_1.17.0.201812190825/tools/compiler/bin/../lib/gcc/arm-none-eabi/7.3.1/../../../../arm-none-eabi/lib/thumb/v7e-m/fpv4-sp/hard\libc_nano.a
END GROUP
START GROUP
LOAD f:/programs/eclipse/eclipse-oxygen/plugins/fr.ac6.mcu.externaltools.arm-none.win32_1.17.0.201812190825/tools/compiler/bin/../lib/gcc/arm-none-eabi/7.3.1/thumb/v7e-m/fpv4-sp/hard\libgcc.a
LOAD f:/programs/eclipse/eclipse-oxygen/plugins/fr.ac6.mcu.externaltools.arm-none.win32_1.17.0.201812190825/tools/compiler/bin/../lib/gcc/arm-none-eabi/7.3.1/../../../../arm-none-eabi/lib/thumb/v7e-m/fpv4-sp/hard\libc_nano.a
LOAD f:/programs/eclipse/eclipse-oxygen/plugins/fr.ac6.mcu.externaltools.arm-none.win32_1.17.0.201812190825/tools/compiler/bin/../lib/gcc/arm-none-eabi/7.3.1/../../../../arm-none-eabi/lib/thumb/v7e-m/fpv4-sp/hard\libnosys.a
END GROUP
START GROUP
LOAD f:/programs/eclipse/eclipse-oxygen/plugins/fr.ac6.mcu.externaltools.arm-none.win32_1.17.0.201812190825/tools/compiler/bin/../lib/gcc/arm-none-eabi/7.3.1/thumb/v7e-m/fpv4-sp/hard\libgcc.a
LOAD f:/programs/eclipse/eclipse-oxygen/plugins/fr.ac6.mcu.externaltools.arm-none.win32_1.17.0.201812190825/tools/compiler/bin/../lib/gcc/arm-none-eabi/7.3.1/../../../../arm-none-eabi/lib/thumb/v7e-m/fpv4-sp/hard\libc_nano.a
LOAD f:/programs/eclipse/eclipse-oxygen/plugins/fr.ac6.mcu.externaltools.arm-none.win32_1.17.0.201812190825/tools/compiler/bin/../lib/gcc/arm-none-eabi/7.3.1/../../../../arm-none-eabi/lib/thumb/v7e-m/fpv4-sp/hard\libnosys.a
END GROUP
LOAD f:/programs/eclipse/eclipse-oxygen/plugins/fr.ac6.mcu.externaltools.arm-none.win32_1.17.0.201812190825/tools/compiler/bin/../lib/gcc/arm-none-eabi/7.3.1/thumb/v7e-m/fpv4-sp/hard/crtend.o
LOAD f:/programs/eclipse/eclipse-oxygen/plugins/fr.ac6.mcu.externaltools.arm-none.win32_1.17.0.201812190825/tools/compiler/bin/../lib/gcc/arm-none-eabi/7.3.1/thumb/v7e-m/fpv4-sp/hard/crtn.o
                0x20020000                _estack = 0x20020000
                0x00000200                _Min_Heap_Size = 0x200
                0x00000400                _Min_Stack_Size = 0x400

.isr_vector     0x08000000      0x1c4
                0x08000000                . = ALIGN (0x4)
 *(.isr_vector)
 .isr_vector    0x08000000      0x1c4 startup/startup_stm32f446xx.o
                0x08000000                g_pfnVectors
                0x080001c4                . = ALIGN (0x4)

.text           0x080001c4     0x510c
                0x080001c4                . = ALIGN (0x4)
 *(.text)
 .text          0x080001c4       0x40 f:/programs/eclipse/eclipse-oxygen/plugins/fr.ac6.mcu.externaltools.arm-none.win32_1.17.0.201812190825/tools/compiler/bin/../lib/gcc/arm-none-eabi/7.3.1/thumb/v7e-m/fpv4-sp/hard/crtbegin.o
 .text          0x08000204      0x378 f:/programs/eclipse/eclipse-oxygen/plugins/fr.ac6.mcu.externaltools.arm-none.win32_1.17.0.201812190825/tools/compiler/bin/../lib/gcc/arm-none-eabi/7.3.1/thumb/v7e-m/fpv4-sp/hard\libgcc.a(_arm_addsubdf3.o)
                0x08000204                __aeabi_drsub
                0x0800020c                __aeabi_dsub
                0x0800020c                __subdf3
                0x08000210                __aeabi_dadd
                0x08000210                __adddf3
                0x08000488                __floatunsidf
                0x08000488                __aeabi_ui2d
                0x080004a8                __floatsidf
                0x080004a8                __aeabi_i2d
                0x080004cc                __aeabi_f2d
                0x080004cc                __extendsfdf2
                0x08000510                __floatundidf
                0x08000510                __aeabi_ul2d
                0x08000520                __floatdidf
                0x08000520                __aeabi_l2d
 .text          0x0800057c       0xa0 f:/programs/eclipse/eclipse-oxygen/plugins/fr.ac6.mcu.externaltools.arm-none.win32_1.17.0.201812190825/tools/compiler/bin/../lib/gcc/arm-none-eabi/7.3.1/thumb/v7e-m/fpv4-sp/hard\libgcc.a(_arm_truncdfsf2.o)
                0x0800057c                __truncdfsf2
                0x0800057c                __aeabi_d2f
 .text          0x0800061c       0x30 f:/programs/eclipse/eclipse-oxygen/plugins/fr.ac6.mcu.externaltools.arm-none.win32_1.17.0.201812190825/tools/compiler/bin/../lib/gcc/arm-none-eabi/7.3.1/thumb/v7e-m/fpv4-sp/hard\libgcc.a(_aeabi_uldivmod.o)
                0x0800061c                __aeabi_uldivmod
 .text          0x0800064c      0x2cc f:/programs/eclipse/eclipse-oxygen/plugins/fr.ac6.mcu.externaltools.arm-none.win32_1.17.0.201812190825/tools/compiler/bin/../lib/gcc/arm-none-eabi/7.3.1/thumb/v7e-m/fpv4-sp/hard\libgcc.a(_udivmoddi4.o)
                0x0800064c                __udivmoddi4
 .text          0x08000918        0x4 f:/programs/eclipse/eclipse-oxygen/plugins/fr.ac6.mcu.externaltools.arm-none.win32_1.17.0.201812190825/tools/compiler/bin/../lib/gcc/arm-none-eabi/7.3.1/thumb/v7e-m/fpv4-sp/hard\libgcc.a(_dvmd_tls.o)
                0x08000918                __aeabi_idiv0
                0x08000918                __aeabi_ldiv0
 *(.text*)
 .text.HAL_InitTick
                0x0800091c       0x48 Drivers/STM32F4xx_HAL_Driver/Src/stm32f4xx_hal.o
                0x0800091c                HAL_InitTick
 .text.HAL_Init
                0x08000964       0x34 Drivers/STM32F4xx_HAL_Driver/Src/stm32f4xx_hal.o
                0x08000964                HAL_Init
 .text.HAL_IncTick
                0x08000998       0x18 Drivers/STM32F4xx_HAL_Driver/Src/stm32f4xx_hal.o
                0x08000998                HAL_IncTick
 .text.HAL_GetTick
                0x080009b0        0xc Drivers/STM32F4xx_HAL_Driver/Src/stm32f4xx_hal.o
                0x080009b0                HAL_GetTick
 .text.HAL_NVIC_SetPriorityGrouping
                0x080009bc       0x24 Drivers/STM32F4xx_HAL_Driver/Src/stm32f4xx_hal_cortex.o
                0x080009bc                HAL_NVIC_SetPriorityGrouping
 .text.HAL_NVIC_SetPriority
                0x080009e0       0x68 Drivers/STM32F4xx_HAL_Driver/Src/stm32f4xx_hal_cortex.o
                0x080009e0                HAL_NVIC_SetPriority
 .text.HAL_NVIC_EnableIRQ
                0x08000a48       0x1c Drivers/STM32F4xx_HAL_Driver/Src/stm32f4xx_hal_cortex.o
                0x08000a48                HAL_NVIC_EnableIRQ
 .text.HAL_SYSTICK_Config
                0x08000a64       0x2c Drivers/STM32F4xx_HAL_Driver/Src/stm32f4xx_hal_cortex.o
                0x08000a64                HAL_SYSTICK_Config
 .text.HAL_CRC_Init
                0x08000a90       0x22 Drivers/STM32F4xx_HAL_Driver/Src/stm32f4xx_hal_crc.o
                0x08000a90                HAL_CRC_Init
 .text.HAL_DAC_Init
                0x08000ab2       0x24 Drivers/STM32F4xx_HAL_Driver/Src/stm32f4xx_hal_dac.o
                0x08000ab2                HAL_DAC_Init
 .text.HAL_DAC_Start
                0x08000ad6       0x6e Drivers/STM32F4xx_HAL_Driver/Src/stm32f4xx_hal_dac.o
                0x08000ad6                HAL_DAC_Start
 .text.HAL_DAC_ConfigChannel
                0x08000b44       0x4a Drivers/STM32F4xx_HAL_Driver/Src/stm32f4xx_hal_dac.o
                0x08000b44                HAL_DAC_ConfigChannel
 .text.HAL_DAC_SetValue
                0x08000b8e       0x2e Drivers/STM32F4xx_HAL_Driver/Src/stm32f4xx_hal_dac.o
                0x08000b8e                HAL_DAC_SetValue
 .text.DMA_CalcBaseAndBitshift
                0x08000bbc       0x3c Drivers/STM32F4xx_HAL_Driver/Src/stm32f4xx_hal_dma.o
 .text.DMA_CheckFifoParam
                0x08000bf8       0x8e Drivers/STM32F4xx_HAL_Driver/Src/stm32f4xx_hal_dma.o
 *fill*         0x08000c86        0x2 
 .text.HAL_DMA_Init
                0x08000c88       0xcc Drivers/STM32F4xx_HAL_Driver/Src/stm32f4xx_hal_dma.o
                0x08000c88                HAL_DMA_Init
 .text.HAL_DMA_IRQHandler
                0x08000d54      0x1dc Drivers/STM32F4xx_HAL_Driver/Src/stm32f4xx_hal_dma.o
                0x08000d54                HAL_DMA_IRQHandler
 .text.HAL_GPIO_Init
                0x08000f30      0x1bc Drivers/STM32F4xx_HAL_Driver/Src/stm32f4xx_hal_gpio.o
                0x08000f30                HAL_GPIO_Init
 .text.HAL_GPIO_WritePin
                0x080010ec        0xc Drivers/STM32F4xx_HAL_Driver/Src/stm32f4xx_hal_gpio.o
                0x080010ec                HAL_GPIO_WritePin
 .text.I2S_WaitFlagStateUntilTimeout
                0x080010f8       0x50 Drivers/STM32F4xx_HAL_Driver/Src/stm32f4xx_hal_i2s.o
 .text.HAL_I2S_Init
                0x08001148      0x13c Drivers/STM32F4xx_HAL_Driver/Src/stm32f4xx_hal_i2s.o
                0x08001148                HAL_I2S_Init
 .text.HAL_I2S_Receive
                0x08001284      0x110 Drivers/STM32F4xx_HAL_Driver/Src/stm32f4xx_hal_i2s.o
                0x08001284                HAL_I2S_Receive
 .text.HAL_I2S_TxCpltCallback
                0x08001394        0x2 Drivers/STM32F4xx_HAL_Driver/Src/stm32f4xx_hal_i2s.o
                0x08001394                HAL_I2S_TxCpltCallback
 .text.I2S_Transmit_IT
                0x08001396       0x36 Drivers/STM32F4xx_HAL_Driver/Src/stm32f4xx_hal_i2s.o
 .text.HAL_I2S_RxCpltCallback
                0x080013cc        0x2 Drivers/STM32F4xx_HAL_Driver/Src/stm32f4xx_hal_i2s.o
                0x080013cc                HAL_I2S_RxCpltCallback
 .text.I2S_Receive_IT
                0x080013ce       0x36 Drivers/STM32F4xx_HAL_Driver/Src/stm32f4xx_hal_i2s.o
 .text.HAL_I2S_ErrorCallback
                0x08001404        0x2 Drivers/STM32F4xx_HAL_Driver/Src/stm32f4xx_hal_i2s.o
                0x08001404                HAL_I2S_ErrorCallback
 .text.I2S_IRQHandler
                0x08001406       0xd0 Drivers/STM32F4xx_HAL_Driver/Src/stm32f4xx_hal_i2s.o
 *fill*         0x080014d6        0x2 
 .text.HAL_RCC_ClockConfig
                0x080014d8      0x158 Drivers/STM32F4xx_HAL_Driver/Src/stm32f4xx_hal_rcc.o
                0x080014d8                HAL_RCC_ClockConfig
 .text.HAL_RCCEx_PeriphCLKConfig
                0x08001630      0x47c Drivers/STM32F4xx_HAL_Driver/Src/stm32f4xx_hal_rcc_ex.o
                0x08001630                HAL_RCCEx_PeriphCLKConfig
 .text.HAL_RCCEx_GetPeriphCLKFreq
                0x08001aac      0x2d4 Drivers/STM32F4xx_HAL_Driver/Src/stm32f4xx_hal_rcc_ex.o
                0x08001aac                HAL_RCCEx_GetPeriphCLKFreq
 .text.HAL_RCC_GetSysClockFreq
                0x08001d80      0x178 Drivers/STM32F4xx_HAL_Driver/Src/stm32f4xx_hal_rcc_ex.o
                0x08001d80                HAL_RCC_GetSysClockFreq
 .text.HAL_RCC_OscConfig
                0x08001ef8      0x3c4 Drivers/STM32F4xx_HAL_Driver/Src/stm32f4xx_hal_rcc_ex.o
                0x08001ef8                HAL_RCC_OscConfig
 .text.MX_CRC_Init
                0x080022bc       0x20 Src/crc.o
                0x080022bc                MX_CRC_Init
 .text.HAL_CRC_MspInit
                0x080022dc       0x30 Src/crc.o
                0x080022dc                HAL_CRC_MspInit
 .text.MX_DAC_Init
                0x0800230c       0x40 Src/dac.o
                0x0800230c                MX_DAC_Init
 .text.HAL_DAC_MspInit
                0x0800234c       0x68 Src/dac.o
                0x0800234c                HAL_DAC_MspInit
 .text.MX_DMA_Init
                0x080023b4       0x34 Src/dma.o
                0x080023b4                MX_DMA_Init
 .text.MX_GPIO_Init
                0x080023e8       0x90 Src/gpio.o
                0x080023e8                MX_GPIO_Init
 .text.MX_I2S2_Init
                0x08002478       0x40 Src/i2s.o
                0x08002478                MX_I2S2_Init
 .text.HAL_I2S_MspInit
                0x080024b8      0x10c Src/i2s.o
                0x080024b8                HAL_I2S_MspInit
 .text.SystemClock_Config
                0x080025c4       0xc8 Src/main.o
                0x080025c4                SystemClock_Config
 .text.main     0x0800268c       0xf0 Src/main.o
                0x0800268c                main
 .text.Error_Handler
                0x0800277c        0x2 Src/main.o
                0x0800277c                Error_Handler
 *fill*         0x0800277e        0x2 
 .text.MX_PDM2PCM_Init
                0x08002780       0x3c Src/pdm2pcm.o
                0x08002780                MX_PDM2PCM_Init
 .text.HAL_MspInit
                0x080027bc       0x38 Src/stm32f4xx_hal_msp.o
                0x080027bc                HAL_MspInit
 .text.NMI_Handler
                0x080027f4        0x2 Src/stm32f4xx_it.o
                0x080027f4                NMI_Handler
 .text.HardFault_Handler
                0x080027f6        0x2 Src/stm32f4xx_it.o
                0x080027f6                HardFault_Handler
 .text.MemManage_Handler
                0x080027f8        0x2 Src/stm32f4xx_it.o
                0x080027f8                MemManage_Handler
 .text.BusFault_Handler
                0x080027fa        0x2 Src/stm32f4xx_it.o
                0x080027fa                BusFault_Handler
 .text.UsageFault_Handler
                0x080027fc        0x2 Src/stm32f4xx_it.o
                0x080027fc                UsageFault_Handler
 .text.SVC_Handler
                0x080027fe        0x2 Src/stm32f4xx_it.o
                0x080027fe                SVC_Handler
 .text.DebugMon_Handler
                0x08002800        0x2 Src/stm32f4xx_it.o
                0x08002800                DebugMon_Handler
 .text.PendSV_Handler
                0x08002802        0x2 Src/stm32f4xx_it.o
                0x08002802                PendSV_Handler
 .text.SysTick_Handler
                0x08002804        0x8 Src/stm32f4xx_it.o
                0x08002804                SysTick_Handler
 .text.DMA1_Stream3_IRQHandler
                0x0800280c       0x10 Src/stm32f4xx_it.o
                0x0800280c                DMA1_Stream3_IRQHandler
 .text.SystemInit
                0x0800281c       0x4c Src/system_stm32f4xx.o
                0x0800281c                SystemInit
 .text.Reset_Handler
                0x08002868       0x50 startup/startup_stm32f446xx.o
                0x08002868                Reset_Handler
 .text.Default_Handler
                0x080028b8        0x2 startup/startup_stm32f446xx.o
                0x080028b8                RTC_Alarm_IRQHandler
                0x080028b8                EXTI2_IRQHandler
                0x080028b8                TIM8_CC_IRQHandler
                0x080028b8                FMPI2C1_EV_IRQHandler
                0x080028b8                SPI4_IRQHandler
                0x080028b8                TIM1_CC_IRQHandler
                0x080028b8                DMA2_Stream5_IRQHandler
                0x080028b8                DMA1_Stream5_IRQHandler
                0x080028b8                PVD_IRQHandler
                0x080028b8                SDIO_IRQHandler
                0x080028b8                TAMP_STAMP_IRQHandler
                0x080028b8                CAN2_RX1_IRQHandler
                0x080028b8                EXTI3_IRQHandler
                0x080028b8                TIM8_TRG_COM_TIM14_IRQHandler
                0x080028b8                TIM1_UP_TIM10_IRQHandler
                0x080028b8                TIM8_UP_TIM13_IRQHandler
                0x080028b8                I2C3_ER_IRQHandler
                0x080028b8                EXTI0_IRQHandler
                0x080028b8                I2C2_EV_IRQHandler
                0x080028b8                DMA1_Stream2_IRQHandler
                0x080028b8                CAN1_RX0_IRQHandler
                0x080028b8                FPU_IRQHandler
                0x080028b8                OTG_HS_WKUP_IRQHandler
                0x080028b8                CAN2_SCE_IRQHandler
                0x080028b8                DMA2_Stream2_IRQHandler
                0x080028b8                SPI1_IRQHandler
                0x080028b8                TIM6_DAC_IRQHandler
                0x080028b8                TIM1_BRK_TIM9_IRQHandler
                0x080028b8                DCMI_IRQHandler
                0x080028b8                CAN2_RX0_IRQHandler
                0x080028b8                DMA2_Stream3_IRQHandler
                0x080028b8                SAI2_IRQHandler
                0x080028b8                USART6_IRQHandler
                0x080028b8                USART3_IRQHandler
                0x080028b8                CAN1_RX1_IRQHandler
                0x080028b8                UART5_IRQHandler
                0x080028b8                DMA2_Stream0_IRQHandler
                0x080028b8                TIM4_IRQHandler
                0x080028b8                QUADSPI_IRQHandler
                0x080028b8                I2C1_EV_IRQHandler
                0x080028b8                DMA1_Stream6_IRQHandler
                0x080028b8                DMA1_Stream1_IRQHandler
                0x080028b8                UART4_IRQHandler
                0x080028b8                TIM3_IRQHandler
                0x080028b8                RCC_IRQHandler
                0x080028b8                TIM8_BRK_TIM12_IRQHandler
                0x080028b8                Default_Handler
                0x080028b8                CEC_IRQHandler
                0x080028b8                EXTI15_10_IRQHandler
                0x080028b8                ADC_IRQHandler
                0x080028b8                DMA1_Stream7_IRQHandler
                0x080028b8                TIM7_IRQHandler
                0x080028b8                CAN2_TX_IRQHandler
                0x080028b8                TIM5_IRQHandler
                0x080028b8                DMA2_Stream7_IRQHandler
                0x080028b8                I2C3_EV_IRQHandler
                0x080028b8                EXTI9_5_IRQHandler
                0x080028b8                RTC_WKUP_IRQHandler
                0x080028b8                SPDIF_RX_IRQHandler
                0x080028b8                SPI2_IRQHandler
                0x080028b8                OTG_HS_EP1_IN_IRQHandler
                0x080028b8                DMA1_Stream0_IRQHandler
                0x080028b8                CAN1_TX_IRQHandler
                0x080028b8                FMPI2C1_ER_IRQHandler
                0x080028b8                EXTI4_IRQHandler
                0x080028b8                OTG_HS_EP1_OUT_IRQHandler
                0x080028b8                WWDG_IRQHandler
                0x080028b8                TIM2_IRQHandler
                0x080028b8                OTG_FS_WKUP_IRQHandler
                0x080028b8                TIM1_TRG_COM_TIM11_IRQHandler
                0x080028b8                OTG_HS_IRQHandler
                0x080028b8                EXTI1_IRQHandler
                0x080028b8                USART2_IRQHandler
                0x080028b8                I2C2_ER_IRQHandler
                0x080028b8                DMA2_Stream1_IRQHandler
                0x080028b8                CAN1_SCE_IRQHandler
                0x080028b8                FLASH_IRQHandler
                0x080028b8                DMA2_Stream4_IRQHandler
                0x080028b8                USART1_IRQHandler
                0x080028b8                OTG_FS_IRQHandler
                0x080028b8                SPI3_IRQHandler
                0x080028b8                DMA1_Stream4_IRQHandler
                0x080028b8                I2C1_ER_IRQHandler
                0x080028b8                FMC_IRQHandler
                0x080028b8                DMA2_Stream6_IRQHandler
                0x080028b8                SAI1_IRQHandler
 *fill*         0x080028ba        0x2 
 .text.D16_GENERIC
                0x080028bc      0x120 F:\ITI\Graduation\Digital-Hearing-Aid-STM32\I2S_Configuration\Middlewares\ST\STM32_Audio\Addons\PDM\Lib/libPDMFilter_CM4_GCC_wc32.a(pdm_filter.o)
 .text.D24_GENERIC
                0x080029dc      0x190 F:\ITI\Graduation\Digital-Hearing-Aid-STM32\I2S_Configuration\Middlewares\ST\STM32_Audio\Addons\PDM\Lib/libPDMFilter_CM4_GCC_wc32.a(pdm_filter.o)
 .text.D32_GENERIC
                0x08002b6c      0x198 F:\ITI\Graduation\Digital-Hearing-Aid-STM32\I2S_Configuration\Middlewares\ST\STM32_Audio\Addons\PDM\Lib/libPDMFilter_CM4_GCC_wc32.a(pdm_filter.o)
 .text.D48_GENERIC
                0x08002d04      0x1ec F:\ITI\Graduation\Digital-Hearing-Aid-STM32\I2S_Configuration\Middlewares\ST\STM32_Audio\Addons\PDM\Lib/libPDMFilter_CM4_GCC_wc32.a(pdm_filter.o)
 .text.D64_GENERIC
                0x08002ef0      0x220 F:\ITI\Graduation\Digital-Hearing-Aid-STM32\I2S_Configuration\Middlewares\ST\STM32_Audio\Addons\PDM\Lib/libPDMFilter_CM4_GCC_wc32.a(pdm_filter.o)
 .text.D80_GENERIC
                0x08003110      0x2a0 F:\ITI\Graduation\Digital-Hearing-Aid-STM32\I2S_Configuration\Middlewares\ST\STM32_Audio\Addons\PDM\Lib/libPDMFilter_CM4_GCC_wc32.a(pdm_filter.o)
 .text.D128_GENERIC
                0x080033b0      0x3f0 F:\ITI\Graduation\Digital-Hearing-Aid-STM32\I2S_Configuration\Middlewares\ST\STM32_Audio\Addons\PDM\Lib/libPDMFilter_CM4_GCC_wc32.a(pdm_filter.o)
 .text.D16_1CH_HTONS_VOL_HP
                0x080037a0       0xe4 F:\ITI\Graduation\Digital-Hearing-Aid-STM32\I2S_Configuration\Middlewares\ST\STM32_Audio\Addons\PDM\Lib/libPDMFilter_CM4_GCC_wc32.a(pdm_filter.o)
 .text.D24_1CH_HTONS_VOL_HP
                0x08003884      0x138 F:\ITI\Graduation\Digital-Hearing-Aid-STM32\I2S_Configuration\Middlewares\ST\STM32_Audio\Addons\PDM\Lib/libPDMFilter_CM4_GCC_wc32.a(pdm_filter.o)
 .text.D32_1CH_HTONS_VOL_HP
                0x080039bc      0x144 F:\ITI\Graduation\Digital-Hearing-Aid-STM32\I2S_Configuration\Middlewares\ST\STM32_Audio\Addons\PDM\Lib/libPDMFilter_CM4_GCC_wc32.a(pdm_filter.o)
 .text.D48_1CH_HTONS_VOL_HP
                0x08003b00      0x16c F:\ITI\Graduation\Digital-Hearing-Aid-STM32\I2S_Configuration\Middlewares\ST\STM32_Audio\Addons\PDM\Lib/libPDMFilter_CM4_GCC_wc32.a(pdm_filter.o)
 .text.D64_1CH_HTONS_VOL_HP
                0x08003c6c      0x1b8 F:\ITI\Graduation\Digital-Hearing-Aid-STM32\I2S_Configuration\Middlewares\ST\STM32_Audio\Addons\PDM\Lib/libPDMFilter_CM4_GCC_wc32.a(pdm_filter.o)
 .text.D80_1CH_HTONS_VOL_HP
                0x08003e24      0x214 F:\ITI\Graduation\Digital-Hearing-Aid-STM32\I2S_Configuration\Middlewares\ST\STM32_Audio\Addons\PDM\Lib/libPDMFilter_CM4_GCC_wc32.a(pdm_filter.o)
 .text.D128_1CH_HTONS_VOL_HP
                0x08004038      0x324 F:\ITI\Graduation\Digital-Hearing-Aid-STM32\I2S_Configuration\Middlewares\ST\STM32_Audio\Addons\PDM\Lib/libPDMFilter_CM4_GCC_wc32.a(pdm_filter.o)
 .text.PDM_Filter_Init
                0x0800435c      0x114 F:\ITI\Graduation\Digital-Hearing-Aid-STM32\I2S_Configuration\Middlewares\ST\STM32_Audio\Addons\PDM\Lib/libPDMFilter_CM4_GCC_wc32.a(pdm_filter.o)
                0x0800435c                PDM_Filter_Init
 .text.PDM_Filter_setConfig
                0x08004470      0x1e4 F:\ITI\Graduation\Digital-Hearing-Aid-STM32\I2S_Configuration\Middlewares\ST\STM32_Audio\Addons\PDM\Lib/libPDMFilter_CM4_GCC_wc32.a(pdm_filter.o)
                0x08004470                PDM_Filter_setConfig
 .text.PDM_Filter
                0x08004654       0x38 F:\ITI\Graduation\Digital-Hearing-Aid-STM32\I2S_Configuration\Middlewares\ST\STM32_Audio\Addons\PDM\Lib/libPDMFilter_CM4_GCC_wc32.a(pdm_filter.o)
                0x08004654                PDM_Filter
 .text.CRC_Lock
                0x0800468c       0x7c F:\ITI\Graduation\Digital-Hearing-Aid-STM32\I2S_Configuration\Middlewares\ST\STM32_Audio\Addons\PDM\Lib/libPDMFilter_CM4_GCC_wc32.a(stm32_crc_lock.o)
                0x0800468c                CRC_Lock
 .text.roundf   0x08004708       0x60 f:/programs/eclipse/eclipse-oxygen/plugins/fr.ac6.mcu.externaltools.arm-none.win32_1.17.0.201812190825/tools/compiler/bin/../lib/gcc/arm-none-eabi/7.3.1/../../../../arm-none-eabi/lib/thumb/v7e-m/fpv4-sp/hard\libm.a(lib_a-sf_round.o)
                0x08004708                roundf
 .text.powf     0x08004768      0x324 f:/programs/eclipse/eclipse-oxygen/plugins/fr.ac6.mcu.externaltools.arm-none.win32_1.17.0.201812190825/tools/compiler/bin/../lib/gcc/arm-none-eabi/7.3.1/../../../../arm-none-eabi/lib/thumb/v7e-m/fpv4-sp/hard\libm.a(lib_a-wf_pow.o)
                0x08004768                powf
 .text.__ieee754_powf
                0x08004a8c      0x5e4 f:/programs/eclipse/eclipse-oxygen/plugins/fr.ac6.mcu.externaltools.arm-none.win32_1.17.0.201812190825/tools/compiler/bin/../lib/gcc/arm-none-eabi/7.3.1/../../../../arm-none-eabi/lib/thumb/v7e-m/fpv4-sp/hard\libm.a(lib_a-ef_pow.o)
                0x08004a8c                __ieee754_powf
 .text.__ieee754_sqrtf
                0x08005070        0x8 f:/programs/eclipse/eclipse-oxygen/plugins/fr.ac6.mcu.externaltools.arm-none.win32_1.17.0.201812190825/tools/compiler/bin/../lib/gcc/arm-none-eabi/7.3.1/../../../../arm-none-eabi/lib/thumb/v7e-m/fpv4-sp/hard\libm.a(lib_a-ef_sqrt.o)
                0x08005070                __ieee754_sqrtf
 .text.matherr  0x08005078        0x4 f:/programs/eclipse/eclipse-oxygen/plugins/fr.ac6.mcu.externaltools.arm-none.win32_1.17.0.201812190825/tools/compiler/bin/../lib/gcc/arm-none-eabi/7.3.1/../../../../arm-none-eabi/lib/thumb/v7e-m/fpv4-sp/hard\libm.a(lib_a-s_matherr.o)
                0x08005078                matherr
 .text.fabsf    0x0800507c       0x10 f:/programs/eclipse/eclipse-oxygen/plugins/fr.ac6.mcu.externaltools.arm-none.win32_1.17.0.201812190825/tools/compiler/bin/../lib/gcc/arm-none-eabi/7.3.1/../../../../arm-none-eabi/lib/thumb/v7e-m/fpv4-sp/hard\libm.a(lib_a-sf_fabs.o)
                0x0800507c                fabsf
 .text.finitef  0x0800508c       0x14 f:/programs/eclipse/eclipse-oxygen/plugins/fr.ac6.mcu.externaltools.arm-none.win32_1.17.0.201812190825/tools/compiler/bin/../lib/gcc/arm-none-eabi/7.3.1/../../../../arm-none-eabi/lib/thumb/v7e-m/fpv4-sp/hard\libm.a(lib_a-sf_finite.o)
                0x0800508c                finitef
 .text.nanf     0x080050a0        0xc f:/programs/eclipse/eclipse-oxygen/plugins/fr.ac6.mcu.externaltools.arm-none.win32_1.17.0.201812190825/tools/compiler/bin/../lib/gcc/arm-none-eabi/7.3.1/../../../../arm-none-eabi/lib/thumb/v7e-m/fpv4-sp/hard\libm.a(lib_a-sf_nan.o)
                0x080050a0                nanf
 .text.rintf    0x080050ac       0xc0 f:/programs/eclipse/eclipse-oxygen/plugins/fr.ac6.mcu.externaltools.arm-none.win32_1.17.0.201812190825/tools/compiler/bin/../lib/gcc/arm-none-eabi/7.3.1/../../../../arm-none-eabi/lib/thumb/v7e-m/fpv4-sp/hard\libm.a(lib_a-sf_rint.o)
                0x080050ac                rintf
 .text.scalbnf  0x0800516c       0xd0 f:/programs/eclipse/eclipse-oxygen/plugins/fr.ac6.mcu.externaltools.arm-none.win32_1.17.0.201812190825/tools/compiler/bin/../lib/gcc/arm-none-eabi/7.3.1/../../../../arm-none-eabi/lib/thumb/v7e-m/fpv4-sp/hard\libm.a(lib_a-sf_scalbn.o)
                0x0800516c                scalbnf
 .text.copysignf
                0x0800523c       0x18 f:/programs/eclipse/eclipse-oxygen/plugins/fr.ac6.mcu.externaltools.arm-none.win32_1.17.0.201812190825/tools/compiler/bin/../lib/gcc/arm-none-eabi/7.3.1/../../../../arm-none-eabi/lib/thumb/v7e-m/fpv4-sp/hard\libm.a(lib_a-sf_copysign.o)
                0x0800523c                copysignf
 .text.__errno  0x08005254        0xc f:/programs/eclipse/eclipse-oxygen/plugins/fr.ac6.mcu.externaltools.arm-none.win32_1.17.0.201812190825/tools/compiler/bin/../lib/gcc/arm-none-eabi/7.3.1/../../../../arm-none-eabi/lib/thumb/v7e-m/fpv4-sp/hard\libc_nano.a(lib_a-errno.o)
                0x08005254                __errno
 .text.__libc_init_array
                0x08005260       0x48 f:/programs/eclipse/eclipse-oxygen/plugins/fr.ac6.mcu.externaltools.arm-none.win32_1.17.0.201812190825/tools/compiler/bin/../lib/gcc/arm-none-eabi/7.3.1/../../../../arm-none-eabi/lib/thumb/v7e-m/fpv4-sp/hard\libc_nano.a(lib_a-init.o)
                0x08005260                __libc_init_array
 .text.memset   0x080052a8       0x10 f:/programs/eclipse/eclipse-oxygen/plugins/fr.ac6.mcu.externaltools.arm-none.win32_1.17.0.201812190825/tools/compiler/bin/../lib/gcc/arm-none-eabi/7.3.1/../../../../arm-none-eabi/lib/thumb/v7e-m/fpv4-sp/hard\libc_nano.a(lib_a-memset.o)
                0x080052a8                memset
 *(.glue_7)
 .glue_7        0x080052b8        0x0 linker stubs
 *(.glue_7t)
 .glue_7t       0x080052b8        0x0 linker stubs
 *(.eh_frame)
 .eh_frame      0x080052b8        0x0 f:/programs/eclipse/eclipse-oxygen/plugins/fr.ac6.mcu.externaltools.arm-none.win32_1.17.0.201812190825/tools/compiler/bin/../lib/gcc/arm-none-eabi/7.3.1/thumb/v7e-m/fpv4-sp/hard/crtbegin.o
 *(.init)
 .init          0x080052b8        0x4 f:/programs/eclipse/eclipse-oxygen/plugins/fr.ac6.mcu.externaltools.arm-none.win32_1.17.0.201812190825/tools/compiler/bin/../lib/gcc/arm-none-eabi/7.3.1/thumb/v7e-m/fpv4-sp/hard/crti.o
                0x080052b8                _init
 .init          0x080052bc        0x8 f:/programs/eclipse/eclipse-oxygen/plugins/fr.ac6.mcu.externaltools.arm-none.win32_1.17.0.201812190825/tools/compiler/bin/../lib/gcc/arm-none-eabi/7.3.1/thumb/v7e-m/fpv4-sp/hard/crtn.o
 *(.fini)
 .fini          0x080052c4        0x4 f:/programs/eclipse/eclipse-oxygen/plugins/fr.ac6.mcu.externaltools.arm-none.win32_1.17.0.201812190825/tools/compiler/bin/../lib/gcc/arm-none-eabi/7.3.1/thumb/v7e-m/fpv4-sp/hard/crti.o
                0x080052c4                _fini
 .fini          0x080052c8        0x8 f:/programs/eclipse/eclipse-oxygen/plugins/fr.ac6.mcu.externaltools.arm-none.win32_1.17.0.201812190825/tools/compiler/bin/../lib/gcc/arm-none-eabi/7.3.1/thumb/v7e-m/fpv4-sp/hard/crtn.o
                0x080052d0                . = ALIGN (0x4)
                0x080052d0                _etext = .

.vfp11_veneer   0x080052d0        0x0
 .vfp11_veneer  0x080052d0        0x0 linker stubs

.v4_bx          0x080052d0        0x0
 .v4_bx         0x080052d0        0x0 linker stubs

.iplt           0x080052d0        0x0
 .iplt          0x080052d0        0x0 f:/programs/eclipse/eclipse-oxygen/plugins/fr.ac6.mcu.externaltools.arm-none.win32_1.17.0.201812190825/tools/compiler/bin/../lib/gcc/arm-none-eabi/7.3.1/thumb/v7e-m/fpv4-sp/hard/crtbegin.o

.rodata         0x080052d0       0x68
                0x080052d0                . = ALIGN (0x4)
 *(.rodata)
 .rodata        0x080052d0        0x8 Drivers/STM32F4xx_HAL_Driver/Src/stm32f4xx_hal_dma.o
 .rodata        0x080052d8       0x18 Src/system_stm32f4xx.o
                0x080052d8                AHBPrescTable
                0x080052e8                APBPrescTable
 .rodata        0x080052f0       0x38 F:\ITI\Graduation\Digital-Hearing-Aid-STM32\I2S_Configuration\Middlewares\ST\STM32_Audio\Addons\PDM\Lib/libPDMFilter_CM4_GCC_wc32.a(pdm_filter.o)
 *(.rodata*)
 .rodata.powf.str1.4
                0x08005328        0x5 f:/programs/eclipse/eclipse-oxygen/plugins/fr.ac6.mcu.externaltools.arm-none.win32_1.17.0.201812190825/tools/compiler/bin/../lib/gcc/arm-none-eabi/7.3.1/../../../../arm-none-eabi/lib/thumb/v7e-m/fpv4-sp/hard\libm.a(lib_a-wf_pow.o)
 .rodata.__ieee754_powf.str1.4
                0x0800532d        0x8 f:/programs/eclipse/eclipse-oxygen/plugins/fr.ac6.mcu.externaltools.arm-none.win32_1.17.0.201812190825/tools/compiler/bin/../lib/gcc/arm-none-eabi/7.3.1/../../../../arm-none-eabi/lib/thumb/v7e-m/fpv4-sp/hard\libm.a(lib_a-ef_pow.o)
                                  0x1 (size before relaxing)
 *fill*         0x0800532d        0x3 
 .rodata.TWO23  0x08005330        0x8 f:/programs/eclipse/eclipse-oxygen/plugins/fr.ac6.mcu.externaltools.arm-none.win32_1.17.0.201812190825/tools/compiler/bin/../lib/gcc/arm-none-eabi/7.3.1/../../../../arm-none-eabi/lib/thumb/v7e-m/fpv4-sp/hard\libm.a(lib_a-sf_rint.o)
                0x08005338                . = ALIGN (0x4)

.ARM.extab
 *(.ARM.extab* .gnu.linkonce.armextab.*)

.ARM            0x08005338        0x8
                0x08005338                __exidx_start = .
 *(.ARM.exidx*)
 .ARM.exidx     0x08005338        0x8 f:/programs/eclipse/eclipse-oxygen/plugins/fr.ac6.mcu.externaltools.arm-none.win32_1.17.0.201812190825/tools/compiler/bin/../lib/gcc/arm-none-eabi/7.3.1/thumb/v7e-m/fpv4-sp/hard\libgcc.a(_udivmoddi4.o)
                0x08005340                __exidx_end = .

.rel.dyn        0x08005340        0x0
 .rel.iplt      0x08005340        0x0 f:/programs/eclipse/eclipse-oxygen/plugins/fr.ac6.mcu.externaltools.arm-none.win32_1.17.0.201812190825/tools/compiler/bin/../lib/gcc/arm-none-eabi/7.3.1/thumb/v7e-m/fpv4-sp/hard/crtbegin.o

.preinit_array  0x08005340        0x0
                0x08005340                PROVIDE (__preinit_array_start = .)
 *(.preinit_array*)
                0x08005340                PROVIDE (__preinit_array_end = .)

.init_array     0x08005340        0x4
                0x08005340                PROVIDE (__init_array_start = .)
 *(SORT_BY_NAME(.init_array.*))
 *(.init_array*)
 .init_array    0x08005340        0x4 f:/programs/eclipse/eclipse-oxygen/plugins/fr.ac6.mcu.externaltools.arm-none.win32_1.17.0.201812190825/tools/compiler/bin/../lib/gcc/arm-none-eabi/7.3.1/thumb/v7e-m/fpv4-sp/hard/crtbegin.o
                0x08005344                PROVIDE (__init_array_end = .)

.fini_array     0x08005344        0x4
                [!provide]                PROVIDE (__fini_array_start = .)
 *(SORT_BY_NAME(.fini_array.*))
 *(.fini_array*)
 .fini_array    0x08005344        0x4 f:/programs/eclipse/eclipse-oxygen/plugins/fr.ac6.mcu.externaltools.arm-none.win32_1.17.0.201812190825/tools/compiler/bin/../lib/gcc/arm-none-eabi/7.3.1/thumb/v7e-m/fpv4-sp/hard/crtbegin.o
                [!provide]                PROVIDE (__fini_array_end = .)
                0x08005348                _sidata = LOADADDR (.data)

.data           0x20000000      0x474 load address 0x08005348
                0x20000000                . = ALIGN (0x4)
                0x20000000                _sdata = .
 *(.data)
 .data          0x20000000        0x8 Drivers/STM32F4xx_HAL_Driver/Src/stm32f4xx_hal.o
                0x20000000                uwTickFreq
                0x20000004                uwTickPrio
 .data          0x20000008        0x4 Src/system_stm32f4xx.o
                0x20000008                SystemCoreClock
 .data          0x2000000c      0x400 F:\ITI\Graduation\Digital-Hearing-Aid-STM32\I2S_Configuration\Middlewares\ST\STM32_Audio\Addons\PDM\Lib/libPDMFilter_CM4_GCC_wc32.a(pdm_filter.o)
 *(.data*)
 .data.__fdlib_version
                0x2000040c        0x1 f:/programs/eclipse/eclipse-oxygen/plugins/fr.ac6.mcu.externaltools.arm-none.win32_1.17.0.201812190825/tools/compiler/bin/../lib/gcc/arm-none-eabi/7.3.1/../../../../arm-none-eabi/lib/thumb/v7e-m/fpv4-sp/hard\libm.a(lib_a-s_lib_ver.o)
                0x2000040c                __fdlib_version
 *fill*         0x2000040d        0x3 
 .data._impure_ptr
                0x20000410        0x4 f:/programs/eclipse/eclipse-oxygen/plugins/fr.ac6.mcu.externaltools.arm-none.win32_1.17.0.201812190825/tools/compiler/bin/../lib/gcc/arm-none-eabi/7.3.1/../../../../arm-none-eabi/lib/thumb/v7e-m/fpv4-sp/hard\libc_nano.a(lib_a-impure.o)
                0x20000410                _impure_ptr
 .data.impure_data
                0x20000414       0x60 f:/programs/eclipse/eclipse-oxygen/plugins/fr.ac6.mcu.externaltools.arm-none.win32_1.17.0.201812190825/tools/compiler/bin/../lib/gcc/arm-none-eabi/7.3.1/../../../../arm-none-eabi/lib/thumb/v7e-m/fpv4-sp/hard\libc_nano.a(lib_a-impure.o)
                0x20000474                . = ALIGN (0x4)
                0x20000474                _edata = .

.igot.plt       0x20000474        0x0 load address 0x080057bc
 .igot.plt      0x20000474        0x0 f:/programs/eclipse/eclipse-oxygen/plugins/fr.ac6.mcu.externaltools.arm-none.win32_1.17.0.201812190825/tools/compiler/bin/../lib/gcc/arm-none-eabi/7.3.1/thumb/v7e-m/fpv4-sp/hard/crtbegin.o
                0x20000474                . = ALIGN (0x4)

.bss            0x20000474      0x13c load address 0x080057bc
                0x20000474                _sbss = .
                0x20000474                __bss_start__ = _sbss
 *(.bss)
 .bss           0x20000474       0x1c f:/programs/eclipse/eclipse-oxygen/plugins/fr.ac6.mcu.externaltools.arm-none.win32_1.17.0.201812190825/tools/compiler/bin/../lib/gcc/arm-none-eabi/7.3.1/thumb/v7e-m/fpv4-sp/hard/crtbegin.o
 .bss           0x20000490        0x1 F:\ITI\Graduation\Digital-Hearing-Aid-STM32\I2S_Configuration\Middlewares\ST\STM32_Audio\Addons\PDM\Lib/libPDMFilter_CM4_GCC_wc32.a(pdm_filter.o)
 *(.bss*)
 *(COMMON)
 *fill*         0x20000491        0x3 
 COMMON         0x20000494        0x4 Drivers/STM32F4xx_HAL_Driver/Src/stm32f4xx_hal.o
                0x20000494                uwTick
 COMMON         0x20000498        0x8 Src/crc.o
                0x20000498                hcrc
 COMMON         0x200004a0       0x14 Src/dac.o
                0x200004a0                hdac
 COMMON         0x200004b4       0xa8 Src/i2s.o
                0x200004b4                hdma_spi2_rx
                0x20000514                hi2s2
 COMMON         0x2000055c       0x54 Src/pdm2pcm.o
                0x2000055c                PDM1_filter_config
                0x20000564                PDM1_filter_handler
                0x200005b0                . = ALIGN (0x4)
                0x200005b0                _ebss = .
                0x200005b0                __bss_end__ = _ebss

._user_heap_stack
                0x200005b0      0x600 load address 0x080057bc
                0x200005b0                . = ALIGN (0x8)
                [!provide]                PROVIDE (end = .)
                [!provide]                PROVIDE (_end = .)
                0x200007b0                . = (. + _Min_Heap_Size)
 *fill*         0x200005b0      0x200 
                0x20000bb0                . = (. + _Min_Stack_Size)
 *fill*         0x200007b0      0x400 
                0x20000bb0                . = ALIGN (0x8)

/DISCARD/
 libc.a(*)
 libm.a(*)
 libgcc.a(*)

.ARM.attributes
                0x00000000       0x30
 *(.ARM.attributes)
 .ARM.attributes
                0x00000000       0x22 f:/programs/eclipse/eclipse-oxygen/plugins/fr.ac6.mcu.externaltools.arm-none.win32_1.17.0.201812190825/tools/compiler/bin/../lib/gcc/arm-none-eabi/7.3.1/thumb/v7e-m/fpv4-sp/hard/crti.o
 .ARM.attributes
                0x00000022       0x34 f:/programs/eclipse/eclipse-oxygen/plugins/fr.ac6.mcu.externaltools.arm-none.win32_1.17.0.201812190825/tools/compiler/bin/../lib/gcc/arm-none-eabi/7.3.1/thumb/v7e-m/fpv4-sp/hard/crtbegin.o
 .ARM.attributes
                0x00000056       0x39 Drivers/STM32F4xx_HAL_Driver/Src/stm32f4xx_hal.o
 .ARM.attributes
                0x0000008f       0x39 Drivers/STM32F4xx_HAL_Driver/Src/stm32f4xx_hal_cortex.o
 .ARM.attributes
                0x000000c8       0x39 Drivers/STM32F4xx_HAL_Driver/Src/stm32f4xx_hal_crc.o
 .ARM.attributes
                0x00000101       0x39 Drivers/STM32F4xx_HAL_Driver/Src/stm32f4xx_hal_dac.o
 .ARM.attributes
                0x0000013a       0x39 Drivers/STM32F4xx_HAL_Driver/Src/stm32f4xx_hal_dma.o
 .ARM.attributes
                0x00000173       0x39 Drivers/STM32F4xx_HAL_Driver/Src/stm32f4xx_hal_gpio.o
 .ARM.attributes
                0x000001ac       0x39 Drivers/STM32F4xx_HAL_Driver/Src/stm32f4xx_hal_i2s.o
 .ARM.attributes
                0x000001e5       0x39 Drivers/STM32F4xx_HAL_Driver/Src/stm32f4xx_hal_rcc.o
 .ARM.attributes
                0x0000021e       0x39 Drivers/STM32F4xx_HAL_Driver/Src/stm32f4xx_hal_rcc_ex.o
 .ARM.attributes
                0x00000257       0x39 Src/crc.o
 .ARM.attributes
                0x00000290       0x39 Src/dac.o
 .ARM.attributes
                0x000002c9       0x39 Src/dma.o
 .ARM.attributes
                0x00000302       0x39 Src/gpio.o
 .ARM.attributes
                0x0000033b       0x39 Src/i2s.o
 .ARM.attributes
                0x00000374       0x39 Src/main.o
 .ARM.attributes
                0x000003ad       0x39 Src/pdm2pcm.o
 .ARM.attributes
                0x000003e6       0x39 Src/stm32f4xx_hal_msp.o
 .ARM.attributes
                0x0000041f       0x39 Src/stm32f4xx_it.o
 .ARM.attributes
                0x00000458       0x39 Src/system_stm32f4xx.o
 .ARM.attributes
                0x00000491       0x21 startup/startup_stm32f446xx.o
 .ARM.attributes
                0x000004b2       0x39 F:\ITI\Graduation\Digital-Hearing-Aid-STM32\I2S_Configuration\Middlewares\ST\STM32_Audio\Addons\PDM\Lib/libPDMFilter_CM4_GCC_wc32.a(pdm_filter.o)
 .ARM.attributes
                0x000004eb       0x39 F:\ITI\Graduation\Digital-Hearing-Aid-STM32\I2S_Configuration\Middlewares\ST\STM32_Audio\Addons\PDM\Lib/libPDMFilter_CM4_GCC_wc32.a(stm32_crc_lock.o)
 .ARM.attributes
                0x00000524       0x34 f:/programs/eclipse/eclipse-oxygen/plugins/fr.ac6.mcu.externaltools.arm-none.win32_1.17.0.201812190825/tools/compiler/bin/../lib/gcc/arm-none-eabi/7.3.1/../../../../arm-none-eabi/lib/thumb/v7e-m/fpv4-sp/hard\libm.a(lib_a-sf_round.o)
 .ARM.attributes
                0x00000558       0x34 f:/programs/eclipse/eclipse-oxygen/plugins/fr.ac6.mcu.externaltools.arm-none.win32_1.17.0.201812190825/tools/compiler/bin/../lib/gcc/arm-none-eabi/7.3.1/../../../../arm-none-eabi/lib/thumb/v7e-m/fpv4-sp/hard\libm.a(lib_a-wf_pow.o)
 .ARM.attributes
                0x0000058c       0x34 f:/programs/eclipse/eclipse-oxygen/plugins/fr.ac6.mcu.externaltools.arm-none.win32_1.17.0.201812190825/tools/compiler/bin/../lib/gcc/arm-none-eabi/7.3.1/../../../../arm-none-eabi/lib/thumb/v7e-m/fpv4-sp/hard\libm.a(lib_a-ef_pow.o)
 .ARM.attributes
                0x000005c0       0x34 f:/programs/eclipse/eclipse-oxygen/plugins/fr.ac6.mcu.externaltools.arm-none.win32_1.17.0.201812190825/tools/compiler/bin/../lib/gcc/arm-none-eabi/7.3.1/../../../../arm-none-eabi/lib/thumb/v7e-m/fpv4-sp/hard\libm.a(lib_a-ef_sqrt.o)
 .ARM.attributes
                0x000005f4       0x34 f:/programs/eclipse/eclipse-oxygen/plugins/fr.ac6.mcu.externaltools.arm-none.win32_1.17.0.201812190825/tools/compiler/bin/../lib/gcc/arm-none-eabi/7.3.1/../../../../arm-none-eabi/lib/thumb/v7e-m/fpv4-sp/hard\libm.a(lib_a-s_lib_ver.o)
 .ARM.attributes
                0x00000628       0x34 f:/programs/eclipse/eclipse-oxygen/plugins/fr.ac6.mcu.externaltools.arm-none.win32_1.17.0.201812190825/tools/compiler/bin/../lib/gcc/arm-none-eabi/7.3.1/../../../../arm-none-eabi/lib/thumb/v7e-m/fpv4-sp/hard\libm.a(lib_a-s_matherr.o)
 .ARM.attributes
                0x0000065c       0x34 f:/programs/eclipse/eclipse-oxygen/plugins/fr.ac6.mcu.externaltools.arm-none.win32_1.17.0.201812190825/tools/compiler/bin/../lib/gcc/arm-none-eabi/7.3.1/../../../../arm-none-eabi/lib/thumb/v7e-m/fpv4-sp/hard\libm.a(lib_a-sf_fabs.o)
 .ARM.attributes
                0x00000690       0x34 f:/programs/eclipse/eclipse-oxygen/plugins/fr.ac6.mcu.externaltools.arm-none.win32_1.17.0.201812190825/tools/compiler/bin/../lib/gcc/arm-none-eabi/7.3.1/../../../../arm-none-eabi/lib/thumb/v7e-m/fpv4-sp/hard\libm.a(lib_a-sf_finite.o)
 .ARM.attributes
                0x000006c4       0x34 f:/programs/eclipse/eclipse-oxygen/plugins/fr.ac6.mcu.externaltools.arm-none.win32_1.17.0.201812190825/tools/compiler/bin/../lib/gcc/arm-none-eabi/7.3.1/../../../../arm-none-eabi/lib/thumb/v7e-m/fpv4-sp/hard\libm.a(lib_a-sf_nan.o)
 .ARM.attributes
                0x000006f8       0x34 f:/programs/eclipse/eclipse-oxygen/plugins/fr.ac6.mcu.externaltools.arm-none.win32_1.17.0.201812190825/tools/compiler/bin/../lib/gcc/arm-none-eabi/7.3.1/../../../../arm-none-eabi/lib/thumb/v7e-m/fpv4-sp/hard\libm.a(lib_a-sf_rint.o)
 .ARM.attributes
                0x0000072c       0x34 f:/programs/eclipse/eclipse-oxygen/plugins/fr.ac6.mcu.externaltools.arm-none.win32_1.17.0.201812190825/tools/compiler/bin/../lib/gcc/arm-none-eabi/7.3.1/../../../../arm-none-eabi/lib/thumb/v7e-m/fpv4-sp/hard\libm.a(lib_a-sf_scalbn.o)
 .ARM.attributes
                0x00000760       0x34 f:/programs/eclipse/eclipse-oxygen/plugins/fr.ac6.mcu.externaltools.arm-none.win32_1.17.0.201812190825/tools/compiler/bin/../lib/gcc/arm-none-eabi/7.3.1/../../../../arm-none-eabi/lib/thumb/v7e-m/fpv4-sp/hard\libm.a(lib_a-sf_copysign.o)
 .ARM.attributes
                0x00000794       0x22 f:/programs/eclipse/eclipse-oxygen/plugins/fr.ac6.mcu.externaltools.arm-none.win32_1.17.0.201812190825/tools/compiler/bin/../lib/gcc/arm-none-eabi/7.3.1/thumb/v7e-m/fpv4-sp/hard\libgcc.a(_arm_addsubdf3.o)
 .ARM.attributes
                0x000007b6       0x22 f:/programs/eclipse/eclipse-oxygen/plugins/fr.ac6.mcu.externaltools.arm-none.win32_1.17.0.201812190825/tools/compiler/bin/../lib/gcc/arm-none-eabi/7.3.1/thumb/v7e-m/fpv4-sp/hard\libgcc.a(_arm_truncdfsf2.o)
 .ARM.attributes
                0x000007d8       0x22 f:/programs/eclipse/eclipse-oxygen/plugins/fr.ac6.mcu.externaltools.arm-none.win32_1.17.0.201812190825/tools/compiler/bin/../lib/gcc/arm-none-eabi/7.3.1/thumb/v7e-m/fpv4-sp/hard\libgcc.a(_aeabi_uldivmod.o)
 .ARM.attributes
                0x000007fa       0x34 f:/programs/eclipse/eclipse-oxygen/plugins/fr.ac6.mcu.externaltools.arm-none.win32_1.17.0.201812190825/tools/compiler/bin/../lib/gcc/arm-none-eabi/7.3.1/thumb/v7e-m/fpv4-sp/hard\libgcc.a(_udivmoddi4.o)
 .ARM.attributes
                0x0000082e       0x22 f:/programs/eclipse/eclipse-oxygen/plugins/fr.ac6.mcu.externaltools.arm-none.win32_1.17.0.201812190825/tools/compiler/bin/../lib/gcc/arm-none-eabi/7.3.1/thumb/v7e-m/fpv4-sp/hard\libgcc.a(_dvmd_tls.o)
 .ARM.attributes
                0x00000850       0x34 f:/programs/eclipse/eclipse-oxygen/plugins/fr.ac6.mcu.externaltools.arm-none.win32_1.17.0.201812190825/tools/compiler/bin/../lib/gcc/arm-none-eabi/7.3.1/../../../../arm-none-eabi/lib/thumb/v7e-m/fpv4-sp/hard\libc_nano.a(lib_a-errno.o)
 .ARM.attributes
                0x00000884       0x34 f:/programs/eclipse/eclipse-oxygen/plugins/fr.ac6.mcu.externaltools.arm-none.win32_1.17.0.201812190825/tools/compiler/bin/../lib/gcc/arm-none-eabi/7.3.1/../../../../arm-none-eabi/lib/thumb/v7e-m/fpv4-sp/hard\libc_nano.a(lib_a-impure.o)
 .ARM.attributes
                0x000008b8       0x34 f:/programs/eclipse/eclipse-oxygen/plugins/fr.ac6.mcu.externaltools.arm-none.win32_1.17.0.201812190825/tools/compiler/bin/../lib/gcc/arm-none-eabi/7.3.1/../../../../arm-none-eabi/lib/thumb/v7e-m/fpv4-sp/hard\libc_nano.a(lib_a-init.o)
 .ARM.attributes
                0x000008ec       0x34 f:/programs/eclipse/eclipse-oxygen/plugins/fr.ac6.mcu.externaltools.arm-none.win32_1.17.0.201812190825/tools/compiler/bin/../lib/gcc/arm-none-eabi/7.3.1/../../../../arm-none-eabi/lib/thumb/v7e-m/fpv4-sp/hard\libc_nano.a(lib_a-memset.o)
 .ARM.attributes
                0x00000920       0x22 f:/programs/eclipse/eclipse-oxygen/plugins/fr.ac6.mcu.externaltools.arm-none.win32_1.17.0.201812190825/tools/compiler/bin/../lib/gcc/arm-none-eabi/7.3.1/thumb/v7e-m/fpv4-sp/hard/crtn.o
OUTPUT(I2S_Configuration.elf elf32-littlearm)

.debug_info     0x00000000     0xa5a8
 .debug_info    0x00000000      0xa1e Drivers/STM32F4xx_HAL_Driver/Src/stm32f4xx_hal.o
 .debug_info    0x00000a1e      0xf58 Drivers/STM32F4xx_HAL_Driver/Src/stm32f4xx_hal_cortex.o
 .debug_info    0x00001976      0x416 Drivers/STM32F4xx_HAL_Driver/Src/stm32f4xx_hal_crc.o
 .debug_info    0x00001d8c      0xad5 Drivers/STM32F4xx_HAL_Driver/Src/stm32f4xx_hal_dac.o
 .debug_info    0x00002861      0xa5b Drivers/STM32F4xx_HAL_Driver/Src/stm32f4xx_hal_dma.o
 .debug_info    0x000032bc      0x7be Drivers/STM32F4xx_HAL_Driver/Src/stm32f4xx_hal_gpio.o
 .debug_info    0x00003a7a      0xf90 Drivers/STM32F4xx_HAL_Driver/Src/stm32f4xx_hal_i2s.o
 .debug_info    0x00004a0a      0xa79 Drivers/STM32F4xx_HAL_Driver/Src/stm32f4xx_hal_rcc.o
 .debug_info    0x00005483      0xbe8 Drivers/STM32F4xx_HAL_Driver/Src/stm32f4xx_hal_rcc_ex.o
 .debug_info    0x0000606b      0x4fb Src/crc.o
 .debug_info    0x00006566      0x998 Src/dac.o
 .debug_info    0x00006efe      0x5b6 Src/dma.o
 .debug_info    0x000074b4      0x4fc Src/gpio.o
 .debug_info    0x000079b0      0xafe Src/i2s.o
 .debug_info    0x000084ae     0x1156 Src/main.o
 .debug_info    0x00009604      0x2af Src/pdm2pcm.o
 .debug_info    0x000098b3      0x344 Src/stm32f4xx_hal_msp.o
 .debug_info    0x00009bf7      0x454 Src/stm32f4xx_it.o
 .debug_info    0x0000a04b      0x53b Src/system_stm32f4xx.o
 .debug_info    0x0000a586       0x22 startup/startup_stm32f446xx.o

.debug_abbrev   0x00000000     0x22e1
 .debug_abbrev  0x00000000      0x1f1 Drivers/STM32F4xx_HAL_Driver/Src/stm32f4xx_hal.o
 .debug_abbrev  0x000001f1      0x328 Drivers/STM32F4xx_HAL_Driver/Src/stm32f4xx_hal_cortex.o
 .debug_abbrev  0x00000519      0x1d0 Drivers/STM32F4xx_HAL_Driver/Src/stm32f4xx_hal_crc.o
 .debug_abbrev  0x000006e9      0x203 Drivers/STM32F4xx_HAL_Driver/Src/stm32f4xx_hal_dac.o
 .debug_abbrev  0x000008ec      0x290 Drivers/STM32F4xx_HAL_Driver/Src/stm32f4xx_hal_dma.o
 .debug_abbrev  0x00000b7c      0x1e7 Drivers/STM32F4xx_HAL_Driver/Src/stm32f4xx_hal_gpio.o
 .debug_abbrev  0x00000d63      0x23a Drivers/STM32F4xx_HAL_Driver/Src/stm32f4xx_hal_i2s.o
 .debug_abbrev  0x00000f9d      0x273 Drivers/STM32F4xx_HAL_Driver/Src/stm32f4xx_hal_rcc.o
 .debug_abbrev  0x00001210      0x229 Drivers/STM32F4xx_HAL_Driver/Src/stm32f4xx_hal_rcc_ex.o
 .debug_abbrev  0x00001439      0x176 Src/crc.o
 .debug_abbrev  0x000015af      0x1c9 Src/dac.o
 .debug_abbrev  0x00001778      0x140 Src/dma.o
 .debug_abbrev  0x000018b8      0x162 Src/gpio.o
 .debug_abbrev  0x00001a1a      0x1cf Src/i2s.o
 .debug_abbrev  0x00001be9      0x237 Src/main.o
 .debug_abbrev  0x00001e20      0x137 Src/pdm2pcm.o
 .debug_abbrev  0x00001f57       0xef Src/stm32f4xx_hal_msp.o
 .debug_abbrev  0x00002046      0x178 Src/stm32f4xx_it.o
 .debug_abbrev  0x000021be      0x111 Src/system_stm32f4xx.o
 .debug_abbrev  0x000022cf       0x12 startup/startup_stm32f446xx.o

.debug_loc      0x00000000     0x3e08
 .debug_loc     0x00000000       0xfd Drivers/STM32F4xx_HAL_Driver/Src/stm32f4xx_hal.o
 .debug_loc     0x000000fd      0x5ce Drivers/STM32F4xx_HAL_Driver/Src/stm32f4xx_hal_cortex.o
 .debug_loc     0x000006cb      0x21b Drivers/STM32F4xx_HAL_Driver/Src/stm32f4xx_hal_crc.o
 .debug_loc     0x000008e6      0x756 Drivers/STM32F4xx_HAL_Driver/Src/stm32f4xx_hal_dac.o
 .debug_loc     0x0000103c      0xb4e Drivers/STM32F4xx_HAL_Driver/Src/stm32f4xx_hal_dma.o
 .debug_loc     0x00001b8a      0x497 Drivers/STM32F4xx_HAL_Driver/Src/stm32f4xx_hal_gpio.o
 .debug_loc     0x00002021      0xbee Drivers/STM32F4xx_HAL_Driver/Src/stm32f4xx_hal_i2s.o
 .debug_loc     0x00002c0f      0x3f1 Drivers/STM32F4xx_HAL_Driver/Src/stm32f4xx_hal_rcc.o
 .debug_loc     0x00003000      0xafc Drivers/STM32F4xx_HAL_Driver/Src/stm32f4xx_hal_rcc_ex.o
 .debug_loc     0x00003afc       0x74 Src/dac.o
 .debug_loc     0x00003b70       0x63 Src/i2s.o
 .debug_loc     0x00003bd3       0xd6 Src/main.o
 .debug_loc     0x00003ca9       0x21 Src/pdm2pcm.o
 .debug_loc     0x00003cca      0x13e Src/system_stm32f4xx.o

.debug_aranges  0x00000000      0x798
 .debug_aranges
                0x00000000       0xf0 Drivers/STM32F4xx_HAL_Driver/Src/stm32f4xx_hal.o
 .debug_aranges
                0x000000f0       0xa8 Drivers/STM32F4xx_HAL_Driver/Src/stm32f4xx_hal_cortex.o
 .debug_aranges
                0x00000198       0x50 Drivers/STM32F4xx_HAL_Driver/Src/stm32f4xx_hal_crc.o
 .debug_aranges
                0x000001e8       0xc0 Drivers/STM32F4xx_HAL_Driver/Src/stm32f4xx_hal_dac.o
 .debug_aranges
                0x000002a8       0x90 Drivers/STM32F4xx_HAL_Driver/Src/stm32f4xx_hal_dma.o
 .debug_aranges
                0x00000338       0x58 Drivers/STM32F4xx_HAL_Driver/Src/stm32f4xx_hal_gpio.o
 .debug_aranges
                0x00000390      0x108 Drivers/STM32F4xx_HAL_Driver/Src/stm32f4xx_hal_i2s.o
 .debug_aranges
                0x00000498       0x88 Drivers/STM32F4xx_HAL_Driver/Src/stm32f4xx_hal_rcc.o
 .debug_aranges
                0x00000520       0x78 Drivers/STM32F4xx_HAL_Driver/Src/stm32f4xx_hal_rcc_ex.o
 .debug_aranges
                0x00000598       0x30 Src/crc.o
 .debug_aranges
                0x000005c8       0x30 Src/dac.o
 .debug_aranges
                0x000005f8       0x20 Src/dma.o
 .debug_aranges
                0x00000618       0x20 Src/gpio.o
 .debug_aranges
                0x00000638       0x30 Src/i2s.o
 .debug_aranges
                0x00000668       0x30 Src/main.o
 .debug_aranges
                0x00000698       0x28 Src/pdm2pcm.o
 .debug_aranges
                0x000006c0       0x20 Src/stm32f4xx_hal_msp.o
 .debug_aranges
                0x000006e0       0x68 Src/stm32f4xx_it.o
 .debug_aranges
                0x00000748       0x28 Src/system_stm32f4xx.o
 .debug_aranges
                0x00000770       0x28 startup/startup_stm32f446xx.o

.debug_ranges   0x00000000      0x6f0
 .debug_ranges  0x00000000       0xe0 Drivers/STM32F4xx_HAL_Driver/Src/stm32f4xx_hal.o
 .debug_ranges  0x000000e0       0xf8 Drivers/STM32F4xx_HAL_Driver/Src/stm32f4xx_hal_cortex.o
 .debug_ranges  0x000001d8       0x40 Drivers/STM32F4xx_HAL_Driver/Src/stm32f4xx_hal_crc.o
 .debug_ranges  0x00000218       0xb0 Drivers/STM32F4xx_HAL_Driver/Src/stm32f4xx_hal_dac.o
 .debug_ranges  0x000002c8       0x80 Drivers/STM32F4xx_HAL_Driver/Src/stm32f4xx_hal_dma.o
 .debug_ranges  0x00000348       0x48 Drivers/STM32F4xx_HAL_Driver/Src/stm32f4xx_hal_gpio.o
 .debug_ranges  0x00000390       0xf8 Drivers/STM32F4xx_HAL_Driver/Src/stm32f4xx_hal_i2s.o
 .debug_ranges  0x00000488       0x90 Drivers/STM32F4xx_HAL_Driver/Src/stm32f4xx_hal_rcc.o
 .debug_ranges  0x00000518       0x80 Drivers/STM32F4xx_HAL_Driver/Src/stm32f4xx_hal_rcc_ex.o
 .debug_ranges  0x00000598       0x20 Src/crc.o
 .debug_ranges  0x000005b8       0x20 Src/dac.o
 .debug_ranges  0x000005d8       0x10 Src/dma.o
 .debug_ranges  0x000005e8       0x10 Src/gpio.o
 .debug_ranges  0x000005f8       0x20 Src/i2s.o
 .debug_ranges  0x00000618       0x20 Src/main.o
 .debug_ranges  0x00000638       0x18 Src/pdm2pcm.o
 .debug_ranges  0x00000650       0x10 Src/stm32f4xx_hal_msp.o
 .debug_ranges  0x00000660       0x58 Src/stm32f4xx_it.o
 .debug_ranges  0x000006b8       0x18 Src/system_stm32f4xx.o
 .debug_ranges  0x000006d0       0x20 startup/startup_stm32f446xx.o

.debug_macro    0x00000000    0x21224
 .debug_macro   0x00000000      0x243 Drivers/STM32F4xx_HAL_Driver/Src/stm32f4xx_hal.o
 .debug_macro   0x00000243      0xa60 Drivers/STM32F4xx_HAL_Driver/Src/stm32f4xx_hal.o
 .debug_macro   0x00000ca3      0x18c Drivers/STM32F4xx_HAL_Driver/Src/stm32f4xx_hal.o
 .debug_macro   0x00000e2f       0x32 Drivers/STM32F4xx_HAL_Driver/Src/stm32f4xx_hal.o
 .debug_macro   0x00000e61       0x28 Drivers/STM32F4xx_HAL_Driver/Src/stm32f4xx_hal.o
 .debug_macro   0x00000e89       0x22 Drivers/STM32F4xx_HAL_Driver/Src/stm32f4xx_hal.o
 .debug_macro   0x00000eab       0x8e Drivers/STM32F4xx_HAL_Driver/Src/stm32f4xx_hal.o
 .debug_macro   0x00000f39       0x51 Drivers/STM32F4xx_HAL_Driver/Src/stm32f4xx_hal.o
 .debug_macro   0x00000f8a       0xef Drivers/STM32F4xx_HAL_Driver/Src/stm32f4xx_hal.o
 .debug_macro   0x00001079       0x6a Drivers/STM32F4xx_HAL_Driver/Src/stm32f4xx_hal.o
 .debug_macro   0x000010e3      0x1df Drivers/STM32F4xx_HAL_Driver/Src/stm32f4xx_hal.o
 .debug_macro   0x000012c2       0x1c Drivers/STM32F4xx_HAL_Driver/Src/stm32f4xx_hal.o
 .debug_macro   0x000012de       0x22 Drivers/STM32F4xx_HAL_Driver/Src/stm32f4xx_hal.o
 .debug_macro   0x00001300       0xdf Drivers/STM32F4xx_HAL_Driver/Src/stm32f4xx_hal.o
 .debug_macro   0x000013df     0x102d Drivers/STM32F4xx_HAL_Driver/Src/stm32f4xx_hal.o
 .debug_macro   0x0000240c      0x11f Drivers/STM32F4xx_HAL_Driver/Src/stm32f4xx_hal.o
 .debug_macro   0x0000252b    0x16734 Drivers/STM32F4xx_HAL_Driver/Src/stm32f4xx_hal.o
 .debug_macro   0x00018c5f       0x43 Drivers/STM32F4xx_HAL_Driver/Src/stm32f4xx_hal.o
 .debug_macro   0x00018ca2     0x35d4 Drivers/STM32F4xx_HAL_Driver/Src/stm32f4xx_hal.o
 .debug_macro   0x0001c276      0x174 Drivers/STM32F4xx_HAL_Driver/Src/stm32f4xx_hal.o
 .debug_macro   0x0001c3ea       0x4e Drivers/STM32F4xx_HAL_Driver/Src/stm32f4xx_hal.o
 .debug_macro   0x0001c438      0xc90 Drivers/STM32F4xx_HAL_Driver/Src/stm32f4xx_hal.o
 .debug_macro   0x0001d0c8      0x9fe Drivers/STM32F4xx_HAL_Driver/Src/stm32f4xx_hal.o
 .debug_macro   0x0001dac6      0x117 Drivers/STM32F4xx_HAL_Driver/Src/stm32f4xx_hal.o
 .debug_macro   0x0001dbdd      0x1a0 Drivers/STM32F4xx_HAL_Driver/Src/stm32f4xx_hal.o
 .debug_macro   0x0001dd7d       0x27 Drivers/STM32F4xx_HAL_Driver/Src/stm32f4xx_hal.o
 .debug_macro   0x0001dda4      0x287 Drivers/STM32F4xx_HAL_Driver/Src/stm32f4xx_hal.o
 .debug_macro   0x0001e02b       0x5f Drivers/STM32F4xx_HAL_Driver/Src/stm32f4xx_hal.o
 .debug_macro   0x0001e08a      0x236 Drivers/STM32F4xx_HAL_Driver/Src/stm32f4xx_hal.o
 .debug_macro   0x0001e2c0       0x22 Drivers/STM32F4xx_HAL_Driver/Src/stm32f4xx_hal.o
 .debug_macro   0x0001e2e2       0xea Drivers/STM32F4xx_HAL_Driver/Src/stm32f4xx_hal.o
 .debug_macro   0x0001e3cc       0xa0 Drivers/STM32F4xx_HAL_Driver/Src/stm32f4xx_hal.o
 .debug_macro   0x0001e46c       0x3c Drivers/STM32F4xx_HAL_Driver/Src/stm32f4xx_hal.o
 .debug_macro   0x0001e4a8      0x132 Drivers/STM32F4xx_HAL_Driver/Src/stm32f4xx_hal.o
 .debug_macro   0x0001e5da      0x29c Drivers/STM32F4xx_HAL_Driver/Src/stm32f4xx_hal.o
 .debug_macro   0x0001e876       0x2e Drivers/STM32F4xx_HAL_Driver/Src/stm32f4xx_hal.o
 .debug_macro   0x0001e8a4      0x1a7 Drivers/STM32F4xx_HAL_Driver/Src/stm32f4xx_hal.o
 .debug_macro   0x0001ea4b       0x4a Drivers/STM32F4xx_HAL_Driver/Src/stm32f4xx_hal.o
 .debug_macro   0x0001ea95      0x11a Drivers/STM32F4xx_HAL_Driver/Src/stm32f4xx_hal.o
 .debug_macro   0x0001ebaf       0xe8 Drivers/STM32F4xx_HAL_Driver/Src/stm32f4xx_hal.o
 .debug_macro   0x0001ec97       0x89 Drivers/STM32F4xx_HAL_Driver/Src/stm32f4xx_hal.o
 .debug_macro   0x0001ed20      0x126 Drivers/STM32F4xx_HAL_Driver/Src/stm32f4xx_hal.o
 .debug_macro   0x0001ee46      0x1e3 Drivers/STM32F4xx_HAL_Driver/Src/stm32f4xx_hal_cortex.o
 .debug_macro   0x0001f029      0x1e3 Drivers/STM32F4xx_HAL_Driver/Src/stm32f4xx_hal_crc.o
 .debug_macro   0x0001f20c      0x1e4 Drivers/STM32F4xx_HAL_Driver/Src/stm32f4xx_hal_dac.o
 .debug_macro   0x0001f3f0      0x1e9 Drivers/STM32F4xx_HAL_Driver/Src/stm32f4xx_hal_dma.o
 .debug_macro   0x0001f5d9      0x219 Drivers/STM32F4xx_HAL_Driver/Src/stm32f4xx_hal_gpio.o
 .debug_macro   0x0001f7f2      0x1e4 Drivers/STM32F4xx_HAL_Driver/Src/stm32f4xx_hal_i2s.o
 .debug_macro   0x0001f9d6      0x207 Drivers/STM32F4xx_HAL_Driver/Src/stm32f4xx_hal_rcc.o
 .debug_macro   0x0001fbdd      0x1e3 Drivers/STM32F4xx_HAL_Driver/Src/stm32f4xx_hal_rcc_ex.o
 .debug_macro   0x0001fdc0      0x1f7 Src/crc.o
 .debug_macro   0x0001ffb7      0x1f7 Src/dac.o
 .debug_macro   0x000201ae      0x1f7 Src/dma.o
 .debug_macro   0x000203a5      0x1f7 Src/gpio.o
 .debug_macro   0x0002059c      0x1f7 Src/i2s.o
 .debug_macro   0x00020793      0x242 Src/main.o
 .debug_macro   0x000209d5       0x82 Src/main.o
 .debug_macro   0x00020a57      0x200 Src/pdm2pcm.o
 .debug_macro   0x00020c57      0x1ed Src/stm32f4xx_hal_msp.o
 .debug_macro   0x00020e44      0x1f7 Src/stm32f4xx_it.o
 .debug_macro   0x0002103b      0x1e9 Src/system_stm32f4xx.o

.debug_line     0x00000000     0xa8d7
 .debug_line    0x00000000      0x969 Drivers/STM32F4xx_HAL_Driver/Src/stm32f4xx_hal.o
 .debug_line    0x00000969      0x9bf Drivers/STM32F4xx_HAL_Driver/Src/stm32f4xx_hal_cortex.o
 .debug_line    0x00001328      0x837 Drivers/STM32F4xx_HAL_Driver/Src/stm32f4xx_hal_crc.o
 .debug_line    0x00001b5f      0x9fc Drivers/STM32F4xx_HAL_Driver/Src/stm32f4xx_hal_dac.o
 .debug_line    0x0000255b      0xa96 Drivers/STM32F4xx_HAL_Driver/Src/stm32f4xx_hal_dma.o
 .debug_line    0x00002ff1      0x8eb Drivers/STM32F4xx_HAL_Driver/Src/stm32f4xx_hal_gpio.o
 .debug_line    0x000038dc      0xc97 Drivers/STM32F4xx_HAL_Driver/Src/stm32f4xx_hal_i2s.o
 .debug_line    0x00004573      0x9de Drivers/STM32F4xx_HAL_Driver/Src/stm32f4xx_hal_rcc.o
 .debug_line    0x00004f51      0xb95 Drivers/STM32F4xx_HAL_Driver/Src/stm32f4xx_hal_rcc_ex.o
 .debug_line    0x00005ae6      0x790 Src/crc.o
 .debug_line    0x00006276      0x7a3 Src/dac.o
 .debug_line    0x00006a19      0x766 Src/dma.o
 .debug_line    0x0000717f      0x770 Src/gpio.o
 .debug_line    0x000078ef      0x7c1 Src/i2s.o
 .debug_line    0x000080b0      0x8a0 Src/main.o
 .debug_line    0x00008950      0x801 Src/pdm2pcm.o
 .debug_line    0x00009151      0x76a Src/stm32f4xx_hal_msp.o
 .debug_line    0x000098bb      0x80c Src/stm32f4xx_it.o
 .debug_line    0x0000a0c7      0x791 Src/system_stm32f4xx.o
 .debug_line    0x0000a858       0x7f startup/startup_stm32f446xx.o

.debug_str      0x00000000    0xc3b6c
 .debug_str     0x00000000    0xc1798 Drivers/STM32F4xx_HAL_Driver/Src/stm32f4xx_hal.o
                              0xc1b32 (size before relaxing)
 .debug_str     0x000c1798      0x3a8 Drivers/STM32F4xx_HAL_Driver/Src/stm32f4xx_hal_cortex.o
                              0xc1843 (size before relaxing)
 .debug_str     0x000c1b40      0x1a5 Drivers/STM32F4xx_HAL_Driver/Src/stm32f4xx_hal_crc.o
                              0xc0f8b (size before relaxing)
 .debug_str     0x000c1ce5      0x566 Drivers/STM32F4xx_HAL_Driver/Src/stm32f4xx_hal_dac.o
                              0xc13aa (size before relaxing)
 .debug_str     0x000c224b      0x304 Drivers/STM32F4xx_HAL_Driver/Src/stm32f4xx_hal_dma.o
                              0xc1367 (size before relaxing)
 .debug_str     0x000c254f      0x27b Drivers/STM32F4xx_HAL_Driver/Src/stm32f4xx_hal_gpio.o
                              0xc11aa (size before relaxing)
 .debug_str     0x000c27ca      0x46a Drivers/STM32F4xx_HAL_Driver/Src/stm32f4xx_hal_i2s.o
                              0xc1523 (size before relaxing)
 .debug_str     0x000c2c34      0x37e Drivers/STM32F4xx_HAL_Driver/Src/stm32f4xx_hal_rcc.o
                              0xc1379 (size before relaxing)
 .debug_str     0x000c2fb2      0x301 Drivers/STM32F4xx_HAL_Driver/Src/stm32f4xx_hal_rcc_ex.o
                              0xc13c8 (size before relaxing)
 .debug_str     0x000c32b3       0x44 Src/crc.o
                              0xc1034 (size before relaxing)
 .debug_str     0x000c32f7       0x2c Src/dac.o
                              0xc138b (size before relaxing)
 .debug_str     0x000c3323       0x22 Src/dma.o
                              0xc1431 (size before relaxing)
 .debug_str     0x000c3345       0x25 Src/gpio.o
                              0xc0f9a (size before relaxing)
 .debug_str     0x000c336a       0x40 Src/i2s.o
                              0xc1429 (size before relaxing)
 .debug_str     0x000c33aa      0x5a3 Src/main.o
                              0xc1e40 (size before relaxing)
 .debug_str     0x000c394d       0x32 Src/pdm2pcm.o
                              0xc1281 (size before relaxing)
 .debug_str     0x000c397f       0x1b Src/stm32f4xx_hal_msp.o
                              0xc0edf (size before relaxing)
 .debug_str     0x000c399a       0xd0 Src/stm32f4xx_it.o
                              0xc10d8 (size before relaxing)
 .debug_str     0x000c3a6a       0x5a Src/system_stm32f4xx.o
                              0xc0f66 (size before relaxing)
 .debug_str     0x000c3ac4       0xa8 startup/startup_stm32f446xx.o

.comment        0x00000000       0xfe
 .comment       0x00000000       0x7f Drivers/STM32F4xx_HAL_Driver/Src/stm32f4xx_hal.o
                                 0x80 (size before relaxing)
 .comment       0x0000007f       0x80 Drivers/STM32F4xx_HAL_Driver/Src/stm32f4xx_hal_cortex.o
 .comment       0x0000007f       0x80 Drivers/STM32F4xx_HAL_Driver/Src/stm32f4xx_hal_crc.o
 .comment       0x0000007f       0x80 Drivers/STM32F4xx_HAL_Driver/Src/stm32f4xx_hal_dac.o
 .comment       0x0000007f       0x80 Drivers/STM32F4xx_HAL_Driver/Src/stm32f4xx_hal_dma.o
 .comment       0x0000007f       0x80 Drivers/STM32F4xx_HAL_Driver/Src/stm32f4xx_hal_gpio.o
 .comment       0x0000007f       0x80 Drivers/STM32F4xx_HAL_Driver/Src/stm32f4xx_hal_i2s.o
 .comment       0x0000007f       0x80 Drivers/STM32F4xx_HAL_Driver/Src/stm32f4xx_hal_rcc.o
 .comment       0x0000007f       0x80 Drivers/STM32F4xx_HAL_Driver/Src/stm32f4xx_hal_rcc_ex.o
 .comment       0x0000007f       0x80 Src/crc.o
 .comment       0x0000007f       0x80 Src/dac.o
 .comment       0x0000007f       0x80 Src/dma.o
 .comment       0x0000007f       0x80 Src/gpio.o
 .comment       0x0000007f       0x80 Src/i2s.o
 .comment       0x0000007f       0x80 Src/main.o
 .comment       0x0000007f       0x80 Src/pdm2pcm.o
 .comment       0x0000007f       0x80 Src/stm32f4xx_hal_msp.o
 .comment       0x0000007f       0x80 Src/stm32f4xx_it.o
 .comment       0x0000007f       0x80 Src/system_stm32f4xx.o
 .comment       0x0000007f       0x7f F:\ITI\Graduation\Digital-Hearing-Aid-STM32\I2S_Configuration\Middlewares\ST\STM32_Audio\Addons\PDM\Lib/libPDMFilter_CM4_GCC_wc32.a(pdm_filter.o)
                                 0x80 (size before relaxing)
 .comment       0x000000fe       0x80 F:\ITI\Graduation\Digital-Hearing-Aid-STM32\I2S_Configuration\Middlewares\ST\STM32_Audio\Addons\PDM\Lib/libPDMFilter_CM4_GCC_wc32.a(stm32_crc_lock.o)

.debug_frame    0x00000000     0x1564
 .debug_frame   0x00000000      0x1ec Drivers/STM32F4xx_HAL_Driver/Src/stm32f4xx_hal.o
 .debug_frame   0x000001ec      0x15c Drivers/STM32F4xx_HAL_Driver/Src/stm32f4xx_hal_cortex.o
 .debug_frame   0x00000348       0xc4 Drivers/STM32F4xx_HAL_Driver/Src/stm32f4xx_hal_crc.o
 .debug_frame   0x0000040c      0x1f0 Drivers/STM32F4xx_HAL_Driver/Src/stm32f4xx_hal_dac.o
 .debug_frame   0x000005fc      0x188 Drivers/STM32F4xx_HAL_Driver/Src/stm32f4xx_hal_dma.o
 .debug_frame   0x00000784       0xd8 Drivers/STM32F4xx_HAL_Driver/Src/stm32f4xx_hal_gpio.o
 .debug_frame   0x0000085c      0x31c Drivers/STM32F4xx_HAL_Driver/Src/stm32f4xx_hal_i2s.o
 .debug_frame   0x00000b78      0x184 Drivers/STM32F4xx_HAL_Driver/Src/stm32f4xx_hal_rcc.o
 .debug_frame   0x00000cfc      0x148 Drivers/STM32F4xx_HAL_Driver/Src/stm32f4xx_hal_rcc_ex.o
 .debug_frame   0x00000e44       0x50 Src/crc.o
 .debug_frame   0x00000e94       0x68 Src/dac.o
 .debug_frame   0x00000efc       0x2c Src/dma.o
 .debug_frame   0x00000f28       0x30 Src/gpio.o
 .debug_frame   0x00000f58       0x68 Src/i2s.o
 .debug_frame   0x00000fc0       0x60 Src/main.o
 .debug_frame   0x00001020       0x38 Src/pdm2pcm.o
 .debug_frame   0x00001058       0x28 Src/stm32f4xx_hal_msp.o
 .debug_frame   0x00001080       0xc0 Src/stm32f4xx_it.o
 .debug_frame   0x00001140       0x30 Src/system_stm32f4xx.o
 .debug_frame   0x00001170       0x34 f:/programs/eclipse/eclipse-oxygen/plugins/fr.ac6.mcu.externaltools.arm-none.win32_1.17.0.201812190825/tools/compiler/bin/../lib/gcc/arm-none-eabi/7.3.1/../../../../arm-none-eabi/lib/thumb/v7e-m/fpv4-sp/hard\libm.a(lib_a-sf_round.o)
 .debug_frame   0x000011a4       0x68 f:/programs/eclipse/eclipse-oxygen/plugins/fr.ac6.mcu.externaltools.arm-none.win32_1.17.0.201812190825/tools/compiler/bin/../lib/gcc/arm-none-eabi/7.3.1/../../../../arm-none-eabi/lib/thumb/v7e-m/fpv4-sp/hard\libm.a(lib_a-wf_pow.o)
 .debug_frame   0x0000120c       0x80 f:/programs/eclipse/eclipse-oxygen/plugins/fr.ac6.mcu.externaltools.arm-none.win32_1.17.0.201812190825/tools/compiler/bin/../lib/gcc/arm-none-eabi/7.3.1/../../../../arm-none-eabi/lib/thumb/v7e-m/fpv4-sp/hard\libm.a(lib_a-ef_pow.o)
 .debug_frame   0x0000128c       0x20 f:/programs/eclipse/eclipse-oxygen/plugins/fr.ac6.mcu.externaltools.arm-none.win32_1.17.0.201812190825/tools/compiler/bin/../lib/gcc/arm-none-eabi/7.3.1/../../../../arm-none-eabi/lib/thumb/v7e-m/fpv4-sp/hard\libm.a(lib_a-ef_sqrt.o)
 .debug_frame   0x000012ac       0x20 f:/programs/eclipse/eclipse-oxygen/plugins/fr.ac6.mcu.externaltools.arm-none.win32_1.17.0.201812190825/tools/compiler/bin/../lib/gcc/arm-none-eabi/7.3.1/../../../../arm-none-eabi/lib/thumb/v7e-m/fpv4-sp/hard\libm.a(lib_a-s_matherr.o)
 .debug_frame   0x000012cc       0x20 f:/programs/eclipse/eclipse-oxygen/plugins/fr.ac6.mcu.externaltools.arm-none.win32_1.17.0.201812190825/tools/compiler/bin/../lib/gcc/arm-none-eabi/7.3.1/../../../../arm-none-eabi/lib/thumb/v7e-m/fpv4-sp/hard\libm.a(lib_a-sf_fabs.o)
 .debug_frame   0x000012ec       0x20 f:/programs/eclipse/eclipse-oxygen/plugins/fr.ac6.mcu.externaltools.arm-none.win32_1.17.0.201812190825/tools/compiler/bin/../lib/gcc/arm-none-eabi/7.3.1/../../../../arm-none-eabi/lib/thumb/v7e-m/fpv4-sp/hard\libm.a(lib_a-sf_finite.o)
 .debug_frame   0x0000130c       0x20 f:/programs/eclipse/eclipse-oxygen/plugins/fr.ac6.mcu.externaltools.arm-none.win32_1.17.0.201812190825/tools/compiler/bin/../lib/gcc/arm-none-eabi/7.3.1/../../../../arm-none-eabi/lib/thumb/v7e-m/fpv4-sp/hard\libm.a(lib_a-sf_nan.o)
 .debug_frame   0x0000132c       0x38 f:/programs/eclipse/eclipse-oxygen/plugins/fr.ac6.mcu.externaltools.arm-none.win32_1.17.0.201812190825/tools/compiler/bin/../lib/gcc/arm-none-eabi/7.3.1/../../../../arm-none-eabi/lib/thumb/v7e-m/fpv4-sp/hard\libm.a(lib_a-sf_rint.o)
 .debug_frame   0x00001364       0x44 f:/programs/eclipse/eclipse-oxygen/plugins/fr.ac6.mcu.externaltools.arm-none.win32_1.17.0.201812190825/tools/compiler/bin/../lib/gcc/arm-none-eabi/7.3.1/../../../../arm-none-eabi/lib/thumb/v7e-m/fpv4-sp/hard\libm.a(lib_a-sf_scalbn.o)
 .debug_frame   0x000013a8       0x20 f:/programs/eclipse/eclipse-oxygen/plugins/fr.ac6.mcu.externaltools.arm-none.win32_1.17.0.201812190825/tools/compiler/bin/../lib/gcc/arm-none-eabi/7.3.1/../../../../arm-none-eabi/lib/thumb/v7e-m/fpv4-sp/hard\libm.a(lib_a-sf_copysign.o)
 .debug_frame   0x000013c8       0xac f:/programs/eclipse/eclipse-oxygen/plugins/fr.ac6.mcu.externaltools.arm-none.win32_1.17.0.201812190825/tools/compiler/bin/../lib/gcc/arm-none-eabi/7.3.1/thumb/v7e-m/fpv4-sp/hard\libgcc.a(_arm_addsubdf3.o)
 .debug_frame   0x00001474       0x24 f:/programs/eclipse/eclipse-oxygen/plugins/fr.ac6.mcu.externaltools.arm-none.win32_1.17.0.201812190825/tools/compiler/bin/../lib/gcc/arm-none-eabi/7.3.1/thumb/v7e-m/fpv4-sp/hard\libgcc.a(_arm_truncdfsf2.o)
 .debug_frame   0x00001498       0x2c f:/programs/eclipse/eclipse-oxygen/plugins/fr.ac6.mcu.externaltools.arm-none.win32_1.17.0.201812190825/tools/compiler/bin/../lib/gcc/arm-none-eabi/7.3.1/thumb/v7e-m/fpv4-sp/hard\libgcc.a(_aeabi_uldivmod.o)
 .debug_frame   0x000014c4       0x34 f:/programs/eclipse/eclipse-oxygen/plugins/fr.ac6.mcu.externaltools.arm-none.win32_1.17.0.201812190825/tools/compiler/bin/../lib/gcc/arm-none-eabi/7.3.1/thumb/v7e-m/fpv4-sp/hard\libgcc.a(_udivmoddi4.o)
 .debug_frame   0x000014f8       0x20 f:/programs/eclipse/eclipse-oxygen/plugins/fr.ac6.mcu.externaltools.arm-none.win32_1.17.0.201812190825/tools/compiler/bin/../lib/gcc/arm-none-eabi/7.3.1/../../../../arm-none-eabi/lib/thumb/v7e-m/fpv4-sp/hard\libc_nano.a(lib_a-errno.o)
 .debug_frame   0x00001518       0x2c f:/programs/eclipse/eclipse-oxygen/plugins/fr.ac6.mcu.externaltools.arm-none.win32_1.17.0.201812190825/tools/compiler/bin/../lib/gcc/arm-none-eabi/7.3.1/../../../../arm-none-eabi/lib/thumb/v7e-m/fpv4-sp/hard\libc_nano.a(lib_a-init.o)
 .debug_frame   0x00001544       0x20 f:/programs/eclipse/eclipse-oxygen/plugins/fr.ac6.mcu.externaltools.arm-none.win32_1.17.0.201812190825/tools/compiler/bin/../lib/gcc/arm-none-eabi/7.3.1/../../../../arm-none-eabi/lib/thumb/v7e-m/fpv4-sp/hard\libc_nano.a(lib_a-memset.o)
